08-25 22:32:38.053 20625 20625 D MailRenderTrace: mail=S01_3_1 t=61754522 thread=main layer=WV event=WV_FACTORY instance=8977f32 loadKey=none
08-25 22:32:38.058 20625 20625 D MailRenderTrace: mail=S01_3_1 t=61754527 thread=main layer=WV event=WV_COMPOSABLE_ENTER loadKey=none bodyLen=0
08-25 22:32:38.059 20625 20625 D MailRenderTrace: mail=S01_3_1 t=61754528 thread=main layer=WV event=WV_ON_RESUME hasWebView=true savedScrollY=0
08-25 22:32:38.059 20625 20625 D MailRenderTrace: mail=S01_3_1 t=61754528 thread=main layer=WV event=WV_RESUME_VISUAL_SKIPPED reason=no_active_document
08-25 22:32:38.061 20625 20625 D MailRenderTrace: mail=S01_3_1 t=61754529 thread=main layer=WV event=WV_UPDATE action=wait reason=body_pending
08-25 22:32:38.061 20625 20625 D MailRenderTrace: mail=S01_3_1 t=61754530 thread=main layer=WV event=WV_ATTACHED instance=8977f32 width=0 height=0
08-25 22:32:38.071 20625 20625 D MailRenderTrace: mail=S01_3_1 t=61754540 thread=main layer=WV event=HTML_BUILD_WAITING reason=body_pending
08-25 22:32:38.209 20625 20625 D MailRenderTrace: mail=S01_3_1 t=61754678 thread=main layer=WV event=WV_UPDATE action=wait reason=html_pending:-263468103_true_false_-460289_-15131616_-15043608
08-25 22:32:38.211 20625 20641 D MailRenderTrace: mail=S01_3_1 t=61754679 thread=DefaultDispatcher-worker-1 layer=WV event=HTML_BUILD_START loadKey=-263468103_true_false_-460289_-15131616_-15043608 bodyLen=113
08-25 22:32:38.229 20625 20641 D MailRenderTrace: mail=S01_3_1 t=61754697 thread=DefaultDispatcher-worker-1 layer=WV event=HTML_BUILD_END loadKey=-263468103_true_false_-460289_-15131616_-15043608 htmlLen=1152 durationMs=18
08-25 22:32:38.233 20625 20625 D MailRenderTrace: mail=S01_3_1 t=61754702 thread=main layer=WV event=HTML_BUILD_READY loadKey=-263468103_true_false_-460289_-15131616_-15043608 htmlLen=1152
08-25 22:32:38.234 20625 20625 D MailRenderTrace: mail=S01_3_1 t=61754702 thread=main layer=WV event=WV_UPDATE action=load previousKey=none loadKey=-263468103_true_false_-460289_-15131616_-15043608 htmlLen=1152
08-25 22:32:38.238 20625 20625 D MailRenderTrace: mail=S01_3_1 t=61754707 thread=main layer=WV event=WV_LOAD_DATA loadKey=-263468103_true_false_-460289_-15131616_-15043608 htmlLen=1152
08-25 22:32:38.252 20625 20625 D MailRenderTrace: mail=S01_3_1 t=61754721 thread=main layer=WV event=WV_PROGRESS loadKey=-263468103_true_false_-460289_-15131616_-15043608 progress=10 milestone=0
08-25 22:32:38.253 20625 20625 D MailRenderTrace: mail=S01_3_1 t=61754721 thread=main layer=WV event=WV_UPDATE action=skip loadKey=-263468103_true_false_-460289_-15131616_-15043608 reason=already_loaded
08-25 22:32:38.259 20625 20625 D MailRenderTrace: mail=S01_3_1 t=61754728 thread=main layer=WV event=WV_PAGE_STARTED loadKey=-263468103_true_false_-460289_-15131616_-15043608
08-25 22:32:38.263 20625 20625 D MailRenderTrace: mail=S01_3_1 t=61754732 thread=main layer=WV event=WV_PROGRESS loadKey=-263468103_true_false_-460289_-15131616_-15043608 progress=100 milestone=100
08-25 22:32:38.264 20625 20625 D MailRenderTrace: mail=S01_3_1 t=61754732 thread=main layer=WV event=WV_PAGE_FINISHED loadKey=-263468103_true_false_-460289_-15131616_-15043608
08-25 22:32:38.264 20625 20625 D MailRenderTrace: mail=S01_3_1 t=61754732 thread=main layer=WV event=WV_VISUAL_REQUESTED loadKey=-263468103_true_false_-460289_-15131616_-15043608
08-25 22:32:38.287 20625 20625 D MailRenderTrace: mail=S01_3_1 t=61754756 thread=main layer=WV event=WV_COMMIT_VISIBLE loadKey=-263468103_true_false_-460289_-15131616_-15043608
08-25 22:32:38.288 20625 20625 D MailRenderTrace: mail=S01_3_1 t=61754756 thread=main layer=WV event=WV_VISUAL_CALLBACK loadKey=-263468103_true_false_-460289_-15131616_-15043608 requestId=0
08-25 22:32:38.288 20625 20625 D MailRenderTrace: mail=S01_3_1 t=61754756 thread=main layer=WV event=WV_SCROLL_RESTORE_POSTED loadKey=-263468103_true_false_-460289_-15131616_-15043608 scrollY=0
08-25 22:32:38.288 20625 20625 D MailRenderTrace: mail=S01_3_1 t=61754757 thread=main layer=WV event=WV_SCROLL_RESTORE_APPLIED loadKey=-263468103_true_false_-460289_-15131616_-15043608 scrollY=0
08-25 22:32:38.288 20625 20625 D MailRenderTrace: mail=S01_3_1 t=61754757 thread=main layer=WV event=WV_PAGE_RENDERED_DISPATCH loadKey=-263468103_true_false_-460289_-15131616_-15043608
