08-25 15:49:17.620 11153 11153 D MailRenderTrace: mail=S01_3_1 t=1951944 thread=main layer=WV event=WV_FACTORY instance=fc4bf4 loadKey=none
08-25 15:49:17.625 11153 11153 D MailRenderTrace: mail=S01_3_1 t=1951949 thread=main layer=WV event=WV_COMPOSABLE_ENTER loadKey=none bodyLen=0
08-25 15:49:17.625 11153 11153 D MailRenderTrace: mail=S01_3_1 t=1951949 thread=main layer=WV event=WV_ON_RESUME hasWebView=true savedScrollY=0
08-25 15:49:17.625 11153 11153 D MailRenderTrace: mail=S01_3_1 t=1951949 thread=main layer=WV event=WV_RESUME_VISUAL_SKIPPED reason=no_active_document
08-25 15:49:17.626 11153 11153 D MailRenderTrace: mail=S01_3_1 t=1951950 thread=main layer=WV event=WV_UPDATE action=wait reason=body_pending
08-25 15:49:17.627 11153 11153 D MailRenderTrace: mail=S01_3_1 t=1951951 thread=main layer=WV event=WV_ATTACHED instance=fc4bf4 width=0 height=0
08-25 15:49:17.665 11153 11153 D MailRenderTrace: mail=S01_3_1 t=1951989 thread=main layer=WV event=HTML_BUILD_WAITING reason=body_pending
08-25 15:49:17.822 11153 11153 D MailRenderTrace: mail=S01_3_1 t=1952146 thread=main layer=WV event=WV_UPDATE action=wait reason=html_pending:-263468103_true_false_-460289_-15131616_-15043608
08-25 15:49:17.823 11153 11310 D MailRenderTrace: mail=S01_3_1 t=1952147 thread=DefaultDispatcher-worker-1 layer=WV event=HTML_BUILD_START loadKey=-263468103_true_false_-460289_-15131616_-15043608 bodyLen=113
08-25 15:49:17.826 11153 11310 D MailRenderTrace: mail=S01_3_1 t=1952150 thread=DefaultDispatcher-worker-1 layer=WV event=HTML_BUILD_END loadKey=-263468103_true_false_-460289_-15131616_-15043608 htmlLen=1152 durationMs=3
08-25 15:49:17.846 11153 11153 D MailRenderTrace: mail=S01_3_1 t=1952170 thread=main layer=WV event=HTML_BUILD_READY loadKey=-263468103_true_false_-460289_-15131616_-15043608 htmlLen=1152
08-25 15:49:17.847 11153 11153 D MailRenderTrace: mail=S01_3_1 t=1952171 thread=main layer=WV event=WV_UPDATE action=load previousKey=none loadKey=-263468103_true_false_-460289_-15131616_-15043608 htmlLen=1152
08-25 15:49:17.849 11153 11153 D MailRenderTrace: mail=S01_3_1 t=1952173 thread=main layer=WV event=WV_LOAD_DATA loadKey=-263468103_true_false_-460289_-15131616_-15043608 htmlLen=1152
08-25 15:49:17.857 11153 11153 D MailRenderTrace: mail=S01_3_1 t=1952181 thread=main layer=WV event=WV_PROGRESS loadKey=-263468103_true_false_-460289_-15131616_-15043608 progress=10 milestone=0
08-25 15:49:17.858 11153 11153 D MailRenderTrace: mail=S01_3_1 t=1952182 thread=main layer=WV event=WV_UPDATE action=skip loadKey=-263468103_true_false_-460289_-15131616_-15043608 reason=already_loaded
08-25 15:49:18.019 11153 11153 D MailRenderTrace: mail=S01_3_1 t=1952343 thread=main layer=WV event=WV_PAGE_STARTED loadKey=-263468103_true_false_-460289_-15131616_-15043608
08-25 15:49:18.021 11153 11153 D MailRenderTrace: mail=S01_3_1 t=1952345 thread=main layer=WV event=WV_PROGRESS loadKey=-263468103_true_false_-460289_-15131616_-15043608 progress=70 milestone=50
08-25 15:49:18.118 11153 11153 D MailRenderTrace: mail=S01_3_1 t=1952442 thread=main layer=WV event=WV_PROGRESS loadKey=-263468103_true_false_-460289_-15131616_-15043608 progress=100 milestone=100
08-25 15:49:18.119 11153 11153 D MailRenderTrace: mail=S01_3_1 t=1952443 thread=main layer=WV event=WV_PAGE_FINISHED loadKey=-263468103_true_false_-460289_-15131616_-15043608
08-25 15:49:18.119 11153 11153 D MailRenderTrace: mail=S01_3_1 t=1952443 thread=main layer=WV event=WV_VISUAL_REQUESTED loadKey=-263468103_true_false_-460289_-15131616_-15043608
08-25 15:49:18.123 11153 11153 D MailRenderTrace: mail=S01_3_1 t=1952447 thread=main layer=WV event=WV_COMMIT_VISIBLE loadKey=-263468103_true_false_-460289_-15131616_-15043608
08-25 15:49:18.123 11153 11153 D MailRenderTrace: mail=S01_3_1 t=1952447 thread=main layer=WV event=WV_VISUAL_CALLBACK loadKey=-263468103_true_false_-460289_-15131616_-15043608 requestId=0
08-25 15:49:18.123 11153 11153 D MailRenderTrace: mail=S01_3_1 t=1952447 thread=main layer=WV event=WV_SCROLL_RESTORE_POSTED loadKey=-263468103_true_false_-460289_-15131616_-15043608 scrollY=0
08-25 15:49:18.124 11153 11153 D MailRenderTrace: mail=S01_3_1 t=1952448 thread=main layer=WV event=WV_SCROLL_RESTORE_APPLIED loadKey=-263468103_true_false_-460289_-15131616_-15043608 scrollY=0
08-25 15:49:18.124 11153 11153 D MailRenderTrace: mail=S01_3_1 t=1952448 thread=main layer=WV event=WV_PAGE_RENDERED_DISPATCH loadKey=-263468103_true_false_-460289_-15131616_-15043608
