08-25 15:49:28.320 11153 11153 D MailRenderTrace: mail=S02_3_1 t=1962644 thread=main layer=WV event=WV_FACTORY instance=ae15f89 loadKey=-263468103_true_false_-460289_-15131616_-15043608
08-25 15:49:28.323 11153 11153 D MailRenderTrace: mail=S02_3_1 t=1962647 thread=main layer=WV event=WV_COMPOSABLE_ENTER loadKey=-263468103_true_false_-460289_-15131616_-15043608 bodyLen=113
08-25 15:49:28.323 11153 11153 D MailRenderTrace: mail=S02_3_1 t=1962647 thread=main layer=WV event=WV_ON_RESUME hasWebView=true savedScrollY=0
08-25 15:49:28.324 11153 11153 D MailRenderTrace: mail=S02_3_1 t=1962648 thread=main layer=WV event=WV_RESUME_VISUAL_SKIPPED reason=no_active_document
08-25 15:49:28.324 11153 11153 D MailRenderTrace: mail=S02_3_1 t=1962648 thread=main layer=WV event=WV_UPDATE action=wait reason=html_pending:-263468103_true_false_-460289_-15131616_-15043608
08-25 15:49:28.325 11153 11153 D MailRenderTrace: mail=S02_3_1 t=1962649 thread=main layer=WV event=WV_ATTACHED instance=ae15f89 width=0 height=0
08-25 15:49:28.390 11153 11310 D MailRenderTrace: mail=S02_3_1 t=1962714 thread=DefaultDispatcher-worker-1 layer=WV event=HTML_BUILD_START loadKey=-263468103_true_false_-460289_-15131616_-15043608 bodyLen=113
08-25 15:49:28.414 11153 11310 D MailRenderTrace: mail=S02_3_1 t=1962738 thread=DefaultDispatcher-worker-1 layer=WV event=HTML_BUILD_END loadKey=-263468103_true_false_-460289_-15131616_-15043608 htmlLen=1152 durationMs=24
08-25 15:49:28.457 11153 11153 D MailRenderTrace: mail=S02_3_1 t=1962781 thread=main layer=WV event=HTML_BUILD_READY loadKey=-263468103_true_false_-460289_-15131616_-15043608 htmlLen=1152
08-25 15:49:28.457 11153 11153 D MailRenderTrace: mail=S02_3_1 t=1962781 thread=main layer=WV event=WV_UPDATE action=load previousKey=none loadKey=-263468103_true_false_-460289_-15131616_-15043608 htmlLen=1152
08-25 15:49:28.459 11153 11153 D MailRenderTrace: mail=S02_3_1 t=1962784 thread=main layer=WV event=WV_LOAD_DATA loadKey=-263468103_true_false_-460289_-15131616_-15043608 htmlLen=1152
08-25 15:49:28.464 11153 11153 D MailRenderTrace: mail=S02_3_1 t=1962788 thread=main layer=WV event=WV_PROGRESS loadKey=-263468103_true_false_-460289_-15131616_-15043608 progress=10 milestone=0
08-25 15:49:28.468 11153 11153 D MailRenderTrace: mail=S02_3_1 t=1962792 thread=main layer=WV event=WV_UPDATE action=skip loadKey=-263468103_true_false_-460289_-15131616_-15043608 reason=already_loaded
08-25 15:49:28.623 11153 11153 D MailRenderTrace: mail=S02_3_1 t=1962947 thread=main layer=WV event=WV_PAGE_STARTED loadKey=-263468103_true_false_-460289_-15131616_-15043608
08-25 15:49:28.628 11153 11153 D MailRenderTrace: mail=S02_3_1 t=1962952 thread=main layer=WV event=WV_PROGRESS loadKey=-263468103_true_false_-460289_-15131616_-15043608 progress=70 milestone=50
08-25 15:49:28.721 11153 11153 D MailRenderTrace: mail=S02_3_1 t=1963045 thread=main layer=WV event=WV_PROGRESS loadKey=-263468103_true_false_-460289_-15131616_-15043608 progress=100 milestone=100
08-25 15:49:28.722 11153 11153 D MailRenderTrace: mail=S02_3_1 t=1963046 thread=main layer=WV event=WV_PAGE_FINISHED loadKey=-263468103_true_false_-460289_-15131616_-15043608
08-25 15:49:28.722 11153 11153 D MailRenderTrace: mail=S02_3_1 t=1963046 thread=main layer=WV event=WV_VISUAL_REQUESTED loadKey=-263468103_true_false_-460289_-15131616_-15043608
08-25 15:49:28.723 11153 11153 D MailRenderTrace: mail=S02_3_1 t=1963047 thread=main layer=WV event=WV_COMMIT_VISIBLE loadKey=-263468103_true_false_-460289_-15131616_-15043608
08-25 15:49:28.725 11153 11153 D MailRenderTrace: mail=S02_3_1 t=1963049 thread=main layer=WV event=WV_VISUAL_CALLBACK loadKey=-263468103_true_false_-460289_-15131616_-15043608 requestId=0
08-25 15:49:28.725 11153 11153 D MailRenderTrace: mail=S02_3_1 t=1963049 thread=main layer=WV event=WV_SCROLL_RESTORE_POSTED loadKey=-263468103_true_false_-460289_-15131616_-15043608 scrollY=0
08-25 15:49:28.725 11153 11153 D MailRenderTrace: mail=S02_3_1 t=1963049 thread=main layer=WV event=WV_SCROLL_RESTORE_APPLIED loadKey=-263468103_true_false_-460289_-15131616_-15043608 scrollY=0
08-25 15:49:28.725 11153 11153 D MailRenderTrace: mail=S02_3_1 t=1963050 thread=main layer=WV event=WV_PAGE_RENDERED_DISPATCH loadKey=-263468103_true_false_-460289_-15131616_-15043608
