08-25 22:32:50.084 20625 20625 D MailRenderTrace: mail=S02_3_1 t=61766553 thread=main layer=WV event=WV_FACTORY instance=e6ad958 loadKey=-263468103_true_false_-460289_-15131616_-15043608
08-25 22:32:50.087 20625 20625 D MailRenderTrace: mail=S02_3_1 t=61766556 thread=main layer=WV event=WV_COMPOSABLE_ENTER loadKey=-263468103_true_false_-460289_-15131616_-15043608 bodyLen=113
08-25 22:32:50.087 20625 20625 D MailRenderTrace: mail=S02_3_1 t=61766556 thread=main layer=WV event=WV_ON_RESUME hasWebView=true savedScrollY=0
08-25 22:32:50.087 20625 20625 D MailRenderTrace: mail=S02_3_1 t=61766556 thread=main layer=WV event=WV_RESUME_VISUAL_SKIPPED reason=no_active_document
08-25 22:32:50.088 20625 20625 D MailRenderTrace: mail=S02_3_1 t=61766556 thread=main layer=WV event=WV_UPDATE action=wait reason=html_pending:-263468103_true_false_-460289_-15131616_-15043608
08-25 22:32:50.088 20625 20625 D MailRenderTrace: mail=S02_3_1 t=61766557 thread=main layer=WV event=WV_ATTACHED instance=e6ad958 width=0 height=0
08-25 22:32:50.097 20625 20641 D MailRenderTrace: mail=S02_3_1 t=61766566 thread=DefaultDispatcher-worker-1 layer=WV event=HTML_BUILD_START loadKey=-263468103_true_false_-460289_-15131616_-15043608 bodyLen=113
08-25 22:32:50.106 20625 20641 D MailRenderTrace: mail=S02_3_1 t=61766574 thread=DefaultDispatcher-worker-1 layer=WV event=HTML_BUILD_END loadKey=-263468103_true_false_-460289_-15131616_-15043608 htmlLen=1152 durationMs=8
08-25 22:32:50.110 20625 20625 D MailRenderTrace: mail=S02_3_1 t=61766579 thread=main layer=WV event=HTML_BUILD_READY loadKey=-263468103_true_false_-460289_-15131616_-15043608 htmlLen=1152
08-25 22:32:50.111 20625 20625 D MailRenderTrace: mail=S02_3_1 t=61766580 thread=main layer=WV event=WV_UPDATE action=load previousKey=none loadKey=-263468103_true_false_-460289_-15131616_-15043608 htmlLen=1152
08-25 22:32:50.118 20625 20625 D MailRenderTrace: mail=S02_3_1 t=61766586 thread=main layer=WV event=WV_LOAD_DATA loadKey=-263468103_true_false_-460289_-15131616_-15043608 htmlLen=1152
08-25 22:32:50.123 20625 20625 D MailRenderTrace: mail=S02_3_1 t=61766592 thread=main layer=WV event=WV_PROGRESS loadKey=-263468103_true_false_-460289_-15131616_-15043608 progress=10 milestone=0
08-25 22:32:50.126 20625 20625 D MailRenderTrace: mail=S02_3_1 t=61766594 thread=main layer=WV event=WV_UPDATE action=skip loadKey=-263468103_true_false_-460289_-15131616_-15043608 reason=already_loaded
08-25 22:32:50.134 20625 20625 D MailRenderTrace: mail=S02_3_1 t=61766602 thread=main layer=WV event=WV_PAGE_STARTED loadKey=-263468103_true_false_-460289_-15131616_-15043608
08-25 22:32:50.138 20625 20625 D MailRenderTrace: mail=S02_3_1 t=61766607 thread=main layer=WV event=WV_PROGRESS loadKey=-263468103_true_false_-460289_-15131616_-15043608 progress=100 milestone=100
08-25 22:32:50.138 20625 20625 D MailRenderTrace: mail=S02_3_1 t=61766607 thread=main layer=WV event=WV_PAGE_FINISHED loadKey=-263468103_true_false_-460289_-15131616_-15043608
08-25 22:32:50.139 20625 20625 D MailRenderTrace: mail=S02_3_1 t=61766607 thread=main layer=WV event=WV_VISUAL_REQUESTED loadKey=-263468103_true_false_-460289_-15131616_-15043608
08-25 22:32:50.147 20625 20625 D MailRenderTrace: mail=S02_3_1 t=61766615 thread=main layer=WV event=WV_COMMIT_VISIBLE loadKey=-263468103_true_false_-460289_-15131616_-15043608
08-25 22:32:50.147 20625 20625 D MailRenderTrace: mail=S02_3_1 t=61766616 thread=main layer=WV event=WV_VISUAL_CALLBACK loadKey=-263468103_true_false_-460289_-15131616_-15043608 requestId=0
08-25 22:32:50.147 20625 20625 D MailRenderTrace: mail=S02_3_1 t=61766616 thread=main layer=WV event=WV_SCROLL_RESTORE_POSTED loadKey=-263468103_true_false_-460289_-15131616_-15043608 scrollY=0
08-25 22:32:50.148 20625 20625 D MailRenderTrace: mail=S02_3_1 t=61766616 thread=main layer=WV event=WV_SCROLL_RESTORE_APPLIED loadKey=-263468103_true_false_-460289_-15131616_-15043608 scrollY=0
08-25 22:32:50.148 20625 20625 D MailRenderTrace: mail=S02_3_1 t=61766616 thread=main layer=WV event=WV_PAGE_RENDERED_DISPATCH loadKey=-263468103_true_false_-460289_-15131616_-15043608
