08-25 22:31:54.834 20625 20625 D MailRenderTrace: mail=S03_3_1 t=61711303 thread=main layer=WV event=WV_FACTORY instance=ded15b9 loadKey=-263468103_true_true_-15789028_-1907991_-5715974
08-25 22:31:54.843 20625 20625 D MailRenderTrace: mail=S03_3_1 t=61711311 thread=main layer=WV event=WV_COMPOSABLE_ENTER loadKey=-263468103_true_true_-15789028_-1907991_-5715974 bodyLen=113
08-25 22:31:54.843 20625 20625 D MailRenderTrace: mail=S03_3_1 t=61711312 thread=main layer=WV event=WV_ON_RESUME hasWebView=true savedScrollY=0
08-25 22:31:54.843 20625 20625 D MailRenderTrace: mail=S03_3_1 t=61711312 thread=main layer=WV event=WV_RESUME_VISUAL_SKIPPED reason=no_active_document
08-25 22:31:54.844 20625 20625 D MailRenderTrace: mail=S03_3_1 t=61711312 thread=main layer=WV event=WV_UPDATE action=wait reason=html_pending:-263468103_true_true_-15789028_-1907991_-5715974
08-25 22:31:54.844 20625 20625 D MailRenderTrace: mail=S03_3_1 t=61711313 thread=main layer=WV event=WV_ATTACHED instance=ded15b9 width=0 height=0
08-25 22:31:54.887 20625 20641 D MailRenderTrace: mail=S03_3_1 t=61711356 thread=DefaultDispatcher-worker-1 layer=WV event=HTML_BUILD_START loadKey=-263468103_true_true_-15789028_-1907991_-5715974 bodyLen=113
08-25 22:31:54.931 20625 20641 D MailRenderTrace: mail=S03_3_1 t=61711400 thread=DefaultDispatcher-worker-1 layer=WV event=HTML_BUILD_END loadKey=-263468103_true_true_-15789028_-1907991_-5715974 htmlLen=1152 durationMs=44
08-25 22:31:54.963 20625 20625 D MailRenderTrace: mail=S03_3_1 t=61711432 thread=main layer=WV event=HTML_BUILD_READY loadKey=-263468103_true_true_-15789028_-1907991_-5715974 htmlLen=1152
08-25 22:31:54.964 20625 20625 D MailRenderTrace: mail=S03_3_1 t=61711432 thread=main layer=WV event=WV_UPDATE action=load previousKey=none loadKey=-263468103_true_true_-15789028_-1907991_-5715974 htmlLen=1152
08-25 22:31:54.969 20625 20625 D MailRenderTrace: mail=S03_3_1 t=61711437 thread=main layer=WV event=WV_LOAD_DATA loadKey=-263468103_true_true_-15789028_-1907991_-5715974 htmlLen=1152
08-25 22:31:54.988 20625 20625 D MailRenderTrace: mail=S03_3_1 t=61711457 thread=main layer=WV event=WV_PROGRESS loadKey=-263468103_true_true_-15789028_-1907991_-5715974 progress=10 milestone=0
08-25 22:31:54.989 20625 20625 D MailRenderTrace: mail=S03_3_1 t=61711457 thread=main layer=WV event=WV_UPDATE action=skip loadKey=-263468103_true_true_-15789028_-1907991_-5715974 reason=already_loaded
08-25 22:31:55.349 20625 20625 D MailRenderTrace: mail=S03_3_1 t=61711818 thread=main layer=WV event=WV_PAGE_STARTED loadKey=-263468103_true_true_-15789028_-1907991_-5715974
08-25 22:31:55.349 20625 20625 D MailRenderTrace: mail=S03_3_1 t=61711818 thread=main layer=WV event=WV_PROGRESS loadKey=-263468103_true_true_-15789028_-1907991_-5715974 progress=70 milestone=50
08-25 22:31:55.351 20625 20625 D MailRenderTrace: mail=S03_3_1 t=61711819 thread=main layer=WV event=WV_PROGRESS loadKey=-263468103_true_true_-15789028_-1907991_-5715974 progress=100 milestone=100
08-25 22:31:55.351 20625 20625 D MailRenderTrace: mail=S03_3_1 t=61711820 thread=main layer=WV event=WV_PAGE_FINISHED loadKey=-263468103_true_true_-15789028_-1907991_-5715974
08-25 22:31:55.351 20625 20625 D MailRenderTrace: mail=S03_3_1 t=61711820 thread=main layer=WV event=WV_VISUAL_REQUESTED loadKey=-263468103_true_true_-15789028_-1907991_-5715974
08-25 22:31:55.358 20625 20625 D MailRenderTrace: mail=S03_3_1 t=61711826 thread=main layer=WV event=WV_COMMIT_VISIBLE loadKey=-263468103_true_true_-15789028_-1907991_-5715974
08-25 22:31:55.358 20625 20625 D MailRenderTrace: mail=S03_3_1 t=61711827 thread=main layer=WV event=WV_VISUAL_CALLBACK loadKey=-263468103_true_true_-15789028_-1907991_-5715974 requestId=0
08-25 22:31:55.359 20625 20625 D MailRenderTrace: mail=S03_3_1 t=61711827 thread=main layer=WV event=WV_SCROLL_RESTORE_POSTED loadKey=-263468103_true_true_-15789028_-1907991_-5715974 scrollY=0
08-25 22:31:55.359 20625 20625 D MailRenderTrace: mail=S03_3_1 t=61711828 thread=main layer=WV event=WV_SCROLL_RESTORE_APPLIED loadKey=-263468103_true_true_-15789028_-1907991_-5715974 scrollY=0
08-25 22:31:55.360 20625 20625 D MailRenderTrace: mail=S03_3_1 t=61711828 thread=main layer=WV event=WV_PAGE_RENDERED_DISPATCH loadKey=-263468103_true_true_-15789028_-1907991_-5715974
