08-25 15:48:30.552 11153 11153 D MailRenderTrace: mail=S03_3_1 t=1904876 thread=main layer=WV event=WV_FACTORY instance=874aaf loadKey=-263468103_true_true_-15789028_-1907991_-5715974
08-25 15:48:30.571 11153 11153 D MailRenderTrace: mail=S03_3_1 t=1904895 thread=main layer=WV event=WV_COMPOSABLE_ENTER loadKey=-263468103_true_true_-15789028_-1907991_-5715974 bodyLen=113
08-25 15:48:30.572 11153 11153 D MailRenderTrace: mail=S03_3_1 t=1904896 thread=main layer=WV event=WV_ON_RESUME hasWebView=true savedScrollY=0
08-25 15:48:30.572 11153 11153 D MailRenderTrace: mail=S03_3_1 t=1904896 thread=main layer=WV event=WV_RESUME_VISUAL_SKIPPED reason=no_active_document
08-25 15:48:30.574 11153 11153 D MailRenderTrace: mail=S03_3_1 t=1904898 thread=main layer=WV event=WV_UPDATE action=wait reason=html_pending:-263468103_true_true_-15789028_-1907991_-5715974
08-25 15:48:30.575 11153 11153 D MailRenderTrace: mail=S03_3_1 t=1904899 thread=main layer=WV event=WV_ATTACHED instance=874aaf width=0 height=0
08-25 15:48:31.037 11153 11310 D MailRenderTrace: mail=S03_3_1 t=1905361 thread=DefaultDispatcher-worker-1 layer=WV event=HTML_BUILD_START loadKey=-263468103_true_true_-15789028_-1907991_-5715974 bodyLen=113
08-25 15:48:31.156 11153 11310 D MailRenderTrace: mail=S03_3_1 t=1905480 thread=DefaultDispatcher-worker-1 layer=WV event=HTML_BUILD_END loadKey=-263468103_true_true_-15789028_-1907991_-5715974 htmlLen=1152 durationMs=119
08-25 15:48:31.187 11153 11153 D MailRenderTrace: mail=S03_3_1 t=1905511 thread=main layer=WV event=HTML_BUILD_READY loadKey=-263468103_true_true_-15789028_-1907991_-5715974 htmlLen=1152
08-25 15:48:31.190 11153 11153 D MailRenderTrace: mail=S03_3_1 t=1905514 thread=main layer=WV event=WV_UPDATE action=load previousKey=none loadKey=-263468103_true_true_-15789028_-1907991_-5715974 htmlLen=1152
08-25 15:48:31.198 11153 11153 D MailRenderTrace: mail=S03_3_1 t=1905522 thread=main layer=WV event=WV_LOAD_DATA loadKey=-263468103_true_true_-15789028_-1907991_-5715974 htmlLen=1152
08-25 15:48:31.261 11153 11153 D MailRenderTrace: mail=S03_3_1 t=1905585 thread=main layer=WV event=WV_PROGRESS loadKey=-263468103_true_true_-15789028_-1907991_-5715974 progress=10 milestone=0
08-25 15:48:31.262 11153 11153 D MailRenderTrace: mail=S03_3_1 t=1905586 thread=main layer=WV event=WV_UPDATE action=skip loadKey=-263468103_true_true_-15789028_-1907991_-5715974 reason=already_loaded
08-25 15:48:31.532 11153 11153 D MailRenderTrace: mail=S03_3_1 t=1905856 thread=main layer=WV event=WV_PAGE_STARTED loadKey=-263468103_true_true_-15789028_-1907991_-5715974
08-25 15:48:31.534 11153 11153 D MailRenderTrace: mail=S03_3_1 t=1905858 thread=main layer=WV event=WV_PROGRESS loadKey=-263468103_true_true_-15789028_-1907991_-5715974 progress=70 milestone=50
08-25 15:48:31.678 11153 11153 D MailRenderTrace: mail=S03_3_1 t=1906002 thread=main layer=WV event=WV_PROGRESS loadKey=-263468103_true_true_-15789028_-1907991_-5715974 progress=80 milestone=75
08-25 15:48:31.727 11153 11153 D MailRenderTrace: mail=S03_3_1 t=1906051 thread=main layer=WV event=WV_PROGRESS loadKey=-263468103_true_true_-15789028_-1907991_-5715974 progress=100 milestone=100
08-25 15:48:31.727 11153 11153 D MailRenderTrace: mail=S03_3_1 t=1906051 thread=main layer=WV event=WV_PAGE_FINISHED loadKey=-263468103_true_true_-15789028_-1907991_-5715974
08-25 15:48:31.728 11153 11153 D MailRenderTrace: mail=S03_3_1 t=1906052 thread=main layer=WV event=WV_VISUAL_REQUESTED loadKey=-263468103_true_true_-15789028_-1907991_-5715974
08-25 15:48:31.738 11153 11153 D MailRenderTrace: mail=S03_3_1 t=1906062 thread=main layer=WV event=WV_COMMIT_VISIBLE loadKey=-263468103_true_true_-15789028_-1907991_-5715974
08-25 15:48:31.739 11153 11153 D MailRenderTrace: mail=S03_3_1 t=1906063 thread=main layer=WV event=WV_VISUAL_CALLBACK loadKey=-263468103_true_true_-15789028_-1907991_-5715974 requestId=0
08-25 15:48:31.739 11153 11153 D MailRenderTrace: mail=S03_3_1 t=1906064 thread=main layer=WV event=WV_SCROLL_RESTORE_POSTED loadKey=-263468103_true_true_-15789028_-1907991_-5715974 scrollY=0
08-25 15:48:31.741 11153 11153 D MailRenderTrace: mail=S03_3_1 t=1906065 thread=main layer=WV event=WV_SCROLL_RESTORE_APPLIED loadKey=-263468103_true_true_-15789028_-1907991_-5715974 scrollY=0
08-25 15:48:31.741 11153 11153 D MailRenderTrace: mail=S03_3_1 t=1906065 thread=main layer=WV event=WV_PAGE_RENDERED_DISPATCH loadKey=-263468103_true_true_-15789028_-1907991_-5715974
