08-25 22:32:04.096 20625 20625 D MailRenderTrace: mail=S04_3_1 t=61720564 thread=main layer=WV event=WV_FACTORY instance=23ecb0d loadKey=-1886015810_true_false_-460289_-15131616_-15043608
08-25 22:32:04.102 20625 20625 D MailRenderTrace: mail=S04_3_1 t=61720571 thread=main layer=WV event=WV_COMPOSABLE_ENTER loadKey=-1886015810_true_false_-460289_-15131616_-15043608 bodyLen=1244
08-25 22:32:04.103 20625 20625 D MailRenderTrace: mail=S04_3_1 t=61720572 thread=main layer=WV event=WV_ON_RESUME hasWebView=true savedScrollY=0
08-25 22:32:04.103 20625 20625 D MailRenderTrace: mail=S04_3_1 t=61720572 thread=main layer=WV event=WV_RESUME_VISUAL_SKIPPED reason=no_active_document
08-25 22:32:04.105 20625 20625 D MailRenderTrace: mail=S04_3_1 t=61720573 thread=main layer=WV event=WV_UPDATE action=wait reason=html_pending:-1886015810_true_false_-460289_-15131616_-15043608
08-25 22:32:04.105 20625 20625 D MailRenderTrace: mail=S04_3_1 t=61720574 thread=main layer=WV event=WV_ATTACHED instance=23ecb0d width=0 height=0
08-25 22:32:04.117 20625 20641 D MailRenderTrace: mail=S04_3_1 t=61720586 thread=DefaultDispatcher-worker-1 layer=WV event=HTML_BUILD_START loadKey=-1886015810_true_false_-460289_-15131616_-15043608 bodyLen=1244
08-25 22:32:04.137 20625 20641 D MailRenderTrace: mail=S04_3_1 t=61720605 thread=DefaultDispatcher-worker-1 layer=WV event=HTML_BUILD_END loadKey=-1886015810_true_false_-460289_-15131616_-15043608 htmlLen=2184 durationMs=19
08-25 22:32:04.137 20625 20625 D MailRenderTrace: mail=S04_3_1 t=61720606 thread=main layer=WV event=HTML_BUILD_READY loadKey=-1886015810_true_false_-460289_-15131616_-15043608 htmlLen=2184
08-25 22:32:04.138 20625 20625 D MailRenderTrace: mail=S04_3_1 t=61720606 thread=main layer=WV event=WV_UPDATE action=load previousKey=none loadKey=-1886015810_true_false_-460289_-15131616_-15043608 htmlLen=2184
08-25 22:32:04.142 20625 20625 D MailRenderTrace: mail=S04_3_1 t=61720610 thread=main layer=WV event=WV_LOAD_DATA loadKey=-1886015810_true_false_-460289_-15131616_-15043608 htmlLen=2184
08-25 22:32:04.149 20625 20625 D MailRenderTrace: mail=S04_3_1 t=61720617 thread=main layer=WV event=WV_PROGRESS loadKey=-1886015810_true_false_-460289_-15131616_-15043608 progress=10 milestone=0
08-25 22:32:04.149 20625 20625 D MailRenderTrace: mail=S04_3_1 t=61720617 thread=main layer=WV event=WV_UPDATE action=skip loadKey=-1886015810_true_false_-460289_-15131616_-15043608 reason=already_loaded
08-25 22:32:04.156 20625 20625 D MailRenderTrace: mail=S04_3_1 t=61720624 thread=main layer=WV event=WV_PAGE_STARTED loadKey=-1886015810_true_false_-460289_-15131616_-15043608
08-25 22:32:04.161 20625 20625 D MailRenderTrace: mail=S04_3_1 t=61720629 thread=main layer=WV event=WV_PROGRESS loadKey=-1886015810_true_false_-460289_-15131616_-15043608 progress=100 milestone=100
08-25 22:32:04.161 20625 20625 D MailRenderTrace: mail=S04_3_1 t=61720630 thread=main layer=WV event=WV_PAGE_FINISHED loadKey=-1886015810_true_false_-460289_-15131616_-15043608
08-25 22:32:04.161 20625 20625 D MailRenderTrace: mail=S04_3_1 t=61720630 thread=main layer=WV event=WV_VISUAL_REQUESTED loadKey=-1886015810_true_false_-460289_-15131616_-15043608
08-25 22:32:04.185 20625 20625 D MailRenderTrace: mail=S04_3_1 t=61720653 thread=main layer=WV event=WV_COMMIT_VISIBLE loadKey=-1886015810_true_false_-460289_-15131616_-15043608
08-25 22:32:04.185 20625 20625 D MailRenderTrace: mail=S04_3_1 t=61720654 thread=main layer=WV event=WV_VISUAL_CALLBACK loadKey=-1886015810_true_false_-460289_-15131616_-15043608 requestId=0
08-25 22:32:04.185 20625 20625 D MailRenderTrace: mail=S04_3_1 t=61720654 thread=main layer=WV event=WV_SCROLL_RESTORE_POSTED loadKey=-1886015810_true_false_-460289_-15131616_-15043608 scrollY=0
08-25 22:32:04.186 20625 20625 D MailRenderTrace: mail=S04_3_1 t=61720654 thread=main layer=WV event=WV_SCROLL_RESTORE_APPLIED loadKey=-1886015810_true_false_-460289_-15131616_-15043608 scrollY=0
08-25 22:32:04.186 20625 20625 D MailRenderTrace: mail=S04_3_1 t=61720654 thread=main layer=WV event=WV_PAGE_RENDERED_DISPATCH loadKey=-1886015810_true_false_-460289_-15131616_-15043608
