08-25 15:48:40.959 11153 11153 D MailRenderTrace: mail=S04_3_1 t=1915283 thread=main layer=WV event=WV_FACTORY instance=50fb213 loadKey=-1886015810_true_false_-460289_-15131616_-15043608
08-25 15:48:40.964 11153 11153 D MailRenderTrace: mail=S04_3_1 t=1915288 thread=main layer=WV event=WV_COMPOSABLE_ENTER loadKey=-1886015810_true_false_-460289_-15131616_-15043608 bodyLen=1244
08-25 15:48:40.965 11153 11153 D MailRenderTrace: mail=S04_3_1 t=1915289 thread=main layer=WV event=WV_ON_RESUME hasWebView=true savedScrollY=0
08-25 15:48:40.965 11153 11153 D MailRenderTrace: mail=S04_3_1 t=1915289 thread=main layer=WV event=WV_RESUME_VISUAL_SKIPPED reason=no_active_document
08-25 15:48:40.966 11153 11153 D MailRenderTrace: mail=S04_3_1 t=1915290 thread=main layer=WV event=WV_UPDATE action=wait reason=html_pending:-1886015810_true_false_-460289_-15131616_-15043608
08-25 15:48:40.967 11153 11153 D MailRenderTrace: mail=S04_3_1 t=1915291 thread=main layer=WV event=WV_ATTACHED instance=50fb213 width=0 height=0
08-25 15:48:41.018 11153 11310 D MailRenderTrace: mail=S04_3_1 t=1915342 thread=DefaultDispatcher-worker-1 layer=WV event=HTML_BUILD_START loadKey=-1886015810_true_false_-460289_-15131616_-15043608 bodyLen=1244
08-25 15:48:41.039 11153 11310 D MailRenderTrace: mail=S04_3_1 t=1915363 thread=DefaultDispatcher-worker-1 layer=WV event=HTML_BUILD_END loadKey=-1886015810_true_false_-460289_-15131616_-15043608 htmlLen=2184 durationMs=21
08-25 15:48:41.089 11153 11153 D MailRenderTrace: mail=S04_3_1 t=1915413 thread=main layer=WV event=HTML_BUILD_READY loadKey=-1886015810_true_false_-460289_-15131616_-15043608 htmlLen=2184
08-25 15:48:41.090 11153 11153 D MailRenderTrace: mail=S04_3_1 t=1915414 thread=main layer=WV event=WV_UPDATE action=load previousKey=none loadKey=-1886015810_true_false_-460289_-15131616_-15043608 htmlLen=2184
08-25 15:48:41.092 11153 11153 D MailRenderTrace: mail=S04_3_1 t=1915416 thread=main layer=WV event=WV_LOAD_DATA loadKey=-1886015810_true_false_-460289_-15131616_-15043608 htmlLen=2184
08-25 15:48:41.101 11153 11153 D MailRenderTrace: mail=S04_3_1 t=1915425 thread=main layer=WV event=WV_PROGRESS loadKey=-1886015810_true_false_-460289_-15131616_-15043608 progress=10 milestone=0
08-25 15:48:41.102 11153 11153 D MailRenderTrace: mail=S04_3_1 t=1915426 thread=main layer=WV event=WV_UPDATE action=skip loadKey=-1886015810_true_false_-460289_-15131616_-15043608 reason=already_loaded
08-25 15:48:41.295 11153 11153 D MailRenderTrace: mail=S04_3_1 t=1915619 thread=main layer=WV event=WV_PAGE_STARTED loadKey=-1886015810_true_false_-460289_-15131616_-15043608
08-25 15:48:41.296 11153 11153 D MailRenderTrace: mail=S04_3_1 t=1915620 thread=main layer=WV event=WV_PROGRESS loadKey=-1886015810_true_false_-460289_-15131616_-15043608 progress=70 milestone=50
08-25 15:48:41.410 11153 11153 D MailRenderTrace: mail=S04_3_1 t=1915734 thread=main layer=WV event=WV_PROGRESS loadKey=-1886015810_true_false_-460289_-15131616_-15043608 progress=100 milestone=100
08-25 15:48:41.410 11153 11153 D MailRenderTrace: mail=S04_3_1 t=1915734 thread=main layer=WV event=WV_PAGE_FINISHED loadKey=-1886015810_true_false_-460289_-15131616_-15043608
08-25 15:48:41.411 11153 11153 D MailRenderTrace: mail=S04_3_1 t=1915735 thread=main layer=WV event=WV_VISUAL_REQUESTED loadKey=-1886015810_true_false_-460289_-15131616_-15043608
08-25 15:48:41.416 11153 11153 D MailRenderTrace: mail=S04_3_1 t=1915740 thread=main layer=WV event=WV_COMMIT_VISIBLE loadKey=-1886015810_true_false_-460289_-15131616_-15043608
08-25 15:48:41.417 11153 11153 D MailRenderTrace: mail=S04_3_1 t=1915741 thread=main layer=WV event=WV_VISUAL_CALLBACK loadKey=-1886015810_true_false_-460289_-15131616_-15043608 requestId=0
08-25 15:48:41.417 11153 11153 D MailRenderTrace: mail=S04_3_1 t=1915741 thread=main layer=WV event=WV_SCROLL_RESTORE_POSTED loadKey=-1886015810_true_false_-460289_-15131616_-15043608 scrollY=0
08-25 15:48:41.417 11153 11153 D MailRenderTrace: mail=S04_3_1 t=1915741 thread=main layer=WV event=WV_SCROLL_RESTORE_APPLIED loadKey=-1886015810_true_false_-460289_-15131616_-15043608 scrollY=0
08-25 15:48:41.418 11153 11153 D MailRenderTrace: mail=S04_3_1 t=1915742 thread=main layer=WV event=WV_PAGE_RENDERED_DISPATCH loadKey=-1886015810_true_false_-460289_-15131616_-15043608
