08-25 22:32:54.167 20625 20625 D MailRenderTrace: mail=S05_3_1 t=61770636 thread=main layer=WV event=WV_FACTORY instance=420e28d loadKey=-1886015810_true_true_-15789028_-1907991_-5715974
08-25 22:32:54.170 20625 20625 D MailRenderTrace: mail=S05_3_1 t=61770638 thread=main layer=WV event=WV_COMPOSABLE_ENTER loadKey=-1886015810_true_true_-15789028_-1907991_-5715974 bodyLen=1244
08-25 22:32:54.170 20625 20625 D MailRenderTrace: mail=S05_3_1 t=61770638 thread=main layer=WV event=WV_ON_RESUME hasWebView=true savedScrollY=0
08-25 22:32:54.170 20625 20625 D MailRenderTrace: mail=S05_3_1 t=61770638 thread=main layer=WV event=WV_RESUME_VISUAL_SKIPPED reason=no_active_document
08-25 22:32:54.170 20625 20625 D MailRenderTrace: mail=S05_3_1 t=61770639 thread=main layer=WV event=WV_UPDATE action=wait reason=html_pending:-1886015810_true_true_-15789028_-1907991_-5715974
08-25 22:32:54.171 20625 20625 D MailRenderTrace: mail=S05_3_1 t=61770639 thread=main layer=WV event=WV_ATTACHED instance=420e28d width=0 height=0
08-25 22:32:54.179 20625 20641 D MailRenderTrace: mail=S05_3_1 t=61770647 thread=DefaultDispatcher-worker-1 layer=WV event=HTML_BUILD_START loadKey=-1886015810_true_true_-15789028_-1907991_-5715974 bodyLen=1244
08-25 22:32:54.196 20625 20641 D MailRenderTrace: mail=S05_3_1 t=61770665 thread=DefaultDispatcher-worker-1 layer=WV event=HTML_BUILD_END loadKey=-1886015810_true_true_-15789028_-1907991_-5715974 htmlLen=2184 durationMs=18
08-25 22:32:54.251 20625 20625 D MailRenderTrace: mail=S05_3_1 t=61770720 thread=main layer=WV event=HTML_BUILD_READY loadKey=-1886015810_true_true_-15789028_-1907991_-5715974 htmlLen=2184
08-25 22:32:54.253 20625 20625 D MailRenderTrace: mail=S05_3_1 t=61770722 thread=main layer=WV event=WV_UPDATE action=load previousKey=none loadKey=-1886015810_true_true_-15789028_-1907991_-5715974 htmlLen=2184
08-25 22:32:54.261 20625 20625 D MailRenderTrace: mail=S05_3_1 t=61770730 thread=main layer=WV event=WV_LOAD_DATA loadKey=-1886015810_true_true_-15789028_-1907991_-5715974 htmlLen=2184
08-25 22:32:54.274 20625 20625 D MailRenderTrace: mail=S05_3_1 t=61770743 thread=main layer=WV event=WV_PROGRESS loadKey=-1886015810_true_true_-15789028_-1907991_-5715974 progress=10 milestone=0
08-25 22:32:54.276 20625 20625 D MailRenderTrace: mail=S05_3_1 t=61770744 thread=main layer=WV event=WV_UPDATE action=skip loadKey=-1886015810_true_true_-15789028_-1907991_-5715974 reason=already_loaded
08-25 22:32:54.283 20625 20625 D MailRenderTrace: mail=S05_3_1 t=61770752 thread=main layer=WV event=WV_PAGE_STARTED loadKey=-1886015810_true_true_-15789028_-1907991_-5715974
08-25 22:32:54.288 20625 20625 D MailRenderTrace: mail=S05_3_1 t=61770757 thread=main layer=WV event=WV_PROGRESS loadKey=-1886015810_true_true_-15789028_-1907991_-5715974 progress=100 milestone=100
08-25 22:32:54.289 20625 20625 D MailRenderTrace: mail=S05_3_1 t=61770757 thread=main layer=WV event=WV_PAGE_FINISHED loadKey=-1886015810_true_true_-15789028_-1907991_-5715974
08-25 22:32:54.289 20625 20625 D MailRenderTrace: mail=S05_3_1 t=61770757 thread=main layer=WV event=WV_VISUAL_REQUESTED loadKey=-1886015810_true_true_-15789028_-1907991_-5715974
08-25 22:32:54.315 20625 20625 D MailRenderTrace: mail=S05_3_1 t=61770784 thread=main layer=WV event=WV_COMMIT_VISIBLE loadKey=-1886015810_true_true_-15789028_-1907991_-5715974
08-25 22:32:54.315 20625 20625 D MailRenderTrace: mail=S05_3_1 t=61770784 thread=main layer=WV event=WV_VISUAL_CALLBACK loadKey=-1886015810_true_true_-15789028_-1907991_-5715974 requestId=0
08-25 22:32:54.316 20625 20625 D MailRenderTrace: mail=S05_3_1 t=61770784 thread=main layer=WV event=WV_SCROLL_RESTORE_POSTED loadKey=-1886015810_true_true_-15789028_-1907991_-5715974 scrollY=0
08-25 22:32:54.316 20625 20625 D MailRenderTrace: mail=S05_3_1 t=61770785 thread=main layer=WV event=WV_SCROLL_RESTORE_APPLIED loadKey=-1886015810_true_true_-15789028_-1907991_-5715974 scrollY=0
08-25 22:32:54.316 20625 20625 D MailRenderTrace: mail=S05_3_1 t=61770785 thread=main layer=WV event=WV_PAGE_RENDERED_DISPATCH loadKey=-1886015810_true_true_-15789028_-1907991_-5715974
