08-25 15:49:34.571 11153 11153 D MailRenderTrace: mail=S05_3_1 t=1968896 thread=main layer=WV event=WV_COMPOSABLE_ENTER loadKey=-1886015810_true_true_-15789028_-1907991_-5715974 bodyLen=1244
08-25 15:49:34.574 11153 11153 D MailRenderTrace: mail=S05_3_1 t=1968898 thread=main layer=WV event=WV_ON_RESUME hasWebView=true savedScrollY=0
08-25 15:49:34.575 11153 11153 D MailRenderTrace: mail=S05_3_1 t=1968899 thread=main layer=WV event=WV_RESUME_VISUAL_SKIPPED reason=no_active_document
08-25 15:49:34.576 11153 11153 D MailRenderTrace: mail=S05_3_1 t=1968900 thread=main layer=WV event=WV_UPDATE action=wait reason=html_pending:-1886015810_true_true_-15789028_-1907991_-5715974
08-25 15:49:34.576 11153 11153 D MailRenderTrace: mail=S05_3_1 t=1968901 thread=main layer=WV event=WV_ATTACHED instance=d4d1674 width=0 height=0
08-25 15:49:34.611 11153 11310 D MailRenderTrace: mail=S05_3_1 t=1968935 thread=DefaultDispatcher-worker-1 layer=WV event=HTML_BUILD_START loadKey=-1886015810_true_true_-15789028_-1907991_-5715974 bodyLen=1244
08-25 15:49:34.644 11153 11310 D MailRenderTrace: mail=S05_3_1 t=1968968 thread=DefaultDispatcher-worker-1 layer=WV event=HTML_BUILD_END loadKey=-1886015810_true_true_-15789028_-1907991_-5715974 htmlLen=2184 durationMs=33
08-25 15:49:34.695 11153 11153 D MailRenderTrace: mail=S05_3_1 t=1969019 thread=main layer=WV event=HTML_BUILD_READY loadKey=-1886015810_true_true_-15789028_-1907991_-5715974 htmlLen=2184
08-25 15:49:34.697 11153 11153 D MailRenderTrace: mail=S05_3_1 t=1969021 thread=main layer=WV event=WV_UPDATE action=load previousKey=none loadKey=-1886015810_true_true_-15789028_-1907991_-5715974 htmlLen=2184
08-25 15:49:34.699 11153 11153 D MailRenderTrace: mail=S05_3_1 t=1969024 thread=main layer=WV event=WV_LOAD_DATA loadKey=-1886015810_true_true_-15789028_-1907991_-5715974 htmlLen=2184
08-25 15:49:34.714 11153 11153 D MailRenderTrace: mail=S05_3_1 t=1969038 thread=main layer=WV event=WV_PROGRESS loadKey=-1886015810_true_true_-15789028_-1907991_-5715974 progress=10 milestone=0
08-25 15:49:34.714 11153 11153 D MailRenderTrace: mail=S05_3_1 t=1969039 thread=main layer=WV event=WV_UPDATE action=skip loadKey=-1886015810_true_true_-15789028_-1907991_-5715974 reason=already_loaded
08-25 15:49:34.909 11153 11153 D MailRenderTrace: mail=S05_3_1 t=1969233 thread=main layer=WV event=WV_PAGE_STARTED loadKey=-1886015810_true_true_-15789028_-1907991_-5715974
08-25 15:49:34.910 11153 11153 D MailRenderTrace: mail=S05_3_1 t=1969234 thread=main layer=WV event=WV_PROGRESS loadKey=-1886015810_true_true_-15789028_-1907991_-5715974 progress=70 milestone=50
08-25 15:49:34.998 11153 11153 D MailRenderTrace: mail=S05_3_1 t=1969322 thread=main layer=WV event=WV_PROGRESS loadKey=-1886015810_true_true_-15789028_-1907991_-5715974 progress=100 milestone=100
08-25 15:49:34.999 11153 11153 D MailRenderTrace: mail=S05_3_1 t=1969323 thread=main layer=WV event=WV_PAGE_FINISHED loadKey=-1886015810_true_true_-15789028_-1907991_-5715974
08-25 15:49:34.999 11153 11153 D MailRenderTrace: mail=S05_3_1 t=1969323 thread=main layer=WV event=WV_VISUAL_REQUESTED loadKey=-1886015810_true_true_-15789028_-1907991_-5715974
08-25 15:49:35.003 11153 11153 D MailRenderTrace: mail=S05_3_1 t=1969327 thread=main layer=WV event=WV_COMMIT_VISIBLE loadKey=-1886015810_true_true_-15789028_-1907991_-5715974
08-25 15:49:35.003 11153 11153 D MailRenderTrace: mail=S05_3_1 t=1969327 thread=main layer=WV event=WV_VISUAL_CALLBACK loadKey=-1886015810_true_true_-15789028_-1907991_-5715974 requestId=0
08-25 15:49:35.003 11153 11153 D MailRenderTrace: mail=S05_3_1 t=1969327 thread=main layer=WV event=WV_SCROLL_RESTORE_POSTED loadKey=-1886015810_true_true_-15789028_-1907991_-5715974 scrollY=0
08-25 15:49:35.004 11153 11153 D MailRenderTrace: mail=S05_3_1 t=1969328 thread=main layer=WV event=WV_SCROLL_RESTORE_APPLIED loadKey=-1886015810_true_true_-15789028_-1907991_-5715974 scrollY=0
08-25 15:49:35.004 11153 11153 D MailRenderTrace: mail=S05_3_1 t=1969328 thread=main layer=WV event=WV_PAGE_RENDERED_DISPATCH loadKey=-1886015810_true_true_-15789028_-1907991_-5715974
