08-25 15:49:14.807 11153 11153 D MailRenderTrace: mail=S06_3_1 t=1949131 thread=main layer=WV event=WV_FACTORY instance=a055b4c loadKey=825200275_true_false_-460289_-15131616_-15043608
08-25 15:49:14.809 11153 11153 D MailRenderTrace: mail=S06_3_1 t=1949133 thread=main layer=WV event=WV_COMPOSABLE_ENTER loadKey=825200275_true_false_-460289_-15131616_-15043608 bodyLen=214
08-25 15:49:14.810 11153 11153 D MailRenderTrace: mail=S06_3_1 t=1949134 thread=main layer=WV event=WV_ON_RESUME hasWebView=true savedScrollY=0
08-25 15:49:14.810 11153 11153 D MailRenderTrace: mail=S06_3_1 t=1949134 thread=main layer=WV event=WV_RESUME_VISUAL_SKIPPED reason=no_active_document
08-25 15:49:14.810 11153 11153 D MailRenderTrace: mail=S06_3_1 t=1949134 thread=main layer=WV event=WV_UPDATE action=wait reason=html_pending:825200275_true_false_-460289_-15131616_-15043608
08-25 15:49:14.811 11153 11153 D MailRenderTrace: mail=S06_3_1 t=1949135 thread=main layer=WV event=WV_ATTACHED instance=a055b4c width=0 height=0
08-25 15:49:14.833 11153 11310 D MailRenderTrace: mail=S06_3_1 t=1949157 thread=DefaultDispatcher-worker-1 layer=WV event=HTML_BUILD_START loadKey=825200275_true_false_-460289_-15131616_-15043608 bodyLen=214
08-25 15:49:14.865 11153 11310 D MailRenderTrace: mail=S06_3_1 t=1949188 thread=DefaultDispatcher-worker-1 layer=WV event=HTML_BUILD_END loadKey=825200275_true_false_-460289_-15131616_-15043608 htmlLen=1252 durationMs=32
08-25 15:49:14.919 11153 11153 D MailRenderTrace: mail=S06_3_1 t=1949243 thread=main layer=WV event=HTML_BUILD_READY loadKey=825200275_true_false_-460289_-15131616_-15043608 htmlLen=1252
08-25 15:49:14.921 11153 11153 D MailRenderTrace: mail=S06_3_1 t=1949245 thread=main layer=WV event=WV_UPDATE action=load previousKey=none loadKey=825200275_true_false_-460289_-15131616_-15043608 htmlLen=1252
08-25 15:49:14.923 11153 11153 D MailRenderTrace: mail=S06_3_1 t=1949247 thread=main layer=WV event=WV_LOAD_DATA loadKey=825200275_true_false_-460289_-15131616_-15043608 htmlLen=1252
08-25 15:49:14.936 11153 11153 D MailRenderTrace: mail=S06_3_1 t=1949260 thread=main layer=WV event=WV_PROGRESS loadKey=825200275_true_false_-460289_-15131616_-15043608 progress=10 milestone=0
08-25 15:49:14.937 11153 11153 D MailRenderTrace: mail=S06_3_1 t=1949261 thread=main layer=WV event=WV_UPDATE action=skip loadKey=825200275_true_false_-460289_-15131616_-15043608 reason=already_loaded
08-25 15:49:15.134 11153 11153 D MailRenderTrace: mail=S06_3_1 t=1949458 thread=main layer=WV event=WV_PAGE_STARTED loadKey=825200275_true_false_-460289_-15131616_-15043608
08-25 15:49:15.136 11153 11153 D MailRenderTrace: mail=S06_3_1 t=1949460 thread=main layer=WV event=WV_PROGRESS loadKey=825200275_true_false_-460289_-15131616_-15043608 progress=70 milestone=50
08-25 15:49:15.227 11153 11153 D MailRenderTrace: mail=S06_3_1 t=1949551 thread=main layer=WV event=WV_PROGRESS loadKey=825200275_true_false_-460289_-15131616_-15043608 progress=100 milestone=100
08-25 15:49:15.228 11153 11153 D MailRenderTrace: mail=S06_3_1 t=1949552 thread=main layer=WV event=WV_PAGE_FINISHED loadKey=825200275_true_false_-460289_-15131616_-15043608
08-25 15:49:15.228 11153 11153 D MailRenderTrace: mail=S06_3_1 t=1949552 thread=main layer=WV event=WV_VISUAL_REQUESTED loadKey=825200275_true_false_-460289_-15131616_-15043608
08-25 15:49:15.231 11153 11153 D MailRenderTrace: mail=S06_3_1 t=1949555 thread=main layer=WV event=WV_COMMIT_VISIBLE loadKey=825200275_true_false_-460289_-15131616_-15043608
08-25 15:49:15.232 11153 11153 D MailRenderTrace: mail=S06_3_1 t=1949556 thread=main layer=WV event=WV_VISUAL_CALLBACK loadKey=825200275_true_false_-460289_-15131616_-15043608 requestId=0
08-25 15:49:15.232 11153 11153 D MailRenderTrace: mail=S06_3_1 t=1949556 thread=main layer=WV event=WV_SCROLL_RESTORE_POSTED loadKey=825200275_true_false_-460289_-15131616_-15043608 scrollY=0
08-25 15:49:15.233 11153 11153 D MailRenderTrace: mail=S06_3_1 t=1949557 thread=main layer=WV event=WV_SCROLL_RESTORE_APPLIED loadKey=825200275_true_false_-460289_-15131616_-15043608 scrollY=0
08-25 15:49:15.233 11153 11153 D MailRenderTrace: mail=S06_3_1 t=1949557 thread=main layer=WV event=WV_PAGE_RENDERED_DISPATCH loadKey=825200275_true_false_-460289_-15131616_-15043608
