08-25 22:32:35.731 20625 20625 D MailRenderTrace: mail=S06_3_1 t=61752200 thread=main layer=WV event=WV_FACTORY instance=70e17b5 loadKey=825200275_true_false_-460289_-15131616_-15043608
08-25 22:32:35.734 20625 20625 D MailRenderTrace: mail=S06_3_1 t=61752203 thread=main layer=WV event=WV_COMPOSABLE_ENTER loadKey=825200275_true_false_-460289_-15131616_-15043608 bodyLen=214
08-25 22:32:35.734 20625 20625 D MailRenderTrace: mail=S06_3_1 t=61752203 thread=main layer=WV event=WV_ON_RESUME hasWebView=true savedScrollY=0
08-25 22:32:35.734 20625 20625 D MailRenderTrace: mail=S06_3_1 t=61752203 thread=main layer=WV event=WV_RESUME_VISUAL_SKIPPED reason=no_active_document
08-25 22:32:35.735 20625 20625 D MailRenderTrace: mail=S06_3_1 t=61752204 thread=main layer=WV event=WV_UPDATE action=wait reason=html_pending:825200275_true_false_-460289_-15131616_-15043608
08-25 22:32:35.736 20625 20625 D MailRenderTrace: mail=S06_3_1 t=61752204 thread=main layer=WV event=WV_ATTACHED instance=70e17b5 width=0 height=0
08-25 22:32:35.746 20625 20641 D MailRenderTrace: mail=S06_3_1 t=61752215 thread=DefaultDispatcher-worker-1 layer=WV event=HTML_BUILD_START loadKey=825200275_true_false_-460289_-15131616_-15043608 bodyLen=214
08-25 22:32:35.753 20625 20641 D MailRenderTrace: mail=S06_3_1 t=61752221 thread=DefaultDispatcher-worker-1 layer=WV event=HTML_BUILD_END loadKey=825200275_true_false_-460289_-15131616_-15043608 htmlLen=1252 durationMs=6
08-25 22:32:35.753 20625 20625 D MailRenderTrace: mail=S06_3_1 t=61752222 thread=main layer=WV event=HTML_BUILD_READY loadKey=825200275_true_false_-460289_-15131616_-15043608 htmlLen=1252
08-25 22:32:35.754 20625 20625 D MailRenderTrace: mail=S06_3_1 t=61752222 thread=main layer=WV event=WV_UPDATE action=load previousKey=none loadKey=825200275_true_false_-460289_-15131616_-15043608 htmlLen=1252
08-25 22:32:35.757 20625 20625 D MailRenderTrace: mail=S06_3_1 t=61752226 thread=main layer=WV event=WV_LOAD_DATA loadKey=825200275_true_false_-460289_-15131616_-15043608 htmlLen=1252
08-25 22:32:35.760 20625 20625 D MailRenderTrace: mail=S06_3_1 t=61752229 thread=main layer=WV event=WV_PROGRESS loadKey=825200275_true_false_-460289_-15131616_-15043608 progress=10 milestone=0
08-25 22:32:35.760 20625 20625 D MailRenderTrace: mail=S06_3_1 t=61752229 thread=main layer=WV event=WV_UPDATE action=skip loadKey=825200275_true_false_-460289_-15131616_-15043608 reason=already_loaded
08-25 22:32:35.768 20625 20625 D MailRenderTrace: mail=S06_3_1 t=61752236 thread=main layer=WV event=WV_PAGE_STARTED loadKey=825200275_true_false_-460289_-15131616_-15043608
08-25 22:32:35.779 20625 20625 D MailRenderTrace: mail=S06_3_1 t=61752248 thread=main layer=WV event=WV_PROGRESS loadKey=825200275_true_false_-460289_-15131616_-15043608 progress=100 milestone=100
08-25 22:32:35.781 20625 20625 D MailRenderTrace: mail=S06_3_1 t=61752249 thread=main layer=WV event=WV_PAGE_FINISHED loadKey=825200275_true_false_-460289_-15131616_-15043608
08-25 22:32:35.781 20625 20625 D MailRenderTrace: mail=S06_3_1 t=61752249 thread=main layer=WV event=WV_VISUAL_REQUESTED loadKey=825200275_true_false_-460289_-15131616_-15043608
08-25 22:32:35.782 20625 20625 D MailRenderTrace: mail=S06_3_1 t=61752251 thread=main layer=WV event=WV_COMMIT_VISIBLE loadKey=825200275_true_false_-460289_-15131616_-15043608
08-25 22:32:35.800 20625 20625 D MailRenderTrace: mail=S06_3_1 t=61752269 thread=main layer=WV event=WV_VISUAL_CALLBACK loadKey=825200275_true_false_-460289_-15131616_-15043608 requestId=0
08-25 22:32:35.800 20625 20625 D MailRenderTrace: mail=S06_3_1 t=61752269 thread=main layer=WV event=WV_SCROLL_RESTORE_POSTED loadKey=825200275_true_false_-460289_-15131616_-15043608 scrollY=0
08-25 22:32:35.800 20625 20625 D MailRenderTrace: mail=S06_3_1 t=61752269 thread=main layer=WV event=WV_SCROLL_RESTORE_APPLIED loadKey=825200275_true_false_-460289_-15131616_-15043608 scrollY=0
08-25 22:32:35.800 20625 20625 D MailRenderTrace: mail=S06_3_1 t=61752269 thread=main layer=WV event=WV_PAGE_RENDERED_DISPATCH loadKey=825200275_true_false_-460289_-15131616_-15043608
