08-25 22:32:15.008 20625 20625 D MailRenderTrace: mail=S07_3_1 t=61731477 thread=main layer=WV event=WV_FACTORY instance=c9d22a7 loadKey=825200275_false_false_-460289_-15131616_-15043608
08-25 22:32:15.011 20625 20625 D MailRenderTrace: mail=S07_3_1 t=61731479 thread=main layer=WV event=WV_COMPOSABLE_ENTER loadKey=825200275_false_false_-460289_-15131616_-15043608 bodyLen=214
08-25 22:32:15.011 20625 20625 D MailRenderTrace: mail=S07_3_1 t=61731480 thread=main layer=WV event=WV_ON_RESUME hasWebView=true savedScrollY=0
08-25 22:32:15.011 20625 20625 D MailRenderTrace: mail=S07_3_1 t=61731480 thread=main layer=WV event=WV_RESUME_VISUAL_SKIPPED reason=no_active_document
08-25 22:32:15.012 20625 20625 D MailRenderTrace: mail=S07_3_1 t=61731480 thread=main layer=WV event=WV_UPDATE action=wait reason=html_pending:825200275_false_false_-460289_-15131616_-15043608
08-25 22:32:15.012 20625 20625 D MailRenderTrace: mail=S07_3_1 t=61731481 thread=main layer=WV event=WV_ATTACHED instance=c9d22a7 width=0 height=0
08-25 22:32:15.020 20625 20641 D MailRenderTrace: mail=S07_3_1 t=61731489 thread=DefaultDispatcher-worker-1 layer=WV event=HTML_BUILD_START loadKey=825200275_false_false_-460289_-15131616_-15043608 bodyLen=214
08-25 22:32:15.027 20625 20641 D MailRenderTrace: mail=S07_3_1 t=61731496 thread=DefaultDispatcher-worker-1 layer=WV event=HTML_BUILD_END loadKey=825200275_false_false_-460289_-15131616_-15043608 htmlLen=1299 durationMs=7
08-25 22:32:15.028 20625 20625 D MailRenderTrace: mail=S07_3_1 t=61731496 thread=main layer=WV event=HTML_BUILD_READY loadKey=825200275_false_false_-460289_-15131616_-15043608 htmlLen=1299
08-25 22:32:15.028 20625 20625 D MailRenderTrace: mail=S07_3_1 t=61731497 thread=main layer=WV event=WV_UPDATE action=load previousKey=none loadKey=825200275_false_false_-460289_-15131616_-15043608 htmlLen=1299
08-25 22:32:15.032 20625 20625 D MailRenderTrace: mail=S07_3_1 t=61731500 thread=main layer=WV event=WV_LOAD_DATA loadKey=825200275_false_false_-460289_-15131616_-15043608 htmlLen=1299
08-25 22:32:15.035 20625 20625 D MailRenderTrace: mail=S07_3_1 t=61731504 thread=main layer=WV event=WV_PROGRESS loadKey=825200275_false_false_-460289_-15131616_-15043608 progress=10 milestone=0
08-25 22:32:15.036 20625 20625 D MailRenderTrace: mail=S07_3_1 t=61731505 thread=main layer=WV event=WV_UPDATE action=skip loadKey=825200275_false_false_-460289_-15131616_-15043608 reason=already_loaded
08-25 22:32:15.041 20625 20625 D MailRenderTrace: mail=S07_3_1 t=61731510 thread=main layer=WV event=WV_PAGE_STARTED loadKey=825200275_false_false_-460289_-15131616_-15043608
08-25 22:32:15.046 20625 20625 D MailRenderTrace: mail=S07_3_1 t=61731514 thread=main layer=WV event=WV_PROGRESS loadKey=825200275_false_false_-460289_-15131616_-15043608 progress=100 milestone=100
08-25 22:32:15.046 20625 20625 D MailRenderTrace: mail=S07_3_1 t=61731514 thread=main layer=WV event=WV_PAGE_FINISHED loadKey=825200275_false_false_-460289_-15131616_-15043608
08-25 22:32:15.046 20625 20625 D MailRenderTrace: mail=S07_3_1 t=61731514 thread=main layer=WV event=WV_VISUAL_REQUESTED loadKey=825200275_false_false_-460289_-15131616_-15043608
08-25 22:32:15.051 20625 20625 D MailRenderTrace: mail=S07_3_1 t=61731520 thread=main layer=WV event=WV_COMMIT_VISIBLE loadKey=825200275_false_false_-460289_-15131616_-15043608
08-25 22:32:15.052 20625 20625 D MailRenderTrace: mail=S07_3_1 t=61731520 thread=main layer=WV event=WV_VISUAL_CALLBACK loadKey=825200275_false_false_-460289_-15131616_-15043608 requestId=0
08-25 22:32:15.052 20625 20625 D MailRenderTrace: mail=S07_3_1 t=61731520 thread=main layer=WV event=WV_SCROLL_RESTORE_POSTED loadKey=825200275_false_false_-460289_-15131616_-15043608 scrollY=0
08-25 22:32:15.052 20625 20625 D MailRenderTrace: mail=S07_3_1 t=61731521 thread=main layer=WV event=WV_SCROLL_RESTORE_APPLIED loadKey=825200275_false_false_-460289_-15131616_-15043608 scrollY=0
08-25 22:32:15.052 20625 20625 D MailRenderTrace: mail=S07_3_1 t=61731521 thread=main layer=WV event=WV_PAGE_RENDERED_DISPATCH loadKey=825200275_false_false_-460289_-15131616_-15043608
