08-25 15:48:48.075 11153 11153 D MailRenderTrace: mail=S07_3_1 t=1922399 thread=main layer=WV event=WV_FACTORY instance=d01ceda loadKey=825200275_false_false_-460289_-15131616_-15043608
08-25 15:48:48.082 11153 11153 D MailRenderTrace: mail=S07_3_1 t=1922406 thread=main layer=WV event=WV_COMPOSABLE_ENTER loadKey=825200275_false_false_-460289_-15131616_-15043608 bodyLen=214
08-25 15:48:48.082 11153 11153 D MailRenderTrace: mail=S07_3_1 t=1922406 thread=main layer=WV event=WV_ON_RESUME hasWebView=true savedScrollY=0
08-25 15:48:48.083 11153 11153 D MailRenderTrace: mail=S07_3_1 t=1922407 thread=main layer=WV event=WV_RESUME_VISUAL_SKIPPED reason=no_active_document
08-25 15:48:48.084 11153 11153 D MailRenderTrace: mail=S07_3_1 t=1922408 thread=main layer=WV event=WV_UPDATE action=wait reason=html_pending:825200275_false_false_-460289_-15131616_-15043608
08-25 15:48:48.086 11153 11153 D MailRenderTrace: mail=S07_3_1 t=1922410 thread=main layer=WV event=WV_ATTACHED instance=d01ceda width=0 height=0
08-25 15:48:48.209 11153 11310 D MailRenderTrace: mail=S07_3_1 t=1922533 thread=DefaultDispatcher-worker-1 layer=WV event=HTML_BUILD_START loadKey=825200275_false_false_-460289_-15131616_-15043608 bodyLen=214
08-25 15:48:48.271 11153 11310 D MailRenderTrace: mail=S07_3_1 t=1922595 thread=DefaultDispatcher-worker-1 layer=WV event=HTML_BUILD_END loadKey=825200275_false_false_-460289_-15131616_-15043608 htmlLen=1299 durationMs=62
08-25 15:48:48.318 11153 11153 D MailRenderTrace: mail=S07_3_1 t=1922642 thread=main layer=WV event=HTML_BUILD_READY loadKey=825200275_false_false_-460289_-15131616_-15043608 htmlLen=1299
08-25 15:48:48.320 11153 11153 D MailRenderTrace: mail=S07_3_1 t=1922644 thread=main layer=WV event=WV_UPDATE action=load previousKey=none loadKey=825200275_false_false_-460289_-15131616_-15043608 htmlLen=1299
08-25 15:48:48.322 11153 11153 D MailRenderTrace: mail=S07_3_1 t=1922646 thread=main layer=WV event=WV_LOAD_DATA loadKey=825200275_false_false_-460289_-15131616_-15043608 htmlLen=1299
08-25 15:48:48.331 11153 11153 D MailRenderTrace: mail=S07_3_1 t=1922655 thread=main layer=WV event=WV_PROGRESS loadKey=825200275_false_false_-460289_-15131616_-15043608 progress=10 milestone=0
08-25 15:48:48.332 11153 11153 D MailRenderTrace: mail=S07_3_1 t=1922656 thread=main layer=WV event=WV_UPDATE action=skip loadKey=825200275_false_false_-460289_-15131616_-15043608 reason=already_loaded
08-25 15:48:48.573 11153 11153 D MailRenderTrace: mail=S07_3_1 t=1922897 thread=main layer=WV event=WV_PAGE_STARTED loadKey=825200275_false_false_-460289_-15131616_-15043608
08-25 15:48:48.574 11153 11153 D MailRenderTrace: mail=S07_3_1 t=1922898 thread=main layer=WV event=WV_PROGRESS loadKey=825200275_false_false_-460289_-15131616_-15043608 progress=70 milestone=50
08-25 15:48:48.666 11153 11153 D MailRenderTrace: mail=S07_3_1 t=1922990 thread=main layer=WV event=WV_PROGRESS loadKey=825200275_false_false_-460289_-15131616_-15043608 progress=100 milestone=100
08-25 15:48:48.667 11153 11153 D MailRenderTrace: mail=S07_3_1 t=1922991 thread=main layer=WV event=WV_PAGE_FINISHED loadKey=825200275_false_false_-460289_-15131616_-15043608
08-25 15:48:48.667 11153 11153 D MailRenderTrace: mail=S07_3_1 t=1922991 thread=main layer=WV event=WV_VISUAL_REQUESTED loadKey=825200275_false_false_-460289_-15131616_-15043608
08-25 15:48:48.672 11153 11153 D MailRenderTrace: mail=S07_3_1 t=1922996 thread=main layer=WV event=WV_COMMIT_VISIBLE loadKey=825200275_false_false_-460289_-15131616_-15043608
08-25 15:48:48.673 11153 11153 D MailRenderTrace: mail=S07_3_1 t=1922997 thread=main layer=WV event=WV_VISUAL_CALLBACK loadKey=825200275_false_false_-460289_-15131616_-15043608 requestId=0
08-25 15:48:48.673 11153 11153 D MailRenderTrace: mail=S07_3_1 t=1922997 thread=main layer=WV event=WV_SCROLL_RESTORE_POSTED loadKey=825200275_false_false_-460289_-15131616_-15043608 scrollY=0
08-25 15:48:48.674 11153 11153 D MailRenderTrace: mail=S07_3_1 t=1922998 thread=main layer=WV event=WV_SCROLL_RESTORE_APPLIED loadKey=825200275_false_false_-460289_-15131616_-15043608 scrollY=0
08-25 15:48:48.675 11153 11153 D MailRenderTrace: mail=S07_3_1 t=1922999 thread=main layer=WV event=WV_PAGE_RENDERED_DISPATCH loadKey=825200275_false_false_-460289_-15131616_-15043608
