08-25 15:48:36.134 11153 11153 D MailRenderTrace: mail=S08_3_1 t=1910457 thread=main layer=WV event=WV_FACTORY instance=f733509 loadKey=-562869232_false_false_-460289_-15131616_-15043608
08-25 15:48:36.142 11153 11153 D MailRenderTrace: mail=S08_3_1 t=1910466 thread=main layer=WV event=WV_COMPOSABLE_ENTER loadKey=-562869232_false_false_-460289_-15131616_-15043608 bodyLen=179
08-25 15:48:36.143 11153 11153 D MailRenderTrace: mail=S08_3_1 t=1910467 thread=main layer=WV event=WV_ON_RESUME hasWebView=true savedScrollY=0
08-25 15:48:36.143 11153 11153 D MailRenderTrace: mail=S08_3_1 t=1910467 thread=main layer=WV event=WV_RESUME_VISUAL_SKIPPED reason=no_active_document
08-25 15:48:36.145 11153 11153 D MailRenderTrace: mail=S08_3_1 t=1910469 thread=main layer=WV event=WV_UPDATE action=wait reason=html_pending:-562869232_false_false_-460289_-15131616_-15043608
08-25 15:48:36.147 11153 11153 D MailRenderTrace: mail=S08_3_1 t=1910471 thread=main layer=WV event=WV_ATTACHED instance=f733509 width=0 height=0
08-25 15:48:36.225 11153 11310 D MailRenderTrace: mail=S08_3_1 t=1910549 thread=DefaultDispatcher-worker-1 layer=WV event=HTML_BUILD_START loadKey=-562869232_false_false_-460289_-15131616_-15043608 bodyLen=179
08-25 15:48:36.235 11153 11310 D MailRenderTrace: mail=S08_3_1 t=1910559 thread=DefaultDispatcher-worker-1 layer=WV event=HTML_BUILD_END loadKey=-562869232_false_false_-460289_-15131616_-15043608 htmlLen=1264 durationMs=10
08-25 15:48:36.237 11153 11153 D MailRenderTrace: mail=S08_3_1 t=1910561 thread=main layer=WV event=HTML_BUILD_READY loadKey=-562869232_false_false_-460289_-15131616_-15043608 htmlLen=1264
08-25 15:48:36.238 11153 11153 D MailRenderTrace: mail=S08_3_1 t=1910562 thread=main layer=WV event=WV_UPDATE action=load previousKey=none loadKey=-562869232_false_false_-460289_-15131616_-15043608 htmlLen=1264
08-25 15:48:36.240 11153 11153 D MailRenderTrace: mail=S08_3_1 t=1910564 thread=main layer=WV event=WV_LOAD_DATA loadKey=-562869232_false_false_-460289_-15131616_-15043608 htmlLen=1264
08-25 15:48:36.250 11153 11153 D MailRenderTrace: mail=S08_3_1 t=1910574 thread=main layer=WV event=WV_PROGRESS loadKey=-562869232_false_false_-460289_-15131616_-15043608 progress=10 milestone=0
08-25 15:48:36.251 11153 11153 D MailRenderTrace: mail=S08_3_1 t=1910575 thread=main layer=WV event=WV_UPDATE action=skip loadKey=-562869232_false_false_-460289_-15131616_-15043608 reason=already_loaded
08-25 15:48:36.518 11153 11153 D MailRenderTrace: mail=S08_3_1 t=1910842 thread=main layer=WV event=WV_PAGE_STARTED loadKey=-562869232_false_false_-460289_-15131616_-15043608
08-25 15:48:36.525 11153 11153 D MailRenderTrace: mail=S08_3_1 t=1910849 thread=main layer=WV event=WV_PROGRESS loadKey=-562869232_false_false_-460289_-15131616_-15043608 progress=70 milestone=50
08-25 15:48:36.659 11153 11153 D MailRenderTrace: mail=S08_3_1 t=1910983 thread=main layer=WV event=WV_PROGRESS loadKey=-562869232_false_false_-460289_-15131616_-15043608 progress=100 milestone=100
08-25 15:48:36.660 11153 11153 D MailRenderTrace: mail=S08_3_1 t=1910984 thread=main layer=WV event=WV_PAGE_FINISHED loadKey=-562869232_false_false_-460289_-15131616_-15043608
08-25 15:48:36.660 11153 11153 D MailRenderTrace: mail=S08_3_1 t=1910984 thread=main layer=WV event=WV_VISUAL_REQUESTED loadKey=-562869232_false_false_-460289_-15131616_-15043608
08-25 15:48:36.671 11153 11153 D MailRenderTrace: mail=S08_3_1 t=1910996 thread=main layer=WV event=WV_COMMIT_VISIBLE loadKey=-562869232_false_false_-460289_-15131616_-15043608
08-25 15:48:36.672 11153 11153 D MailRenderTrace: mail=S08_3_1 t=1910996 thread=main layer=WV event=WV_VISUAL_CALLBACK loadKey=-562869232_false_false_-460289_-15131616_-15043608 requestId=0
08-25 15:48:36.672 11153 11153 D MailRenderTrace: mail=S08_3_1 t=1910996 thread=main layer=WV event=WV_SCROLL_RESTORE_POSTED loadKey=-562869232_false_false_-460289_-15131616_-15043608 scrollY=0
08-25 15:48:36.673 11153 11153 D MailRenderTrace: mail=S08_3_1 t=1910997 thread=main layer=WV event=WV_SCROLL_RESTORE_APPLIED loadKey=-562869232_false_false_-460289_-15131616_-15043608 scrollY=0
08-25 15:48:36.673 11153 11153 D MailRenderTrace: mail=S08_3_1 t=1910997 thread=main layer=WV event=WV_PAGE_RENDERED_DISPATCH loadKey=-562869232_false_false_-460289_-15131616_-15043608
