08-25 22:31:58.234 20625 20625 D MailRenderTrace: mail=S08_3_1 t=61714702 thread=main layer=WV event=WV_FACTORY instance=fe5becd loadKey=-562869232_false_false_-460289_-15131616_-15043608
08-25 22:31:58.237 20625 20625 D MailRenderTrace: mail=S08_3_1 t=61714705 thread=main layer=WV event=WV_COMPOSABLE_ENTER loadKey=-562869232_false_false_-460289_-15131616_-15043608 bodyLen=179
08-25 22:31:58.237 20625 20625 D MailRenderTrace: mail=S08_3_1 t=61714706 thread=main layer=WV event=WV_ON_RESUME hasWebView=true savedScrollY=0
08-25 22:31:58.237 20625 20625 D MailRenderTrace: mail=S08_3_1 t=61714706 thread=main layer=WV event=WV_RESUME_VISUAL_SKIPPED reason=no_active_document
08-25 22:31:58.238 20625 20625 D MailRenderTrace: mail=S08_3_1 t=61714706 thread=main layer=WV event=WV_UPDATE action=wait reason=html_pending:-562869232_false_false_-460289_-15131616_-15043608
08-25 22:31:58.238 20625 20625 D MailRenderTrace: mail=S08_3_1 t=61714707 thread=main layer=WV event=WV_ATTACHED instance=fe5becd width=0 height=0
08-25 22:31:58.249 20625 20641 D MailRenderTrace: mail=S08_3_1 t=61714717 thread=DefaultDispatcher-worker-1 layer=WV event=HTML_BUILD_START loadKey=-562869232_false_false_-460289_-15131616_-15043608 bodyLen=179
08-25 22:31:58.254 20625 20641 D MailRenderTrace: mail=S08_3_1 t=61714723 thread=DefaultDispatcher-worker-1 layer=WV event=HTML_BUILD_END loadKey=-562869232_false_false_-460289_-15131616_-15043608 htmlLen=1264 durationMs=6
08-25 22:31:58.271 20625 20625 D MailRenderTrace: mail=S08_3_1 t=61714739 thread=main layer=WV event=HTML_BUILD_READY loadKey=-562869232_false_false_-460289_-15131616_-15043608 htmlLen=1264
08-25 22:31:58.271 20625 20625 D MailRenderTrace: mail=S08_3_1 t=61714740 thread=main layer=WV event=WV_UPDATE action=load previousKey=none loadKey=-562869232_false_false_-460289_-15131616_-15043608 htmlLen=1264
08-25 22:31:58.275 20625 20625 D MailRenderTrace: mail=S08_3_1 t=61714743 thread=main layer=WV event=WV_LOAD_DATA loadKey=-562869232_false_false_-460289_-15131616_-15043608 htmlLen=1264
08-25 22:31:58.279 20625 20625 D MailRenderTrace: mail=S08_3_1 t=61714748 thread=main layer=WV event=WV_PROGRESS loadKey=-562869232_false_false_-460289_-15131616_-15043608 progress=10 milestone=0
08-25 22:31:58.281 20625 20625 D MailRenderTrace: mail=S08_3_1 t=61714749 thread=main layer=WV event=WV_UPDATE action=skip loadKey=-562869232_false_false_-460289_-15131616_-15043608 reason=already_loaded
08-25 22:31:58.288 20625 20625 D MailRenderTrace: mail=S08_3_1 t=61714757 thread=main layer=WV event=WV_PAGE_STARTED loadKey=-562869232_false_false_-460289_-15131616_-15043608
08-25 22:31:58.288 20625 20625 D MailRenderTrace: mail=S08_3_1 t=61714757 thread=main layer=WV event=WV_PROGRESS loadKey=-562869232_false_false_-460289_-15131616_-15043608 progress=100 milestone=100
08-25 22:31:58.289 20625 20625 D MailRenderTrace: mail=S08_3_1 t=61714757 thread=main layer=WV event=WV_PAGE_FINISHED loadKey=-562869232_false_false_-460289_-15131616_-15043608
08-25 22:31:58.289 20625 20625 D MailRenderTrace: mail=S08_3_1 t=61714757 thread=main layer=WV event=WV_VISUAL_REQUESTED loadKey=-562869232_false_false_-460289_-15131616_-15043608
08-25 22:31:58.292 20625 20625 D MailRenderTrace: mail=S08_3_1 t=61714761 thread=main layer=WV event=WV_COMMIT_VISIBLE loadKey=-562869232_false_false_-460289_-15131616_-15043608
08-25 22:31:58.292 20625 20625 D MailRenderTrace: mail=S08_3_1 t=61714761 thread=main layer=WV event=WV_VISUAL_CALLBACK loadKey=-562869232_false_false_-460289_-15131616_-15043608 requestId=0
08-25 22:31:58.292 20625 20625 D MailRenderTrace: mail=S08_3_1 t=61714761 thread=main layer=WV event=WV_SCROLL_RESTORE_POSTED loadKey=-562869232_false_false_-460289_-15131616_-15043608 scrollY=0
08-25 22:31:58.292 20625 20625 D MailRenderTrace: mail=S08_3_1 t=61714761 thread=main layer=WV event=WV_SCROLL_RESTORE_APPLIED loadKey=-562869232_false_false_-460289_-15131616_-15043608 scrollY=0
08-25 22:31:58.292 20625 20625 D MailRenderTrace: mail=S08_3_1 t=61714761 thread=main layer=WV event=WV_PAGE_RENDERED_DISPATCH loadKey=-562869232_false_false_-460289_-15131616_-15043608
