08-25 22:32:09.387 20625 20625 D MailRenderTrace: mail=S09_3_2 t=61725856 thread=main layer=WV event=WV_FACTORY instance=2be6bf loadKey=453401436_true_false_-460289_-15131616_-15043608
08-25 22:32:09.390 20625 20625 D MailRenderTrace: mail=S09_3_2 t=61725858 thread=main layer=WV event=WV_COMPOSABLE_ENTER loadKey=453401436_true_false_-460289_-15131616_-15043608 bodyLen=147
08-25 22:32:09.390 20625 20625 D MailRenderTrace: mail=S09_3_2 t=61725858 thread=main layer=WV event=WV_ON_RESUME hasWebView=true savedScrollY=0
08-25 22:32:09.390 20625 20625 D MailRenderTrace: mail=S09_3_2 t=61725859 thread=main layer=WV event=WV_RESUME_VISUAL_SKIPPED reason=no_active_document
08-25 22:32:09.390 20625 20625 D MailRenderTrace: mail=S09_3_2 t=61725859 thread=main layer=WV event=WV_UPDATE action=wait reason=html_pending:453401436_true_false_-460289_-15131616_-15043608
08-25 22:32:09.391 20625 20625 D MailRenderTrace: mail=S09_3_2 t=61725859 thread=main layer=WV event=WV_ATTACHED instance=2be6bf width=0 height=0
08-25 22:32:09.399 20625 20641 D MailRenderTrace: mail=S09_3_2 t=61725868 thread=DefaultDispatcher-worker-1 layer=WV event=HTML_BUILD_START loadKey=453401436_true_false_-460289_-15131616_-15043608 bodyLen=147
08-25 22:32:09.405 20625 20641 D MailRenderTrace: mail=S09_3_2 t=61725873 thread=DefaultDispatcher-worker-1 layer=WV event=HTML_BUILD_END loadKey=453401436_true_false_-460289_-15131616_-15043608 htmlLen=1185 durationMs=5
08-25 22:32:09.405 20625 20625 D MailRenderTrace: mail=S09_3_2 t=61725874 thread=main layer=WV event=HTML_BUILD_READY loadKey=453401436_true_false_-460289_-15131616_-15043608 htmlLen=1185
08-25 22:32:09.405 20625 20625 D MailRenderTrace: mail=S09_3_2 t=61725874 thread=main layer=WV event=WV_UPDATE action=load previousKey=none loadKey=453401436_true_false_-460289_-15131616_-15043608 htmlLen=1185
08-25 22:32:09.409 20625 20625 D MailRenderTrace: mail=S09_3_2 t=61725878 thread=main layer=WV event=WV_LOAD_DATA loadKey=453401436_true_false_-460289_-15131616_-15043608 htmlLen=1185
08-25 22:32:09.412 20625 20625 D MailRenderTrace: mail=S09_3_2 t=61725881 thread=main layer=WV event=WV_PROGRESS loadKey=453401436_true_false_-460289_-15131616_-15043608 progress=10 milestone=0
08-25 22:32:09.412 20625 20625 D MailRenderTrace: mail=S09_3_2 t=61725881 thread=main layer=WV event=WV_UPDATE action=skip loadKey=453401436_true_false_-460289_-15131616_-15043608 reason=already_loaded
08-25 22:32:09.420 20625 20625 D MailRenderTrace: mail=S09_3_2 t=61725889 thread=main layer=WV event=WV_PAGE_STARTED loadKey=453401436_true_false_-460289_-15131616_-15043608
08-25 22:32:09.423 20625 20625 D MailRenderTrace: mail=S09_3_2 t=61725892 thread=main layer=WV event=WV_PROGRESS loadKey=453401436_true_false_-460289_-15131616_-15043608 progress=100 milestone=100
08-25 22:32:09.424 20625 20625 D MailRenderTrace: mail=S09_3_2 t=61725892 thread=main layer=WV event=WV_PAGE_FINISHED loadKey=453401436_true_false_-460289_-15131616_-15043608
08-25 22:32:09.424 20625 20625 D MailRenderTrace: mail=S09_3_2 t=61725892 thread=main layer=WV event=WV_VISUAL_REQUESTED loadKey=453401436_true_false_-460289_-15131616_-15043608
08-25 22:32:09.432 20625 20625 D MailRenderTrace: mail=S09_3_2 t=61725901 thread=main layer=WV event=WV_COMMIT_VISIBLE loadKey=453401436_true_false_-460289_-15131616_-15043608
08-25 22:32:09.432 20625 20625 D MailRenderTrace: mail=S09_3_2 t=61725901 thread=main layer=WV event=WV_VISUAL_CALLBACK loadKey=453401436_true_false_-460289_-15131616_-15043608 requestId=0
08-25 22:32:09.433 20625 20625 D MailRenderTrace: mail=S09_3_2 t=61725901 thread=main layer=WV event=WV_SCROLL_RESTORE_POSTED loadKey=453401436_true_false_-460289_-15131616_-15043608 scrollY=0
08-25 22:32:09.433 20625 20625 D MailRenderTrace: mail=S09_3_2 t=61725902 thread=main layer=WV event=WV_SCROLL_RESTORE_APPLIED loadKey=453401436_true_false_-460289_-15131616_-15043608 scrollY=0
08-25 22:32:09.433 20625 20625 D MailRenderTrace: mail=S09_3_2 t=61725902 thread=main layer=WV event=WV_PAGE_RENDERED_DISPATCH loadKey=453401436_true_false_-460289_-15131616_-15043608
08-25 22:32:10.884 20625 20625 D MailRenderTrace: mail=S09_3_2 t=61727352 thread=main layer=WV event=WV_PROGRESS loadKey=453401436_true_false_-460289_-15131616_-15043608 progress=10 milestone=0
08-25 22:32:10.884 20625 20625 D MailRenderTrace: mail=S09_3_2 t=61727353 thread=main layer=WV event=WV_ON_PAUSE hasWebView=true scrollY=0
08-25 22:32:10.890 20625 20625 D MailRenderTrace: mail=S09_3_2 t=61727358 thread=main layer=WV event=WV_PROGRESS loadKey=453401436_true_false_-460289_-15131616_-15043608 progress=100 milestone=100
08-25 22:32:13.571 20625 20625 D MailRenderTrace: mail=S09_3_2 t=61730040 thread=main layer=WV event=WV_ON_RESUME hasWebView=true savedScrollY=0
08-25 22:32:13.572 20625 20625 D MailRenderTrace: mail=S09_3_2 t=61730040 thread=main layer=WV event=WV_RESUME_VISUAL_REQUESTED
08-25 22:32:13.594 20625 20625 D MailRenderTrace: mail=S09_3_2 t=61730063 thread=main layer=WV event=WV_RESUME_VISUAL_CALLBACK loadKey=453401436_true_false_-460289_-15131616_-15043608 activeLoadKey=453401436_true_false_-460289_-15131616_-15043608 released=false requestId=0
08-25 22:32:13.595 20625 20625 D MailRenderTrace: mail=S09_3_2 t=61730063 thread=main layer=WV event=WV_RESUME_SCROLL_APPLIED scrollY=0
