08-25 19:23:38.413 25998 25998 D MailRenderTrace: mail=S09_3_2 t=7994765 thread=main layer=WV event=WV_FACTORY instance=e93e5ae loadKey=453401436_true_false_-460289_-15131616_-15043608
08-25 19:23:38.416 25998 25998 D MailRenderTrace: mail=S09_3_2 t=7994768 thread=main layer=WV event=WV_COMPOSABLE_ENTER loadKey=453401436_true_false_-460289_-15131616_-15043608 bodyLen=147
08-25 19:23:38.416 25998 25998 D MailRenderTrace: mail=S09_3_2 t=7994768 thread=main layer=WV event=WV_ON_RESUME hasWebView=true savedScrollY=0
08-25 19:23:38.416 25998 25998 D MailRenderTrace: mail=S09_3_2 t=7994769 thread=main layer=WV event=WV_RESUME_VISUAL_SKIPPED reason=no_active_document
08-25 19:23:38.418 25998 25998 D MailRenderTrace: mail=S09_3_2 t=7994770 thread=main layer=WV event=WV_UPDATE action=wait reason=html_pending:453401436_true_false_-460289_-15131616_-15043608
08-25 19:23:38.418 25998 25998 D MailRenderTrace: mail=S09_3_2 t=7994770 thread=main layer=WV event=WV_ATTACHED instance=e93e5ae width=0 height=0
08-25 19:23:38.442 25998 26016 D MailRenderTrace: mail=S09_3_2 t=7994794 thread=DefaultDispatcher-worker-1 layer=WV event=HTML_BUILD_START loadKey=453401436_true_false_-460289_-15131616_-15043608 bodyLen=147
08-25 19:23:38.445 25998 26016 D MailRenderTrace: mail=S09_3_2 t=7994797 thread=DefaultDispatcher-worker-1 layer=WV event=HTML_BUILD_END loadKey=453401436_true_false_-460289_-15131616_-15043608 htmlLen=1185 durationMs=3
08-25 19:23:38.446 25998 25998 D MailRenderTrace: mail=S09_3_2 t=7994798 thread=main layer=WV event=HTML_BUILD_READY loadKey=453401436_true_false_-460289_-15131616_-15043608 htmlLen=1185
08-25 19:23:38.446 25998 25998 D MailRenderTrace: mail=S09_3_2 t=7994799 thread=main layer=WV event=WV_UPDATE action=load previousKey=none loadKey=453401436_true_false_-460289_-15131616_-15043608 htmlLen=1185
08-25 19:23:38.460 25998 25998 D MailRenderTrace: mail=S09_3_2 t=7994812 thread=main layer=WV event=WV_LOAD_DATA loadKey=453401436_true_false_-460289_-15131616_-15043608 htmlLen=1185
08-25 19:23:38.475 25998 25998 D MailRenderTrace: mail=S09_3_2 t=7994827 thread=main layer=WV event=WV_PROGRESS loadKey=453401436_true_false_-460289_-15131616_-15043608 progress=10 milestone=0
08-25 19:23:38.476 25998 25998 D MailRenderTrace: mail=S09_3_2 t=7994828 thread=main layer=WV event=WV_UPDATE action=skip loadKey=453401436_true_false_-460289_-15131616_-15043608 reason=already_loaded
08-25 19:23:38.644 25998 25998 D MailRenderTrace: mail=S09_3_2 t=7994996 thread=main layer=WV event=WV_PAGE_STARTED loadKey=453401436_true_false_-460289_-15131616_-15043608
08-25 19:23:38.646 25998 25998 D MailRenderTrace: mail=S09_3_2 t=7994998 thread=main layer=WV event=WV_PROGRESS loadKey=453401436_true_false_-460289_-15131616_-15043608 progress=70 milestone=50
08-25 19:23:38.735 25998 25998 D MailRenderTrace: mail=S09_3_2 t=7995087 thread=main layer=WV event=WV_PROGRESS loadKey=453401436_true_false_-460289_-15131616_-15043608 progress=100 milestone=100
08-25 19:23:38.736 25998 25998 D MailRenderTrace: mail=S09_3_2 t=7995088 thread=main layer=WV event=WV_PAGE_FINISHED loadKey=453401436_true_false_-460289_-15131616_-15043608
08-25 19:23:38.736 25998 25998 D MailRenderTrace: mail=S09_3_2 t=7995088 thread=main layer=WV event=WV_VISUAL_REQUESTED loadKey=453401436_true_false_-460289_-15131616_-15043608
08-25 19:23:38.741 25998 25998 D MailRenderTrace: mail=S09_3_2 t=7995093 thread=main layer=WV event=WV_COMMIT_VISIBLE loadKey=453401436_true_false_-460289_-15131616_-15043608
08-25 19:23:38.742 25998 25998 D MailRenderTrace: mail=S09_3_2 t=7995094 thread=main layer=WV event=WV_VISUAL_CALLBACK loadKey=453401436_true_false_-460289_-15131616_-15043608 requestId=0
08-25 19:23:38.742 25998 25998 D MailRenderTrace: mail=S09_3_2 t=7995094 thread=main layer=WV event=WV_SCROLL_RESTORE_POSTED loadKey=453401436_true_false_-460289_-15131616_-15043608 scrollY=0
08-25 19:23:38.742 25998 25998 D MailRenderTrace: mail=S09_3_2 t=7995094 thread=main layer=WV event=WV_SCROLL_RESTORE_APPLIED loadKey=453401436_true_false_-460289_-15131616_-15043608 scrollY=0
08-25 19:23:38.742 25998 25998 D MailRenderTrace: mail=S09_3_2 t=7995094 thread=main layer=WV event=WV_PAGE_RENDERED_DISPATCH loadKey=453401436_true_false_-460289_-15131616_-15043608
08-25 19:23:39.837 25998 25998 D MailRenderTrace: mail=S09_3_2 t=7996189 thread=main layer=WV event=WV_PROGRESS loadKey=453401436_true_false_-460289_-15131616_-15043608 progress=10 milestone=0
08-25 19:23:39.841 25998 25998 D MailRenderTrace: mail=S09_3_2 t=7996193 thread=main layer=WV event=WV_ON_PAUSE hasWebView=true scrollY=0
08-25 19:23:39.864 25998 25998 D MailRenderTrace: mail=S09_3_2 t=7996216 thread=main layer=WV event=WV_PROGRESS loadKey=453401436_true_false_-460289_-15131616_-15043608 progress=100 milestone=100
08-25 19:23:43.549 25998 25998 D MailRenderTrace: mail=S09_3_2 t=7999901 thread=main layer=WV event=WV_ON_RESUME hasWebView=true savedScrollY=0
08-25 19:23:43.549 25998 25998 D MailRenderTrace: mail=S09_3_2 t=7999901 thread=main layer=WV event=WV_RESUME_VISUAL_REQUESTED
08-25 19:23:43.849 25998 25998 D MailRenderTrace: mail=S09_3_2 t=8000202 thread=main layer=WV event=WV_RESUME_VISUAL_CALLBACK loadKey=453401436_true_false_-460289_-15131616_-15043608 activeLoadKey=453401436_true_false_-460289_-15131616_-15043608 released=false requestId=0
08-25 19:23:43.850 25998 25998 D MailRenderTrace: mail=S09_3_2 t=8000202 thread=main layer=WV event=WV_RESUME_SCROLL_APPLIED scrollY=0
