08-25 22:32:52.313 20625 20625 D MailRenderTrace: mail=S10_3_1 t=61768781 thread=main layer=WV event=WV_FACTORY instance=4536798 loadKey=-263468103_true_false_-460289_-15131616_-15043608
08-25 22:32:52.316 20625 20625 D MailRenderTrace: mail=S10_3_1 t=61768784 thread=main layer=WV event=WV_COMPOSABLE_ENTER loadKey=-263468103_true_false_-460289_-15131616_-15043608 bodyLen=113
08-25 22:32:52.316 20625 20625 D MailRenderTrace: mail=S10_3_1 t=61768784 thread=main layer=WV event=WV_ON_RESUME hasWebView=true savedScrollY=0
08-25 22:32:52.316 20625 20625 D MailRenderTrace: mail=S10_3_1 t=61768785 thread=main layer=WV event=WV_RESUME_VISUAL_SKIPPED reason=no_active_document
08-25 22:32:52.316 20625 20625 D MailRenderTrace: mail=S10_3_1 t=61768785 thread=main layer=WV event=WV_UPDATE action=wait reason=html_pending:-263468103_true_false_-460289_-15131616_-15043608
08-25 22:32:52.317 20625 20625 D MailRenderTrace: mail=S10_3_1 t=61768785 thread=main layer=WV event=WV_ATTACHED instance=4536798 width=0 height=0
08-25 22:32:52.325 20625 20641 D MailRenderTrace: mail=S10_3_1 t=61768794 thread=DefaultDispatcher-worker-1 layer=WV event=HTML_BUILD_START loadKey=-263468103_true_false_-460289_-15131616_-15043608 bodyLen=113
08-25 22:32:52.332 20625 20641 D MailRenderTrace: mail=S10_3_1 t=61768800 thread=DefaultDispatcher-worker-1 layer=WV event=HTML_BUILD_END loadKey=-263468103_true_false_-460289_-15131616_-15043608 htmlLen=1152 durationMs=6
08-25 22:32:52.332 20625 20625 D MailRenderTrace: mail=S10_3_1 t=61768801 thread=main layer=WV event=HTML_BUILD_READY loadKey=-263468103_true_false_-460289_-15131616_-15043608 htmlLen=1152
08-25 22:32:52.333 20625 20625 D MailRenderTrace: mail=S10_3_1 t=61768801 thread=main layer=WV event=WV_UPDATE action=load previousKey=none loadKey=-263468103_true_false_-460289_-15131616_-15043608 htmlLen=1152
08-25 22:32:52.336 20625 20625 D MailRenderTrace: mail=S10_3_1 t=61768805 thread=main layer=WV event=WV_LOAD_DATA loadKey=-263468103_true_false_-460289_-15131616_-15043608 htmlLen=1152
08-25 22:32:52.340 20625 20625 D MailRenderTrace: mail=S10_3_1 t=61768808 thread=main layer=WV event=WV_PROGRESS loadKey=-263468103_true_false_-460289_-15131616_-15043608 progress=10 milestone=0
08-25 22:32:52.340 20625 20625 D MailRenderTrace: mail=S10_3_1 t=61768808 thread=main layer=WV event=WV_UPDATE action=skip loadKey=-263468103_true_false_-460289_-15131616_-15043608 reason=already_loaded
08-25 22:32:52.346 20625 20625 D MailRenderTrace: mail=S10_3_1 t=61768815 thread=main layer=WV event=WV_PAGE_STARTED loadKey=-263468103_true_false_-460289_-15131616_-15043608
08-25 22:32:52.349 20625 20625 D MailRenderTrace: mail=S10_3_1 t=61768818 thread=main layer=WV event=WV_PROGRESS loadKey=-263468103_true_false_-460289_-15131616_-15043608 progress=100 milestone=100
08-25 22:32:52.350 20625 20625 D MailRenderTrace: mail=S10_3_1 t=61768818 thread=main layer=WV event=WV_PAGE_FINISHED loadKey=-263468103_true_false_-460289_-15131616_-15043608
08-25 22:32:52.350 20625 20625 D MailRenderTrace: mail=S10_3_1 t=61768819 thread=main layer=WV event=WV_VISUAL_REQUESTED loadKey=-263468103_true_false_-460289_-15131616_-15043608
08-25 22:32:52.359 20625 20625 D MailRenderTrace: mail=S10_3_1 t=61768827 thread=main layer=WV event=WV_COMMIT_VISIBLE loadKey=-263468103_true_false_-460289_-15131616_-15043608
08-25 22:32:52.359 20625 20625 D MailRenderTrace: mail=S10_3_1 t=61768828 thread=main layer=WV event=WV_VISUAL_CALLBACK loadKey=-263468103_true_false_-460289_-15131616_-15043608 requestId=0
08-25 22:32:52.359 20625 20625 D MailRenderTrace: mail=S10_3_1 t=61768828 thread=main layer=WV event=WV_SCROLL_RESTORE_POSTED loadKey=-263468103_true_false_-460289_-15131616_-15043608 scrollY=0
08-25 22:32:52.359 20625 20625 D MailRenderTrace: mail=S10_3_1 t=61768828 thread=main layer=WV event=WV_SCROLL_RESTORE_APPLIED loadKey=-263468103_true_false_-460289_-15131616_-15043608 scrollY=0
08-25 22:32:52.360 20625 20625 D MailRenderTrace: mail=S10_3_1 t=61768828 thread=main layer=WV event=WV_PAGE_RENDERED_DISPATCH loadKey=-263468103_true_false_-460289_-15131616_-15043608
