08-25 15:49:04.974 11153 11153 D MailRenderTrace: mail=S11_3_1 t=1939298 thread=main layer=WV event=WV_COMPOSABLE_ENTER loadKey=-263468103_true_false_-460289_-15131616_-15043608 bodyLen=113
08-25 15:49:04.975 11153 11153 D MailRenderTrace: mail=S11_3_1 t=1939299 thread=main layer=WV event=WV_ON_RESUME hasWebView=true savedScrollY=0
08-25 15:49:04.975 11153 11153 D MailRenderTrace: mail=S11_3_1 t=1939299 thread=main layer=WV event=WV_RESUME_VISUAL_SKIPPED reason=no_active_document
08-25 15:49:04.975 11153 11153 D MailRenderTrace: mail=S11_3_1 t=1939300 thread=main layer=WV event=WV_UPDATE action=wait reason=html_pending:-263468103_true_false_-460289_-15131616_-15043608
08-25 15:49:04.978 11153 11153 D MailRenderTrace: mail=S11_3_1 t=1939302 thread=main layer=WV event=WV_ATTACHED instance=9054b22 width=0 height=0
08-25 15:49:05.009 11153 11310 D MailRenderTrace: mail=S11_3_1 t=1939333 thread=DefaultDispatcher-worker-1 layer=WV event=HTML_BUILD_START loadKey=-263468103_true_false_-460289_-15131616_-15043608 bodyLen=113
08-25 15:49:05.018 11153 11310 D MailRenderTrace: mail=S11_3_1 t=1939342 thread=DefaultDispatcher-worker-1 layer=WV event=HTML_BUILD_END loadKey=-263468103_true_false_-460289_-15131616_-15043608 htmlLen=1152 durationMs=9
08-25 15:49:05.034 11153 11153 D MailRenderTrace: mail=S11_3_1 t=1939359 thread=main layer=WV event=HTML_BUILD_READY loadKey=-263468103_true_false_-460289_-15131616_-15043608 htmlLen=1152
08-25 15:49:05.037 11153 11153 D MailRenderTrace: mail=S11_3_1 t=1939361 thread=main layer=WV event=WV_UPDATE action=load previousKey=none loadKey=-263468103_true_false_-460289_-15131616_-15043608 htmlLen=1152
08-25 15:49:05.041 11153 11153 D MailRenderTrace: mail=S11_3_1 t=1939365 thread=main layer=WV event=WV_LOAD_DATA loadKey=-263468103_true_false_-460289_-15131616_-15043608 htmlLen=1152
08-25 15:49:05.049 11153 11153 D MailRenderTrace: mail=S11_3_1 t=1939373 thread=main layer=WV event=WV_PROGRESS loadKey=-263468103_true_false_-460289_-15131616_-15043608 progress=10 milestone=0
08-25 15:49:05.051 11153 11153 D MailRenderTrace: mail=S11_3_1 t=1939375 thread=main layer=WV event=WV_UPDATE action=skip loadKey=-263468103_true_false_-460289_-15131616_-15043608 reason=already_loaded
08-25 15:49:05.250 11153 11153 D MailRenderTrace: mail=S11_3_1 t=1939574 thread=main layer=WV event=WV_PAGE_STARTED loadKey=-263468103_true_false_-460289_-15131616_-15043608
08-25 15:49:05.252 11153 11153 D MailRenderTrace: mail=S11_3_1 t=1939576 thread=main layer=WV event=WV_PROGRESS loadKey=-263468103_true_false_-460289_-15131616_-15043608 progress=70 milestone=50
08-25 15:49:05.344 11153 11153 D MailRenderTrace: mail=S11_3_1 t=1939668 thread=main layer=WV event=WV_PROGRESS loadKey=-263468103_true_false_-460289_-15131616_-15043608 progress=100 milestone=100
08-25 15:49:05.345 11153 11153 D MailRenderTrace: mail=S11_3_1 t=1939669 thread=main layer=WV event=WV_PAGE_FINISHED loadKey=-263468103_true_false_-460289_-15131616_-15043608
08-25 15:49:05.345 11153 11153 D MailRenderTrace: mail=S11_3_1 t=1939669 thread=main layer=WV event=WV_VISUAL_REQUESTED loadKey=-263468103_true_false_-460289_-15131616_-15043608
08-25 15:49:05.349 11153 11153 D MailRenderTrace: mail=S11_3_1 t=1939673 thread=main layer=WV event=WV_COMMIT_VISIBLE loadKey=-263468103_true_false_-460289_-15131616_-15043608
08-25 15:49:05.349 11153 11153 D MailRenderTrace: mail=S11_3_1 t=1939673 thread=main layer=WV event=WV_VISUAL_CALLBACK loadKey=-263468103_true_false_-460289_-15131616_-15043608 requestId=0
08-25 15:49:05.349 11153 11153 D MailRenderTrace: mail=S11_3_1 t=1939673 thread=main layer=WV event=WV_SCROLL_RESTORE_POSTED loadKey=-263468103_true_false_-460289_-15131616_-15043608 scrollY=0
08-25 15:49:05.350 11153 11153 D MailRenderTrace: mail=S11_3_1 t=1939674 thread=main layer=WV event=WV_SCROLL_RESTORE_APPLIED loadKey=-263468103_true_false_-460289_-15131616_-15043608 scrollY=0
08-25 15:49:05.350 11153 11153 D MailRenderTrace: mail=S11_3_1 t=1939674 thread=main layer=WV event=WV_PAGE_RENDERED_DISPATCH loadKey=-263468103_true_false_-460289_-15131616_-15043608
08-25 15:49:05.889 11153 11153 D MailRenderTrace: mail=S11_3_1 t=1940213 thread=main layer=WV event=WV_UPDATE action=wait reason=html_pending:-1886015810_true_false_-460289_-15131616_-15043608
08-25 15:49:05.890 11153 11310 D MailRenderTrace: mail=S11_3_1 t=1940214 thread=DefaultDispatcher-worker-1 layer=WV event=HTML_BUILD_START loadKey=-1886015810_true_false_-460289_-15131616_-15043608 bodyLen=1244
08-25 15:49:05.898 11153 11310 D MailRenderTrace: mail=S11_3_1 t=1940222 thread=DefaultDispatcher-worker-1 layer=WV event=HTML_BUILD_END loadKey=-1886015810_true_false_-460289_-15131616_-15043608 htmlLen=2184 durationMs=8
08-25 15:49:05.914 11153 11153 D MailRenderTrace: mail=S11_3_1 t=1940238 thread=main layer=WV event=HTML_BUILD_READY loadKey=-1886015810_true_false_-460289_-15131616_-15043608 htmlLen=2184
08-25 15:49:05.915 11153 11153 D MailRenderTrace: mail=S11_3_1 t=1940239 thread=main layer=WV event=WV_UPDATE action=load previousKey=-263468103_true_false_-460289_-15131616_-15043608 loadKey=-1886015810_true_false_-460289_-15131616_-15043608 htmlLen=2184
08-25 15:49:05.918 11153 11153 D MailRenderTrace: mail=S11_3_1 t=1940242 thread=main layer=WV event=WV_LOAD_DATA loadKey=-1886015810_true_false_-460289_-15131616_-15043608 htmlLen=2184
08-25 15:49:05.925 11153 11153 D MailRenderTrace: mail=S11_3_1 t=1940249 thread=main layer=WV event=WV_PROGRESS loadKey=-1886015810_true_false_-460289_-15131616_-15043608 progress=10 milestone=0
08-25 15:49:05.926 11153 11153 D MailRenderTrace: mail=S11_3_1 t=1940250 thread=main layer=WV event=WV_UPDATE action=skip loadKey=-1886015810_true_false_-460289_-15131616_-15043608 reason=already_loaded
08-25 15:49:05.933 11153 11153 D MailRenderTrace: mail=S11_3_1 t=1940257 thread=main layer=WV event=WV_PAGE_STARTED loadKey=-1886015810_true_false_-460289_-15131616_-15043608
08-25 15:49:05.936 11153 11153 D MailRenderTrace: mail=S11_3_1 t=1940260 thread=main layer=WV event=WV_PROGRESS loadKey=-1886015810_true_false_-460289_-15131616_-15043608 progress=100 milestone=100
08-25 15:49:05.937 11153 11153 D MailRenderTrace: mail=S11_3_1 t=1940261 thread=main layer=WV event=WV_PAGE_FINISHED loadKey=-1886015810_true_false_-460289_-15131616_-15043608
08-25 15:49:05.937 11153 11153 D MailRenderTrace: mail=S11_3_1 t=1940261 thread=main layer=WV event=WV_VISUAL_REQUESTED loadKey=-1886015810_true_false_-460289_-15131616_-15043608
08-25 15:49:05.940 11153 11153 D MailRenderTrace: mail=S11_3_1 t=1940264 thread=main layer=WV event=WV_COMMIT_VISIBLE loadKey=-1886015810_true_false_-460289_-15131616_-15043608
08-25 15:49:05.957 11153 11153 D MailRenderTrace: mail=S11_3_1 t=1940281 thread=main layer=WV event=WV_VISUAL_CALLBACK loadKey=-1886015810_true_false_-460289_-15131616_-15043608 requestId=0
08-25 15:49:05.957 11153 11153 D MailRenderTrace: mail=S11_3_1 t=1940281 thread=main layer=WV event=WV_SCROLL_RESTORE_POSTED loadKey=-1886015810_true_false_-460289_-15131616_-15043608 scrollY=0
08-25 15:49:05.959 11153 11153 D MailRenderTrace: mail=S11_3_1 t=1940283 thread=main layer=WV event=WV_SCROLL_RESTORE_APPLIED loadKey=-1886015810_true_false_-460289_-15131616_-15043608 scrollY=0
08-25 15:49:05.959 11153 11153 D MailRenderTrace: mail=S11_3_1 t=1940283 thread=main layer=WV event=WV_PAGE_RENDERED_DISPATCH loadKey=-1886015810_true_false_-460289_-15131616_-15043608
