08-25 22:32:28.527 20625 20625 D MailRenderTrace: mail=S11_3_1 t=61744996 thread=main layer=WV event=WV_FACTORY instance=8e17728 loadKey=-263468103_true_false_-460289_-15131616_-15043608
08-25 22:32:28.531 20625 20625 D MailRenderTrace: mail=S11_3_1 t=61744999 thread=main layer=WV event=WV_COMPOSABLE_ENTER loadKey=-263468103_true_false_-460289_-15131616_-15043608 bodyLen=113
08-25 22:32:28.531 20625 20625 D MailRenderTrace: mail=S11_3_1 t=61745000 thread=main layer=WV event=WV_ON_RESUME hasWebView=true savedScrollY=0
08-25 22:32:28.531 20625 20625 D MailRenderTrace: mail=S11_3_1 t=61745000 thread=main layer=WV event=WV_RESUME_VISUAL_SKIPPED reason=no_active_document
08-25 22:32:28.532 20625 20625 D MailRenderTrace: mail=S11_3_1 t=61745000 thread=main layer=WV event=WV_UPDATE action=wait reason=html_pending:-263468103_true_false_-460289_-15131616_-15043608
08-25 22:32:28.532 20625 20625 D MailRenderTrace: mail=S11_3_1 t=61745001 thread=main layer=WV event=WV_ATTACHED instance=8e17728 width=0 height=0
08-25 22:32:28.540 20625 20641 D MailRenderTrace: mail=S11_3_1 t=61745009 thread=DefaultDispatcher-worker-1 layer=WV event=HTML_BUILD_START loadKey=-263468103_true_false_-460289_-15131616_-15043608 bodyLen=113
08-25 22:32:28.546 20625 20641 D MailRenderTrace: mail=S11_3_1 t=61745014 thread=DefaultDispatcher-worker-1 layer=WV event=HTML_BUILD_END loadKey=-263468103_true_false_-460289_-15131616_-15043608 htmlLen=1152 durationMs=5
08-25 22:32:28.546 20625 20625 D MailRenderTrace: mail=S11_3_1 t=61745015 thread=main layer=WV event=HTML_BUILD_READY loadKey=-263468103_true_false_-460289_-15131616_-15043608 htmlLen=1152
08-25 22:32:28.546 20625 20625 D MailRenderTrace: mail=S11_3_1 t=61745015 thread=main layer=WV event=WV_UPDATE action=load previousKey=none loadKey=-263468103_true_false_-460289_-15131616_-15043608 htmlLen=1152
08-25 22:32:28.550 20625 20625 D MailRenderTrace: mail=S11_3_1 t=61745018 thread=main layer=WV event=WV_LOAD_DATA loadKey=-263468103_true_false_-460289_-15131616_-15043608 htmlLen=1152
08-25 22:32:28.553 20625 20625 D MailRenderTrace: mail=S11_3_1 t=61745022 thread=main layer=WV event=WV_PROGRESS loadKey=-263468103_true_false_-460289_-15131616_-15043608 progress=10 milestone=0
08-25 22:32:28.553 20625 20625 D MailRenderTrace: mail=S11_3_1 t=61745022 thread=main layer=WV event=WV_UPDATE action=skip loadKey=-263468103_true_false_-460289_-15131616_-15043608 reason=already_loaded
08-25 22:32:28.564 20625 20625 D MailRenderTrace: mail=S11_3_1 t=61745033 thread=main layer=WV event=WV_PAGE_STARTED loadKey=-263468103_true_false_-460289_-15131616_-15043608
08-25 22:32:28.566 20625 20625 D MailRenderTrace: mail=S11_3_1 t=61745035 thread=main layer=WV event=WV_PROGRESS loadKey=-263468103_true_false_-460289_-15131616_-15043608 progress=100 milestone=100
08-25 22:32:28.567 20625 20625 D MailRenderTrace: mail=S11_3_1 t=61745035 thread=main layer=WV event=WV_PAGE_FINISHED loadKey=-263468103_true_false_-460289_-15131616_-15043608
08-25 22:32:28.567 20625 20625 D MailRenderTrace: mail=S11_3_1 t=61745035 thread=main layer=WV event=WV_VISUAL_REQUESTED loadKey=-263468103_true_false_-460289_-15131616_-15043608
08-25 22:32:28.580 20625 20625 D MailRenderTrace: mail=S11_3_1 t=61745049 thread=main layer=WV event=WV_COMMIT_VISIBLE loadKey=-263468103_true_false_-460289_-15131616_-15043608
08-25 22:32:28.580 20625 20625 D MailRenderTrace: mail=S11_3_1 t=61745049 thread=main layer=WV event=WV_VISUAL_CALLBACK loadKey=-263468103_true_false_-460289_-15131616_-15043608 requestId=0
08-25 22:32:28.581 20625 20625 D MailRenderTrace: mail=S11_3_1 t=61745049 thread=main layer=WV event=WV_SCROLL_RESTORE_POSTED loadKey=-263468103_true_false_-460289_-15131616_-15043608 scrollY=0
08-25 22:32:28.581 20625 20625 D MailRenderTrace: mail=S11_3_1 t=61745050 thread=main layer=WV event=WV_SCROLL_RESTORE_APPLIED loadKey=-263468103_true_false_-460289_-15131616_-15043608 scrollY=0
08-25 22:32:28.581 20625 20625 D MailRenderTrace: mail=S11_3_1 t=61745050 thread=main layer=WV event=WV_PAGE_RENDERED_DISPATCH loadKey=-263468103_true_false_-460289_-15131616_-15043608
08-25 22:32:29.154 20625 20625 D MailRenderTrace: mail=S11_3_1 t=61745623 thread=main layer=WV event=WV_UPDATE action=wait reason=html_pending:-1886015810_true_false_-460289_-15131616_-15043608
08-25 22:32:29.156 20625 20641 D MailRenderTrace: mail=S11_3_1 t=61745624 thread=DefaultDispatcher-worker-1 layer=WV event=HTML_BUILD_START loadKey=-1886015810_true_false_-460289_-15131616_-15043608 bodyLen=1244
08-25 22:32:29.192 20625 20641 D MailRenderTrace: mail=S11_3_1 t=61745661 thread=DefaultDispatcher-worker-1 layer=WV event=HTML_BUILD_END loadKey=-1886015810_true_false_-460289_-15131616_-15043608 htmlLen=2184 durationMs=37
08-25 22:32:29.230 20625 20625 D MailRenderTrace: mail=S11_3_1 t=61745699 thread=main layer=WV event=HTML_BUILD_READY loadKey=-1886015810_true_false_-460289_-15131616_-15043608 htmlLen=2184
08-25 22:32:29.232 20625 20625 D MailRenderTrace: mail=S11_3_1 t=61745701 thread=main layer=WV event=WV_UPDATE action=load previousKey=-263468103_true_false_-460289_-15131616_-15043608 loadKey=-1886015810_true_false_-460289_-15131616_-15043608 htmlLen=2184
08-25 22:32:29.246 20625 20625 D MailRenderTrace: mail=S11_3_1 t=61745715 thread=main layer=WV event=WV_LOAD_DATA loadKey=-1886015810_true_false_-460289_-15131616_-15043608 htmlLen=2184
08-25 22:32:29.260 20625 20625 D MailRenderTrace: mail=S11_3_1 t=61745729 thread=main layer=WV event=WV_PROGRESS loadKey=-1886015810_true_false_-460289_-15131616_-15043608 progress=10 milestone=0
08-25 22:32:29.261 20625 20625 D MailRenderTrace: mail=S11_3_1 t=61745729 thread=main layer=WV event=WV_UPDATE action=skip loadKey=-1886015810_true_false_-460289_-15131616_-15043608 reason=already_loaded
08-25 22:32:29.277 20625 20625 D MailRenderTrace: mail=S11_3_1 t=61745746 thread=main layer=WV event=WV_PAGE_STARTED loadKey=-1886015810_true_false_-460289_-15131616_-15043608
08-25 22:32:29.287 20625 20625 D MailRenderTrace: mail=S11_3_1 t=61745756 thread=main layer=WV event=WV_PROGRESS loadKey=-1886015810_true_false_-460289_-15131616_-15043608 progress=100 milestone=100
08-25 22:32:29.288 20625 20625 D MailRenderTrace: mail=S11_3_1 t=61745756 thread=main layer=WV event=WV_PAGE_FINISHED loadKey=-1886015810_true_false_-460289_-15131616_-15043608
08-25 22:32:29.288 20625 20625 D MailRenderTrace: mail=S11_3_1 t=61745756 thread=main layer=WV event=WV_VISUAL_REQUESTED loadKey=-1886015810_true_false_-460289_-15131616_-15043608
08-25 22:32:29.294 20625 20625 D MailRenderTrace: mail=S11_3_1 t=61745763 thread=main layer=WV event=WV_COMMIT_VISIBLE loadKey=-1886015810_true_false_-460289_-15131616_-15043608
08-25 22:32:29.294 20625 20625 D MailRenderTrace: mail=S11_3_1 t=61745763 thread=main layer=WV event=WV_VISUAL_CALLBACK loadKey=-1886015810_true_false_-460289_-15131616_-15043608 requestId=0
08-25 22:32:29.294 20625 20625 D MailRenderTrace: mail=S11_3_1 t=61745763 thread=main layer=WV event=WV_SCROLL_RESTORE_POSTED loadKey=-1886015810_true_false_-460289_-15131616_-15043608 scrollY=0
08-25 22:32:29.295 20625 20625 D MailRenderTrace: mail=S11_3_1 t=61745764 thread=main layer=WV event=WV_SCROLL_RESTORE_APPLIED loadKey=-1886015810_true_false_-460289_-15131616_-15043608 scrollY=0
08-25 22:32:29.295 20625 20625 D MailRenderTrace: mail=S11_3_1 t=61745764 thread=main layer=WV event=WV_PAGE_RENDERED_DISPATCH loadKey=-1886015810_true_false_-460289_-15131616_-15043608
