08-25 22:32:18.861 20625 20625 D MailRenderTrace: mail=S12_3_1 t=61735329 thread=main layer=WV event=WV_FACTORY instance=1f06575 loadKey=-263468103_true_false_-460289_-15131616_-15043608
08-25 22:32:18.863 20625 20625 D MailRenderTrace: mail=S12_3_1 t=61735332 thread=main layer=WV event=WV_COMPOSABLE_ENTER loadKey=-263468103_true_false_-460289_-15131616_-15043608 bodyLen=113
08-25 22:32:18.864 20625 20625 D MailRenderTrace: mail=S12_3_1 t=61735332 thread=main layer=WV event=WV_ON_RESUME hasWebView=true savedScrollY=0
08-25 22:32:18.864 20625 20625 D MailRenderTrace: mail=S12_3_1 t=61735332 thread=main layer=WV event=WV_RESUME_VISUAL_SKIPPED reason=no_active_document
08-25 22:32:18.864 20625 20625 D MailRenderTrace: mail=S12_3_1 t=61735333 thread=main layer=WV event=WV_UPDATE action=wait reason=html_pending:-263468103_true_false_-460289_-15131616_-15043608
08-25 22:32:18.865 20625 20625 D MailRenderTrace: mail=S12_3_1 t=61735333 thread=main layer=WV event=WV_ATTACHED instance=1f06575 width=0 height=0
08-25 22:32:18.875 20625 20641 D MailRenderTrace: mail=S12_3_1 t=61735343 thread=DefaultDispatcher-worker-1 layer=WV event=HTML_BUILD_START loadKey=-263468103_true_false_-460289_-15131616_-15043608 bodyLen=113
08-25 22:32:18.880 20625 20641 D MailRenderTrace: mail=S12_3_1 t=61735349 thread=DefaultDispatcher-worker-1 layer=WV event=HTML_BUILD_END loadKey=-263468103_true_false_-460289_-15131616_-15043608 htmlLen=1152 durationMs=6
08-25 22:32:18.886 20625 20625 D MailRenderTrace: mail=S12_3_1 t=61735355 thread=main layer=WV event=HTML_BUILD_READY loadKey=-263468103_true_false_-460289_-15131616_-15043608 htmlLen=1152
08-25 22:32:18.887 20625 20625 D MailRenderTrace: mail=S12_3_1 t=61735355 thread=main layer=WV event=WV_UPDATE action=load previousKey=none loadKey=-263468103_true_false_-460289_-15131616_-15043608 htmlLen=1152
08-25 22:32:18.890 20625 20625 D MailRenderTrace: mail=S12_3_1 t=61735359 thread=main layer=WV event=WV_LOAD_DATA loadKey=-263468103_true_false_-460289_-15131616_-15043608 htmlLen=1152
08-25 22:32:18.895 20625 20625 D MailRenderTrace: mail=S12_3_1 t=61735363 thread=main layer=WV event=WV_PROGRESS loadKey=-263468103_true_false_-460289_-15131616_-15043608 progress=10 milestone=0
08-25 22:32:18.896 20625 20625 D MailRenderTrace: mail=S12_3_1 t=61735365 thread=main layer=WV event=WV_UPDATE action=skip loadKey=-263468103_true_false_-460289_-15131616_-15043608 reason=already_loaded
08-25 22:32:18.904 20625 20625 D MailRenderTrace: mail=S12_3_1 t=61735372 thread=main layer=WV event=WV_PAGE_STARTED loadKey=-263468103_true_false_-460289_-15131616_-15043608
08-25 22:32:18.906 20625 20625 D MailRenderTrace: mail=S12_3_1 t=61735375 thread=main layer=WV event=WV_PROGRESS loadKey=-263468103_true_false_-460289_-15131616_-15043608 progress=100 milestone=100
08-25 22:32:18.906 20625 20625 D MailRenderTrace: mail=S12_3_1 t=61735375 thread=main layer=WV event=WV_PAGE_FINISHED loadKey=-263468103_true_false_-460289_-15131616_-15043608
08-25 22:32:18.906 20625 20625 D MailRenderTrace: mail=S12_3_1 t=61735375 thread=main layer=WV event=WV_VISUAL_REQUESTED loadKey=-263468103_true_false_-460289_-15131616_-15043608
08-25 22:32:18.924 20625 20625 D MailRenderTrace: mail=S12_3_1 t=61735393 thread=main layer=WV event=WV_COMMIT_VISIBLE loadKey=-263468103_true_false_-460289_-15131616_-15043608
08-25 22:32:18.925 20625 20625 D MailRenderTrace: mail=S12_3_1 t=61735393 thread=main layer=WV event=WV_VISUAL_CALLBACK loadKey=-263468103_true_false_-460289_-15131616_-15043608 requestId=0
08-25 22:32:18.925 20625 20625 D MailRenderTrace: mail=S12_3_1 t=61735393 thread=main layer=WV event=WV_SCROLL_RESTORE_POSTED loadKey=-263468103_true_false_-460289_-15131616_-15043608 scrollY=0
08-25 22:32:18.925 20625 20625 D MailRenderTrace: mail=S12_3_1 t=61735394 thread=main layer=WV event=WV_SCROLL_RESTORE_APPLIED loadKey=-263468103_true_false_-460289_-15131616_-15043608 scrollY=0
08-25 22:32:18.926 20625 20625 D MailRenderTrace: mail=S12_3_1 t=61735394 thread=main layer=WV event=WV_PAGE_RENDERED_DISPATCH loadKey=-263468103_true_false_-460289_-15131616_-15043608
08-25 22:32:19.505 20625 20625 D MailRenderTrace: mail=S12_3_1 t=61735974 thread=main layer=WV event=WV_UPDATE action=wait reason=html_pending:-263468103_true_true_-15789028_-1907991_-5715974
08-25 22:32:19.508 20625 20641 D MailRenderTrace: mail=S12_3_1 t=61735976 thread=DefaultDispatcher-worker-1 layer=WV event=HTML_BUILD_START loadKey=-263468103_true_true_-15789028_-1907991_-5715974 bodyLen=113
08-25 22:32:19.532 20625 20641 D MailRenderTrace: mail=S12_3_1 t=61736001 thread=DefaultDispatcher-worker-1 layer=WV event=HTML_BUILD_END loadKey=-263468103_true_true_-15789028_-1907991_-5715974 htmlLen=1152 durationMs=24
08-25 22:32:19.585 20625 20625 D MailRenderTrace: mail=S12_3_1 t=61736054 thread=main layer=WV event=HTML_BUILD_READY loadKey=-263468103_true_true_-15789028_-1907991_-5715974 htmlLen=1152
08-25 22:32:19.587 20625 20625 D MailRenderTrace: mail=S12_3_1 t=61736056 thread=main layer=WV event=WV_UPDATE action=load previousKey=-263468103_true_false_-460289_-15131616_-15043608 loadKey=-263468103_true_true_-15789028_-1907991_-5715974 htmlLen=1152
08-25 22:32:19.603 20625 20625 D MailRenderTrace: mail=S12_3_1 t=61736071 thread=main layer=WV event=WV_LOAD_DATA loadKey=-263468103_true_true_-15789028_-1907991_-5715974 htmlLen=1152
08-25 22:32:19.610 20625 20625 D MailRenderTrace: mail=S12_3_1 t=61736079 thread=main layer=WV event=WV_PROGRESS loadKey=-263468103_true_true_-15789028_-1907991_-5715974 progress=10 milestone=0
08-25 22:32:19.612 20625 20625 D MailRenderTrace: mail=S12_3_1 t=61736081 thread=main layer=WV event=WV_UPDATE action=skip loadKey=-263468103_true_true_-15789028_-1907991_-5715974 reason=already_loaded
08-25 22:32:19.619 20625 20625 D MailRenderTrace: mail=S12_3_1 t=61736088 thread=main layer=WV event=WV_PAGE_STARTED loadKey=-263468103_true_true_-15789028_-1907991_-5715974
08-25 22:32:19.624 20625 20625 D MailRenderTrace: mail=S12_3_1 t=61736093 thread=main layer=WV event=WV_PROGRESS loadKey=-263468103_true_true_-15789028_-1907991_-5715974 progress=100 milestone=100
08-25 22:32:19.624 20625 20625 D MailRenderTrace: mail=S12_3_1 t=61736093 thread=main layer=WV event=WV_PAGE_FINISHED loadKey=-263468103_true_true_-15789028_-1907991_-5715974
08-25 22:32:19.624 20625 20625 D MailRenderTrace: mail=S12_3_1 t=61736093 thread=main layer=WV event=WV_VISUAL_REQUESTED loadKey=-263468103_true_true_-15789028_-1907991_-5715974
08-25 22:32:19.627 20625 20625 D MailRenderTrace: mail=S12_3_1 t=61736095 thread=main layer=WV event=WV_COMMIT_VISIBLE loadKey=-263468103_true_true_-15789028_-1907991_-5715974
08-25 22:32:19.639 20625 20625 D MailRenderTrace: mail=S12_3_1 t=61736107 thread=main layer=WV event=WV_VISUAL_CALLBACK loadKey=-263468103_true_true_-15789028_-1907991_-5715974 requestId=0
08-25 22:32:19.639 20625 20625 D MailRenderTrace: mail=S12_3_1 t=61736108 thread=main layer=WV event=WV_SCROLL_RESTORE_POSTED loadKey=-263468103_true_true_-15789028_-1907991_-5715974 scrollY=0
08-25 22:32:19.639 20625 20625 D MailRenderTrace: mail=S12_3_1 t=61736108 thread=main layer=WV event=WV_SCROLL_RESTORE_APPLIED loadKey=-263468103_true_true_-15789028_-1907991_-5715974 scrollY=0
08-25 22:32:19.639 20625 20625 D MailRenderTrace: mail=S12_3_1 t=61736108 thread=main layer=WV event=WV_PAGE_RENDERED_DISPATCH loadKey=-263468103_true_true_-15789028_-1907991_-5715974
