08-25 15:48:56.246 11153 11153 D MailRenderTrace: mail=S12_3_1 t=1930570 thread=main layer=WV event=WV_FACTORY instance=44f5dab loadKey=-263468103_true_false_-460289_-15131616_-15043608
08-25 15:48:56.249 11153 11153 D MailRenderTrace: mail=S12_3_1 t=1930573 thread=main layer=WV event=WV_COMPOSABLE_ENTER loadKey=-263468103_true_false_-460289_-15131616_-15043608 bodyLen=113
08-25 15:48:56.249 11153 11153 D MailRenderTrace: mail=S12_3_1 t=1930573 thread=main layer=WV event=WV_ON_RESUME hasWebView=true savedScrollY=0
08-25 15:48:56.249 11153 11153 D MailRenderTrace: mail=S12_3_1 t=1930573 thread=main layer=WV event=WV_RESUME_VISUAL_SKIPPED reason=no_active_document
08-25 15:48:56.250 11153 11153 D MailRenderTrace: mail=S12_3_1 t=1930574 thread=main layer=WV event=WV_UPDATE action=wait reason=html_pending:-263468103_true_false_-460289_-15131616_-15043608
08-25 15:48:56.251 11153 11153 D MailRenderTrace: mail=S12_3_1 t=1930575 thread=main layer=WV event=WV_ATTACHED instance=44f5dab width=0 height=0
08-25 15:48:56.314 11153 11310 D MailRenderTrace: mail=S12_3_1 t=1930638 thread=DefaultDispatcher-worker-1 layer=WV event=HTML_BUILD_START loadKey=-263468103_true_false_-460289_-15131616_-15043608 bodyLen=113
08-25 15:48:56.319 11153 11310 D MailRenderTrace: mail=S12_3_1 t=1930643 thread=DefaultDispatcher-worker-1 layer=WV event=HTML_BUILD_END loadKey=-263468103_true_false_-460289_-15131616_-15043608 htmlLen=1152 durationMs=5
08-25 15:48:56.322 11153 11153 D MailRenderTrace: mail=S12_3_1 t=1930646 thread=main layer=WV event=HTML_BUILD_READY loadKey=-263468103_true_false_-460289_-15131616_-15043608 htmlLen=1152
08-25 15:48:56.324 11153 11153 D MailRenderTrace: mail=S12_3_1 t=1930648 thread=main layer=WV event=WV_UPDATE action=load previousKey=none loadKey=-263468103_true_false_-460289_-15131616_-15043608 htmlLen=1152
08-25 15:48:56.326 11153 11153 D MailRenderTrace: mail=S12_3_1 t=1930650 thread=main layer=WV event=WV_LOAD_DATA loadKey=-263468103_true_false_-460289_-15131616_-15043608 htmlLen=1152
08-25 15:48:56.333 11153 11153 D MailRenderTrace: mail=S12_3_1 t=1930657 thread=main layer=WV event=WV_PROGRESS loadKey=-263468103_true_false_-460289_-15131616_-15043608 progress=10 milestone=0
08-25 15:48:56.335 11153 11153 D MailRenderTrace: mail=S12_3_1 t=1930659 thread=main layer=WV event=WV_UPDATE action=skip loadKey=-263468103_true_false_-460289_-15131616_-15043608 reason=already_loaded
08-25 15:48:56.499 11153 11153 D MailRenderTrace: mail=S12_3_1 t=1930823 thread=main layer=WV event=WV_PAGE_STARTED loadKey=-263468103_true_false_-460289_-15131616_-15043608
08-25 15:48:56.506 11153 11153 D MailRenderTrace: mail=S12_3_1 t=1930830 thread=main layer=WV event=WV_PROGRESS loadKey=-263468103_true_false_-460289_-15131616_-15043608 progress=70 milestone=50
08-25 15:48:56.603 11153 11153 D MailRenderTrace: mail=S12_3_1 t=1930927 thread=main layer=WV event=WV_PROGRESS loadKey=-263468103_true_false_-460289_-15131616_-15043608 progress=100 milestone=100
08-25 15:48:56.604 11153 11153 D MailRenderTrace: mail=S12_3_1 t=1930928 thread=main layer=WV event=WV_PAGE_FINISHED loadKey=-263468103_true_false_-460289_-15131616_-15043608
08-25 15:48:56.604 11153 11153 D MailRenderTrace: mail=S12_3_1 t=1930928 thread=main layer=WV event=WV_VISUAL_REQUESTED loadKey=-263468103_true_false_-460289_-15131616_-15043608
08-25 15:48:56.609 11153 11153 D MailRenderTrace: mail=S12_3_1 t=1930933 thread=main layer=WV event=WV_COMMIT_VISIBLE loadKey=-263468103_true_false_-460289_-15131616_-15043608
08-25 15:48:56.609 11153 11153 D MailRenderTrace: mail=S12_3_1 t=1930933 thread=main layer=WV event=WV_VISUAL_CALLBACK loadKey=-263468103_true_false_-460289_-15131616_-15043608 requestId=0
08-25 15:48:56.609 11153 11153 D MailRenderTrace: mail=S12_3_1 t=1930933 thread=main layer=WV event=WV_SCROLL_RESTORE_POSTED loadKey=-263468103_true_false_-460289_-15131616_-15043608 scrollY=0
08-25 15:48:56.610 11153 11153 D MailRenderTrace: mail=S12_3_1 t=1930934 thread=main layer=WV event=WV_SCROLL_RESTORE_APPLIED loadKey=-263468103_true_false_-460289_-15131616_-15043608 scrollY=0
08-25 15:48:56.610 11153 11153 D MailRenderTrace: mail=S12_3_1 t=1930934 thread=main layer=WV event=WV_PAGE_RENDERED_DISPATCH loadKey=-263468103_true_false_-460289_-15131616_-15043608
08-25 15:48:57.141 11153 11153 D MailRenderTrace: mail=S12_3_1 t=1931465 thread=main layer=WV event=WV_UPDATE action=wait reason=html_pending:-263468103_true_true_-15789028_-1907991_-5715974
08-25 15:48:57.148 11153 11310 D MailRenderTrace: mail=S12_3_1 t=1931472 thread=DefaultDispatcher-worker-1 layer=WV event=HTML_BUILD_START loadKey=-263468103_true_true_-15789028_-1907991_-5715974 bodyLen=113
08-25 15:48:57.151 11153 11310 D MailRenderTrace: mail=S12_3_1 t=1931475 thread=DefaultDispatcher-worker-1 layer=WV event=HTML_BUILD_END loadKey=-263468103_true_true_-15789028_-1907991_-5715974 htmlLen=1152 durationMs=3
08-25 15:48:57.167 11153 11153 D MailRenderTrace: mail=S12_3_1 t=1931492 thread=main layer=WV event=HTML_BUILD_READY loadKey=-263468103_true_true_-15789028_-1907991_-5715974 htmlLen=1152
08-25 15:48:57.169 11153 11153 D MailRenderTrace: mail=S12_3_1 t=1931493 thread=main layer=WV event=WV_UPDATE action=load previousKey=-263468103_true_false_-460289_-15131616_-15043608 loadKey=-263468103_true_true_-15789028_-1907991_-5715974 htmlLen=1152
08-25 15:48:57.172 11153 11153 D MailRenderTrace: mail=S12_3_1 t=1931496 thread=main layer=WV event=WV_LOAD_DATA loadKey=-263468103_true_true_-15789028_-1907991_-5715974 htmlLen=1152
08-25 15:48:57.178 11153 11153 D MailRenderTrace: mail=S12_3_1 t=1931502 thread=main layer=WV event=WV_PROGRESS loadKey=-263468103_true_true_-15789028_-1907991_-5715974 progress=10 milestone=0
08-25 15:48:57.179 11153 11153 D MailRenderTrace: mail=S12_3_1 t=1931503 thread=main layer=WV event=WV_UPDATE action=skip loadKey=-263468103_true_true_-15789028_-1907991_-5715974 reason=already_loaded
08-25 15:48:57.186 11153 11153 D MailRenderTrace: mail=S12_3_1 t=1931510 thread=main layer=WV event=WV_PAGE_STARTED loadKey=-263468103_true_true_-15789028_-1907991_-5715974
08-25 15:48:57.190 11153 11153 D MailRenderTrace: mail=S12_3_1 t=1931514 thread=main layer=WV event=WV_PROGRESS loadKey=-263468103_true_true_-15789028_-1907991_-5715974 progress=100 milestone=100
08-25 15:48:57.191 11153 11153 D MailRenderTrace: mail=S12_3_1 t=1931515 thread=main layer=WV event=WV_PAGE_FINISHED loadKey=-263468103_true_true_-15789028_-1907991_-5715974
08-25 15:48:57.191 11153 11153 D MailRenderTrace: mail=S12_3_1 t=1931515 thread=main layer=WV event=WV_VISUAL_REQUESTED loadKey=-263468103_true_true_-15789028_-1907991_-5715974
08-25 15:48:57.206 11153 11153 D MailRenderTrace: mail=S12_3_1 t=1931530 thread=main layer=WV event=WV_COMMIT_VISIBLE loadKey=-263468103_true_true_-15789028_-1907991_-5715974
08-25 15:48:57.206 11153 11153 D MailRenderTrace: mail=S12_3_1 t=1931530 thread=main layer=WV event=WV_VISUAL_CALLBACK loadKey=-263468103_true_true_-15789028_-1907991_-5715974 requestId=0
08-25 15:48:57.206 11153 11153 D MailRenderTrace: mail=S12_3_1 t=1931530 thread=main layer=WV event=WV_SCROLL_RESTORE_POSTED loadKey=-263468103_true_true_-15789028_-1907991_-5715974 scrollY=0
08-25 15:48:57.207 11153 11153 D MailRenderTrace: mail=S12_3_1 t=1931531 thread=main layer=WV event=WV_SCROLL_RESTORE_APPLIED loadKey=-263468103_true_true_-15789028_-1907991_-5715974 scrollY=0
08-25 15:48:57.207 11153 11153 D MailRenderTrace: mail=S12_3_1 t=1931531 thread=main layer=WV event=WV_PAGE_RENDERED_DISPATCH loadKey=-263468103_true_true_-15789028_-1907991_-5715974
