08-25 15:48:44.137 11153 11153 D MailRenderTrace: mail=S13_3_1 t=1918462 thread=main layer=WV event=WV_ATTACHED instance=f0437af width=0 height=0
08-25 15:48:44.181 11153 11310 D MailRenderTrace: mail=S13_3_1 t=1918505 thread=DefaultDispatcher-worker-1 layer=WV event=HTML_BUILD_START loadKey=825200275_true_false_-460289_-15131616_-15043608 bodyLen=214
08-25 15:48:44.186 11153 11310 D MailRenderTrace: mail=S13_3_1 t=1918510 thread=DefaultDispatcher-worker-1 layer=WV event=HTML_BUILD_END loadKey=825200275_true_false_-460289_-15131616_-15043608 htmlLen=1252 durationMs=6
08-25 15:48:44.199 11153 11153 D MailRenderTrace: mail=S13_3_1 t=1918523 thread=main layer=WV event=HTML_BUILD_READY loadKey=825200275_true_false_-460289_-15131616_-15043608 htmlLen=1252
08-25 15:48:44.200 11153 11153 D MailRenderTrace: mail=S13_3_1 t=1918524 thread=main layer=WV event=WV_UPDATE action=load previousKey=none loadKey=825200275_true_false_-460289_-15131616_-15043608 htmlLen=1252
08-25 15:48:44.203 11153 11153 D MailRenderTrace: mail=S13_3_1 t=1918527 thread=main layer=WV event=WV_LOAD_DATA loadKey=825200275_true_false_-460289_-15131616_-15043608 htmlLen=1252
08-25 15:48:44.211 11153 11153 D MailRenderTrace: mail=S13_3_1 t=1918535 thread=main layer=WV event=WV_PROGRESS loadKey=825200275_true_false_-460289_-15131616_-15043608 progress=10 milestone=0
08-25 15:48:44.218 11153 11153 D MailRenderTrace: mail=S13_3_1 t=1918542 thread=main layer=WV event=WV_UPDATE action=skip loadKey=825200275_true_false_-460289_-15131616_-15043608 reason=already_loaded
08-25 15:48:44.397 11153 11153 D MailRenderTrace: mail=S13_3_1 t=1918721 thread=main layer=WV event=WV_PAGE_STARTED loadKey=825200275_true_false_-460289_-15131616_-15043608
08-25 15:48:44.398 11153 11153 D MailRenderTrace: mail=S13_3_1 t=1918722 thread=main layer=WV event=WV_PROGRESS loadKey=825200275_true_false_-460289_-15131616_-15043608 progress=70 milestone=50
08-25 15:48:44.505 11153 11153 D MailRenderTrace: mail=S13_3_1 t=1918829 thread=main layer=WV event=WV_COMMIT_VISIBLE loadKey=825200275_true_false_-460289_-15131616_-15043608
08-25 15:48:44.509 11153 11153 D MailRenderTrace: mail=S13_3_1 t=1918833 thread=main layer=WV event=WV_PROGRESS loadKey=825200275_true_false_-460289_-15131616_-15043608 progress=100 milestone=100
08-25 15:48:44.510 11153 11153 D MailRenderTrace: mail=S13_3_1 t=1918834 thread=main layer=WV event=WV_PAGE_FINISHED loadKey=825200275_true_false_-460289_-15131616_-15043608
08-25 15:48:44.510 11153 11153 D MailRenderTrace: mail=S13_3_1 t=1918834 thread=main layer=WV event=WV_VISUAL_REQUESTED loadKey=825200275_true_false_-460289_-15131616_-15043608
08-25 15:48:44.522 11153 11153 D MailRenderTrace: mail=S13_3_1 t=1918846 thread=main layer=WV event=WV_VISUAL_CALLBACK loadKey=825200275_true_false_-460289_-15131616_-15043608 requestId=0
08-25 15:48:44.522 11153 11153 D MailRenderTrace: mail=S13_3_1 t=1918846 thread=main layer=WV event=WV_SCROLL_RESTORE_POSTED loadKey=825200275_true_false_-460289_-15131616_-15043608 scrollY=0
08-25 15:48:44.522 11153 11153 D MailRenderTrace: mail=S13_3_1 t=1918846 thread=main layer=WV event=WV_SCROLL_RESTORE_APPLIED loadKey=825200275_true_false_-460289_-15131616_-15043608 scrollY=0
08-25 15:48:44.522 11153 11153 D MailRenderTrace: mail=S13_3_1 t=1918846 thread=main layer=WV event=WV_PAGE_RENDERED_DISPATCH loadKey=825200275_true_false_-460289_-15131616_-15043608
08-25 15:48:45.139 11153 11153 D MailRenderTrace: mail=S13_3_1 t=1919463 thread=main layer=WV event=WV_UPDATE action=wait reason=html_pending:825200275_false_false_-460289_-15131616_-15043608
08-25 15:48:45.140 11153 11310 D MailRenderTrace: mail=S13_3_1 t=1919464 thread=DefaultDispatcher-worker-1 layer=WV event=HTML_BUILD_START loadKey=825200275_false_false_-460289_-15131616_-15043608 bodyLen=214
08-25 15:48:45.143 11153 11310 D MailRenderTrace: mail=S13_3_1 t=1919467 thread=DefaultDispatcher-worker-1 layer=WV event=HTML_BUILD_END loadKey=825200275_false_false_-460289_-15131616_-15043608 htmlLen=1299 durationMs=3
08-25 15:48:45.162 11153 11153 D MailRenderTrace: mail=S13_3_1 t=1919486 thread=main layer=WV event=HTML_BUILD_READY loadKey=825200275_false_false_-460289_-15131616_-15043608 htmlLen=1299
08-25 15:48:45.164 11153 11153 D MailRenderTrace: mail=S13_3_1 t=1919488 thread=main layer=WV event=WV_UPDATE action=load previousKey=825200275_true_false_-460289_-15131616_-15043608 loadKey=825200275_false_false_-460289_-15131616_-15043608 htmlLen=1299
08-25 15:48:45.166 11153 11153 D MailRenderTrace: mail=S13_3_1 t=1919490 thread=main layer=WV event=WV_LOAD_DATA loadKey=825200275_false_false_-460289_-15131616_-15043608 htmlLen=1299
08-25 15:48:45.175 11153 11153 D MailRenderTrace: mail=S13_3_1 t=1919499 thread=main layer=WV event=WV_PROGRESS loadKey=825200275_false_false_-460289_-15131616_-15043608 progress=10 milestone=0
08-25 15:48:45.176 11153 11153 D MailRenderTrace: mail=S13_3_1 t=1919500 thread=main layer=WV event=WV_UPDATE action=skip loadKey=825200275_false_false_-460289_-15131616_-15043608 reason=already_loaded
08-25 15:48:45.187 11153 11153 D MailRenderTrace: mail=S13_3_1 t=1919511 thread=main layer=WV event=WV_PAGE_STARTED loadKey=825200275_false_false_-460289_-15131616_-15043608
08-25 15:48:45.188 11153 11153 D MailRenderTrace: mail=S13_3_1 t=1919512 thread=main layer=WV event=WV_PROGRESS loadKey=825200275_false_false_-460289_-15131616_-15043608 progress=100 milestone=100
08-25 15:48:45.189 11153 11153 D MailRenderTrace: mail=S13_3_1 t=1919513 thread=main layer=WV event=WV_PAGE_FINISHED loadKey=825200275_false_false_-460289_-15131616_-15043608
08-25 15:48:45.189 11153 11153 D MailRenderTrace: mail=S13_3_1 t=1919513 thread=main layer=WV event=WV_VISUAL_REQUESTED loadKey=825200275_false_false_-460289_-15131616_-15043608
08-25 15:48:45.206 11153 11153 D MailRenderTrace: mail=S13_3_1 t=1919530 thread=main layer=WV event=WV_COMMIT_VISIBLE loadKey=825200275_false_false_-460289_-15131616_-15043608
08-25 15:48:45.206 11153 11153 D MailRenderTrace: mail=S13_3_1 t=1919530 thread=main layer=WV event=WV_VISUAL_CALLBACK loadKey=825200275_false_false_-460289_-15131616_-15043608 requestId=0
08-25 15:48:45.206 11153 11153 D MailRenderTrace: mail=S13_3_1 t=1919531 thread=main layer=WV event=WV_SCROLL_RESTORE_POSTED loadKey=825200275_false_false_-460289_-15131616_-15043608 scrollY=0
08-25 15:48:45.207 11153 11153 D MailRenderTrace: mail=S13_3_1 t=1919531 thread=main layer=WV event=WV_SCROLL_RESTORE_APPLIED loadKey=825200275_false_false_-460289_-15131616_-15043608 scrollY=0
08-25 15:48:45.207 11153 11153 D MailRenderTrace: mail=S13_3_1 t=1919531 thread=main layer=WV event=WV_PAGE_RENDERED_DISPATCH loadKey=825200275_false_false_-460289_-15131616_-15043608
