08-25 22:32:06.341 20625 20625 D MailRenderTrace: mail=S13_3_1 t=61722809 thread=main layer=WV event=WV_FACTORY instance=1a1309b loadKey=825200275_true_false_-460289_-15131616_-15043608
08-25 22:32:06.343 20625 20625 D MailRenderTrace: mail=S13_3_1 t=61722812 thread=main layer=WV event=WV_COMPOSABLE_ENTER loadKey=825200275_true_false_-460289_-15131616_-15043608 bodyLen=214
08-25 22:32:06.343 20625 20625 D MailRenderTrace: mail=S13_3_1 t=61722812 thread=main layer=WV event=WV_ON_RESUME hasWebView=true savedScrollY=0
08-25 22:32:06.343 20625 20625 D MailRenderTrace: mail=S13_3_1 t=61722812 thread=main layer=WV event=WV_RESUME_VISUAL_SKIPPED reason=no_active_document
08-25 22:32:06.344 20625 20625 D MailRenderTrace: mail=S13_3_1 t=61722813 thread=main layer=WV event=WV_UPDATE action=wait reason=html_pending:825200275_true_false_-460289_-15131616_-15043608
08-25 22:32:06.344 20625 20625 D MailRenderTrace: mail=S13_3_1 t=61722813 thread=main layer=WV event=WV_ATTACHED instance=1a1309b width=0 height=0
08-25 22:32:06.353 20625 20641 D MailRenderTrace: mail=S13_3_1 t=61722821 thread=DefaultDispatcher-worker-1 layer=WV event=HTML_BUILD_START loadKey=825200275_true_false_-460289_-15131616_-15043608 bodyLen=214
08-25 22:32:06.355 20625 20641 D MailRenderTrace: mail=S13_3_1 t=61722824 thread=DefaultDispatcher-worker-1 layer=WV event=HTML_BUILD_END loadKey=825200275_true_false_-460289_-15131616_-15043608 htmlLen=1252 durationMs=3
08-25 22:32:06.365 20625 20625 D MailRenderTrace: mail=S13_3_1 t=61722833 thread=main layer=WV event=HTML_BUILD_READY loadKey=825200275_true_false_-460289_-15131616_-15043608 htmlLen=1252
08-25 22:32:06.366 20625 20625 D MailRenderTrace: mail=S13_3_1 t=61722834 thread=main layer=WV event=WV_UPDATE action=load previousKey=none loadKey=825200275_true_false_-460289_-15131616_-15043608 htmlLen=1252
08-25 22:32:06.372 20625 20625 D MailRenderTrace: mail=S13_3_1 t=61722841 thread=main layer=WV event=WV_LOAD_DATA loadKey=825200275_true_false_-460289_-15131616_-15043608 htmlLen=1252
08-25 22:32:06.378 20625 20625 D MailRenderTrace: mail=S13_3_1 t=61722847 thread=main layer=WV event=WV_PROGRESS loadKey=825200275_true_false_-460289_-15131616_-15043608 progress=10 milestone=0
08-25 22:32:06.379 20625 20625 D MailRenderTrace: mail=S13_3_1 t=61722848 thread=main layer=WV event=WV_UPDATE action=skip loadKey=825200275_true_false_-460289_-15131616_-15043608 reason=already_loaded
08-25 22:32:06.388 20625 20625 D MailRenderTrace: mail=S13_3_1 t=61722856 thread=main layer=WV event=WV_PAGE_STARTED loadKey=825200275_true_false_-460289_-15131616_-15043608
08-25 22:32:06.397 20625 20625 D MailRenderTrace: mail=S13_3_1 t=61722865 thread=main layer=WV event=WV_COMMIT_VISIBLE loadKey=825200275_true_false_-460289_-15131616_-15043608
08-25 22:32:06.433 20625 20625 D MailRenderTrace: mail=S13_3_1 t=61722901 thread=main layer=WV event=WV_PROGRESS loadKey=825200275_true_false_-460289_-15131616_-15043608 progress=100 milestone=100
08-25 22:32:06.433 20625 20625 D MailRenderTrace: mail=S13_3_1 t=61722902 thread=main layer=WV event=WV_PAGE_FINISHED loadKey=825200275_true_false_-460289_-15131616_-15043608
08-25 22:32:06.433 20625 20625 D MailRenderTrace: mail=S13_3_1 t=61722902 thread=main layer=WV event=WV_VISUAL_REQUESTED loadKey=825200275_true_false_-460289_-15131616_-15043608
08-25 22:32:06.446 20625 20625 D MailRenderTrace: mail=S13_3_1 t=61722915 thread=main layer=WV event=WV_VISUAL_CALLBACK loadKey=825200275_true_false_-460289_-15131616_-15043608 requestId=0
08-25 22:32:06.446 20625 20625 D MailRenderTrace: mail=S13_3_1 t=61722915 thread=main layer=WV event=WV_SCROLL_RESTORE_POSTED loadKey=825200275_true_false_-460289_-15131616_-15043608 scrollY=0
08-25 22:32:06.447 20625 20625 D MailRenderTrace: mail=S13_3_1 t=61722915 thread=main layer=WV event=WV_SCROLL_RESTORE_APPLIED loadKey=825200275_true_false_-460289_-15131616_-15043608 scrollY=0
08-25 22:32:06.447 20625 20625 D MailRenderTrace: mail=S13_3_1 t=61722915 thread=main layer=WV event=WV_PAGE_RENDERED_DISPATCH loadKey=825200275_true_false_-460289_-15131616_-15043608
08-25 22:32:07.039 20625 20625 D MailRenderTrace: mail=S13_3_1 t=61723507 thread=main layer=WV event=WV_UPDATE action=wait reason=html_pending:825200275_false_false_-460289_-15131616_-15043608
08-25 22:32:07.042 20625 20641 D MailRenderTrace: mail=S13_3_1 t=61723511 thread=DefaultDispatcher-worker-1 layer=WV event=HTML_BUILD_START loadKey=825200275_false_false_-460289_-15131616_-15043608 bodyLen=214
08-25 22:32:07.046 20625 20641 D MailRenderTrace: mail=S13_3_1 t=61723515 thread=DefaultDispatcher-worker-1 layer=WV event=HTML_BUILD_END loadKey=825200275_false_false_-460289_-15131616_-15043608 htmlLen=1299 durationMs=4
08-25 22:32:07.067 20625 20625 D MailRenderTrace: mail=S13_3_1 t=61723535 thread=main layer=WV event=HTML_BUILD_READY loadKey=825200275_false_false_-460289_-15131616_-15043608 htmlLen=1299
08-25 22:32:07.067 20625 20625 D MailRenderTrace: mail=S13_3_1 t=61723536 thread=main layer=WV event=WV_UPDATE action=load previousKey=825200275_true_false_-460289_-15131616_-15043608 loadKey=825200275_false_false_-460289_-15131616_-15043608 htmlLen=1299
08-25 22:32:07.073 20625 20625 D MailRenderTrace: mail=S13_3_1 t=61723541 thread=main layer=WV event=WV_LOAD_DATA loadKey=825200275_false_false_-460289_-15131616_-15043608 htmlLen=1299
08-25 22:32:07.078 20625 20625 D MailRenderTrace: mail=S13_3_1 t=61723547 thread=main layer=WV event=WV_PROGRESS loadKey=825200275_false_false_-460289_-15131616_-15043608 progress=10 milestone=0
08-25 22:32:07.078 20625 20625 D MailRenderTrace: mail=S13_3_1 t=61723547 thread=main layer=WV event=WV_UPDATE action=skip loadKey=825200275_false_false_-460289_-15131616_-15043608 reason=already_loaded
08-25 22:32:07.090 20625 20625 D MailRenderTrace: mail=S13_3_1 t=61723559 thread=main layer=WV event=WV_PAGE_STARTED loadKey=825200275_false_false_-460289_-15131616_-15043608
08-25 22:32:07.092 20625 20625 D MailRenderTrace: mail=S13_3_1 t=61723560 thread=main layer=WV event=WV_PROGRESS loadKey=825200275_false_false_-460289_-15131616_-15043608 progress=100 milestone=100
08-25 22:32:07.092 20625 20625 D MailRenderTrace: mail=S13_3_1 t=61723561 thread=main layer=WV event=WV_PAGE_FINISHED loadKey=825200275_false_false_-460289_-15131616_-15043608
08-25 22:32:07.092 20625 20625 D MailRenderTrace: mail=S13_3_1 t=61723561 thread=main layer=WV event=WV_VISUAL_REQUESTED loadKey=825200275_false_false_-460289_-15131616_-15043608
08-25 22:32:07.099 20625 20625 D MailRenderTrace: mail=S13_3_1 t=61723568 thread=main layer=WV event=WV_COMMIT_VISIBLE loadKey=825200275_false_false_-460289_-15131616_-15043608
08-25 22:32:07.100 20625 20625 D MailRenderTrace: mail=S13_3_1 t=61723568 thread=main layer=WV event=WV_VISUAL_CALLBACK loadKey=825200275_false_false_-460289_-15131616_-15043608 requestId=0
08-25 22:32:07.100 20625 20625 D MailRenderTrace: mail=S13_3_1 t=61723569 thread=main layer=WV event=WV_SCROLL_RESTORE_POSTED loadKey=825200275_false_false_-460289_-15131616_-15043608 scrollY=0
08-25 22:32:07.101 20625 20625 D MailRenderTrace: mail=S13_3_1 t=61723570 thread=main layer=WV event=WV_SCROLL_RESTORE_APPLIED loadKey=825200275_false_false_-460289_-15131616_-15043608 scrollY=0
08-25 22:32:07.101 20625 20625 D MailRenderTrace: mail=S13_3_1 t=61723570 thread=main layer=WV event=WV_PAGE_RENDERED_DISPATCH loadKey=825200275_false_false_-460289_-15131616_-15043608
