08-25 22:32:40.552 20625 20625 D MailRenderTrace: mail=S14_3_2 t=61757020 thread=main layer=WV event=WV_FACTORY instance=e93f028 loadKey=-1515545371_true_false_-460289_-15131616_-15043608
08-25 22:32:40.555 20625 20625 D MailRenderTrace: mail=S14_3_2 t=61757023 thread=main layer=WV event=WV_COMPOSABLE_ENTER loadKey=-1515545371_true_false_-460289_-15131616_-15043608 bodyLen=10421
08-25 22:32:40.555 20625 20625 D MailRenderTrace: mail=S14_3_2 t=61757024 thread=main layer=WV event=WV_ON_RESUME hasWebView=true savedScrollY=0
08-25 22:32:40.555 20625 20625 D MailRenderTrace: mail=S14_3_2 t=61757024 thread=main layer=WV event=WV_RESUME_VISUAL_SKIPPED reason=no_active_document
08-25 22:32:40.556 20625 20625 D MailRenderTrace: mail=S14_3_2 t=61757025 thread=main layer=WV event=WV_UPDATE action=wait reason=html_pending:-1515545371_true_false_-460289_-15131616_-15043608
08-25 22:32:40.557 20625 20625 D MailRenderTrace: mail=S14_3_2 t=61757025 thread=main layer=WV event=WV_ATTACHED instance=e93f028 width=0 height=0
08-25 22:32:40.568 20625 20641 D MailRenderTrace: mail=S14_3_2 t=61757037 thread=DefaultDispatcher-worker-1 layer=WV event=HTML_BUILD_START loadKey=-1515545371_true_false_-460289_-15131616_-15043608 bodyLen=10421
08-25 22:32:40.632 20625 20641 D MailRenderTrace: mail=S14_3_2 t=61757101 thread=DefaultDispatcher-worker-1 layer=WV event=HTML_BUILD_END loadKey=-1515545371_true_false_-460289_-15131616_-15043608 htmlLen=13508 durationMs=64
08-25 22:32:40.647 20625 20625 D MailRenderTrace: mail=S14_3_2 t=61757116 thread=main layer=WV event=HTML_BUILD_READY loadKey=-1515545371_true_false_-460289_-15131616_-15043608 htmlLen=13508
08-25 22:32:40.649 20625 20625 D MailRenderTrace: mail=S14_3_2 t=61757118 thread=main layer=WV event=WV_UPDATE action=load previousKey=none loadKey=-1515545371_true_false_-460289_-15131616_-15043608 htmlLen=13508
08-25 22:32:40.657 20625 20625 D MailRenderTrace: mail=S14_3_2 t=61757126 thread=main layer=WV event=WV_LOAD_DATA loadKey=-1515545371_true_false_-460289_-15131616_-15043608 htmlLen=13508
08-25 22:32:40.667 20625 20625 D MailRenderTrace: mail=S14_3_2 t=61757136 thread=main layer=WV event=WV_PROGRESS loadKey=-1515545371_true_false_-460289_-15131616_-15043608 progress=10 milestone=0
08-25 22:32:40.667 20625 20625 D MailRenderTrace: mail=S14_3_2 t=61757136 thread=main layer=WV event=WV_UPDATE action=skip loadKey=-1515545371_true_false_-460289_-15131616_-15043608 reason=already_loaded
08-25 22:32:40.683 20625 20625 D MailRenderTrace: mail=S14_3_2 t=61757151 thread=main layer=WV event=WV_PAGE_STARTED loadKey=-1515545371_true_false_-460289_-15131616_-15043608
08-25 22:32:40.695 20625 20625 D MailRenderTrace: mail=S14_3_2 t=61757164 thread=main layer=WV event=WV_PROGRESS loadKey=-1515545371_true_false_-460289_-15131616_-15043608 progress=100 milestone=100
08-25 22:32:40.695 20625 20625 D MailRenderTrace: mail=S14_3_2 t=61757164 thread=main layer=WV event=WV_PAGE_FINISHED loadKey=-1515545371_true_false_-460289_-15131616_-15043608
08-25 22:32:40.696 20625 20625 D MailRenderTrace: mail=S14_3_2 t=61757164 thread=main layer=WV event=WV_VISUAL_REQUESTED loadKey=-1515545371_true_false_-460289_-15131616_-15043608
08-25 22:32:40.703 20625 20625 D MailRenderTrace: mail=S14_3_2 t=61757172 thread=main layer=WV event=WV_COMMIT_VISIBLE loadKey=-1515545371_true_false_-460289_-15131616_-15043608
08-25 22:32:40.703 20625 20625 D MailRenderTrace: mail=S14_3_2 t=61757172 thread=main layer=WV event=WV_VISUAL_CALLBACK loadKey=-1515545371_true_false_-460289_-15131616_-15043608 requestId=0
08-25 22:32:40.703 20625 20625 D MailRenderTrace: mail=S14_3_2 t=61757172 thread=main layer=WV event=WV_SCROLL_RESTORE_POSTED loadKey=-1515545371_true_false_-460289_-15131616_-15043608 scrollY=0
08-25 22:32:40.704 20625 20625 D MailRenderTrace: mail=S14_3_2 t=61757173 thread=main layer=WV event=WV_SCROLL_RESTORE_APPLIED loadKey=-1515545371_true_false_-460289_-15131616_-15043608 scrollY=0
08-25 22:32:40.704 20625 20625 D MailRenderTrace: mail=S14_3_2 t=61757173 thread=main layer=WV event=WV_PAGE_RENDERED_DISPATCH loadKey=-1515545371_true_false_-460289_-15131616_-15043608
08-25 22:32:42.548 20625 20625 D MailRenderTrace: mail=S14_3_2 t=61759016 thread=main layer=WV event=WV_ON_PAUSE hasWebView=true scrollY=1000
08-25 22:32:42.628 20625 20625 D MailRenderTrace: mail=S14_3_2 t=61759097 thread=main layer=WV event=WV_ON_RESUME hasWebView=true savedScrollY=1000
08-25 22:32:42.629 20625 20625 D MailRenderTrace: mail=S14_3_2 t=61759097 thread=main layer=WV event=WV_RESUME_VISUAL_REQUESTED
08-25 22:32:42.648 20625 20625 D MailRenderTrace: mail=S14_3_2 t=61759117 thread=main layer=WV event=WV_RESUME_VISUAL_CALLBACK loadKey=-1515545371_true_false_-460289_-15131616_-15043608 activeLoadKey=-1515545371_true_false_-460289_-15131616_-15043608 released=false requestId=0
08-25 22:32:42.648 20625 20625 D MailRenderTrace: mail=S14_3_2 t=61759117 thread=main layer=WV event=WV_RESUME_SCROLL_APPLIED scrollY=1000
