08-25 19:24:24.063 25998 25998 D MailRenderTrace: mail=S14_3_2 t=8040415 thread=main layer=WV event=WV_FACTORY instance=f20f869 loadKey=-1515545371_true_false_-460289_-15131616_-15043608
08-25 19:24:24.067 25998 25998 D MailRenderTrace: mail=S14_3_2 t=8040419 thread=main layer=WV event=WV_COMPOSABLE_ENTER loadKey=-1515545371_true_false_-460289_-15131616_-15043608 bodyLen=10421
08-25 19:24:24.067 25998 25998 D MailRenderTrace: mail=S14_3_2 t=8040419 thread=main layer=WV event=WV_ON_RESUME hasWebView=true savedScrollY=0
08-25 19:24:24.067 25998 25998 D MailRenderTrace: mail=S14_3_2 t=8040419 thread=main layer=WV event=WV_RESUME_VISUAL_SKIPPED reason=no_active_document
08-25 19:24:24.068 25998 25998 D MailRenderTrace: mail=S14_3_2 t=8040421 thread=main layer=WV event=WV_UPDATE action=wait reason=html_pending:-1515545371_true_false_-460289_-15131616_-15043608
08-25 19:24:24.070 25998 25998 D MailRenderTrace: mail=S14_3_2 t=8040422 thread=main layer=WV event=WV_ATTACHED instance=f20f869 width=0 height=0
08-25 19:24:24.128 25998 26016 D MailRenderTrace: mail=S14_3_2 t=8040480 thread=DefaultDispatcher-worker-1 layer=WV event=HTML_BUILD_START loadKey=-1515545371_true_false_-460289_-15131616_-15043608 bodyLen=10421
08-25 19:24:24.222 25998 26016 D MailRenderTrace: mail=S14_3_2 t=8040574 thread=DefaultDispatcher-worker-1 layer=WV event=HTML_BUILD_END loadKey=-1515545371_true_false_-460289_-15131616_-15043608 htmlLen=13508 durationMs=94
08-25 19:24:24.235 25998 25998 D MailRenderTrace: mail=S14_3_2 t=8040587 thread=main layer=WV event=HTML_BUILD_READY loadKey=-1515545371_true_false_-460289_-15131616_-15043608 htmlLen=13508
08-25 19:24:24.236 25998 25998 D MailRenderTrace: mail=S14_3_2 t=8040588 thread=main layer=WV event=WV_UPDATE action=load previousKey=none loadKey=-1515545371_true_false_-460289_-15131616_-15043608 htmlLen=13508
08-25 19:24:24.239 25998 25998 D MailRenderTrace: mail=S14_3_2 t=8040591 thread=main layer=WV event=WV_LOAD_DATA loadKey=-1515545371_true_false_-460289_-15131616_-15043608 htmlLen=13508
08-25 19:24:24.270 25998 25998 D MailRenderTrace: mail=S14_3_2 t=8040622 thread=main layer=WV event=WV_PROGRESS loadKey=-1515545371_true_false_-460289_-15131616_-15043608 progress=10 milestone=0
08-25 19:24:24.271 25998 25998 D MailRenderTrace: mail=S14_3_2 t=8040623 thread=main layer=WV event=WV_UPDATE action=skip loadKey=-1515545371_true_false_-460289_-15131616_-15043608 reason=already_loaded
08-25 19:24:24.445 25998 25998 D MailRenderTrace: mail=S14_3_2 t=8040797 thread=main layer=WV event=WV_PAGE_STARTED loadKey=-1515545371_true_false_-460289_-15131616_-15043608
08-25 19:24:24.447 25998 25998 D MailRenderTrace: mail=S14_3_2 t=8040799 thread=main layer=WV event=WV_PROGRESS loadKey=-1515545371_true_false_-460289_-15131616_-15043608 progress=70 milestone=50
08-25 19:24:24.553 25998 25998 D MailRenderTrace: mail=S14_3_2 t=8040905 thread=main layer=WV event=WV_PROGRESS loadKey=-1515545371_true_false_-460289_-15131616_-15043608 progress=100 milestone=100
08-25 19:24:24.554 25998 25998 D MailRenderTrace: mail=S14_3_2 t=8040906 thread=main layer=WV event=WV_PAGE_FINISHED loadKey=-1515545371_true_false_-460289_-15131616_-15043608
08-25 19:24:24.554 25998 25998 D MailRenderTrace: mail=S14_3_2 t=8040906 thread=main layer=WV event=WV_VISUAL_REQUESTED loadKey=-1515545371_true_false_-460289_-15131616_-15043608
08-25 19:24:24.559 25998 25998 D MailRenderTrace: mail=S14_3_2 t=8040911 thread=main layer=WV event=WV_COMMIT_VISIBLE loadKey=-1515545371_true_false_-460289_-15131616_-15043608
08-25 19:24:24.575 25998 25998 D MailRenderTrace: mail=S14_3_2 t=8040927 thread=main layer=WV event=WV_VISUAL_CALLBACK loadKey=-1515545371_true_false_-460289_-15131616_-15043608 requestId=0
08-25 19:24:24.575 25998 25998 D MailRenderTrace: mail=S14_3_2 t=8040928 thread=main layer=WV event=WV_SCROLL_RESTORE_POSTED loadKey=-1515545371_true_false_-460289_-15131616_-15043608 scrollY=0
08-25 19:24:24.576 25998 25998 D MailRenderTrace: mail=S14_3_2 t=8040928 thread=main layer=WV event=WV_SCROLL_RESTORE_APPLIED loadKey=-1515545371_true_false_-460289_-15131616_-15043608 scrollY=0
08-25 19:24:24.576 25998 25998 D MailRenderTrace: mail=S14_3_2 t=8040928 thread=main layer=WV event=WV_PAGE_RENDERED_DISPATCH loadKey=-1515545371_true_false_-460289_-15131616_-15043608
08-25 19:24:26.100 25998 25998 D MailRenderTrace: mail=S14_3_2 t=8042452 thread=main layer=WV event=WV_ON_PAUSE hasWebView=true scrollY=1000
08-25 19:24:26.710 25998 25998 D MailRenderTrace: mail=S14_3_2 t=8043062 thread=main layer=WV event=WV_ON_RESUME hasWebView=true savedScrollY=1000
08-25 19:24:26.710 25998 25998 D MailRenderTrace: mail=S14_3_2 t=8043062 thread=main layer=WV event=WV_RESUME_VISUAL_REQUESTED
08-25 19:24:26.956 25998 25998 D MailRenderTrace: mail=S14_3_2 t=8043309 thread=main layer=WV event=WV_RESUME_VISUAL_CALLBACK loadKey=-1515545371_true_false_-460289_-15131616_-15043608 activeLoadKey=-1515545371_true_false_-460289_-15131616_-15043608 released=false requestId=0
08-25 19:24:26.957 25998 25998 D MailRenderTrace: mail=S14_3_2 t=8043309 thread=main layer=WV event=WV_RESUME_SCROLL_APPLIED scrollY=1000
