08-25 19:24:01.392 25998 25998 D MailRenderTrace: mail=S15_3_2 t=8017744 thread=main layer=WV event=WV_FACTORY instance=4915bd loadKey=-562869232_false_false_-460289_-15131616_-15043608
08-25 19:24:01.395 25998 25998 D MailRenderTrace: mail=S15_3_2 t=8017747 thread=main layer=WV event=WV_COMPOSABLE_ENTER loadKey=-562869232_false_false_-460289_-15131616_-15043608 bodyLen=179
08-25 19:24:01.395 25998 25998 D MailRenderTrace: mail=S15_3_2 t=8017748 thread=main layer=WV event=WV_ON_RESUME hasWebView=true savedScrollY=0
08-25 19:24:01.396 25998 25998 D MailRenderTrace: mail=S15_3_2 t=8017748 thread=main layer=WV event=WV_RESUME_VISUAL_SKIPPED reason=no_active_document
08-25 19:24:01.397 25998 25998 D MailRenderTrace: mail=S15_3_2 t=8017749 thread=main layer=WV event=WV_UPDATE action=wait reason=html_pending:-562869232_false_false_-460289_-15131616_-15043608
08-25 19:24:01.397 25998 25998 D MailRenderTrace: mail=S15_3_2 t=8017749 thread=main layer=WV event=WV_ATTACHED instance=4915bd width=0 height=0
08-25 19:24:01.427 25998 26016 D MailRenderTrace: mail=S15_3_2 t=8017779 thread=DefaultDispatcher-worker-1 layer=WV event=HTML_BUILD_START loadKey=-562869232_false_false_-460289_-15131616_-15043608 bodyLen=179
08-25 19:24:01.435 25998 26016 D MailRenderTrace: mail=S15_3_2 t=8017788 thread=DefaultDispatcher-worker-1 layer=WV event=HTML_BUILD_END loadKey=-562869232_false_false_-460289_-15131616_-15043608 htmlLen=1264 durationMs=9
08-25 19:24:01.447 25998 25998 D MailRenderTrace: mail=S15_3_2 t=8017799 thread=main layer=WV event=HTML_BUILD_READY loadKey=-562869232_false_false_-460289_-15131616_-15043608 htmlLen=1264
08-25 19:24:01.449 25998 25998 D MailRenderTrace: mail=S15_3_2 t=8017801 thread=main layer=WV event=WV_UPDATE action=load previousKey=none loadKey=-562869232_false_false_-460289_-15131616_-15043608 htmlLen=1264
08-25 19:24:01.451 25998 25998 D MailRenderTrace: mail=S15_3_2 t=8017804 thread=main layer=WV event=WV_LOAD_DATA loadKey=-562869232_false_false_-460289_-15131616_-15043608 htmlLen=1264
08-25 19:24:01.463 25998 25998 D MailRenderTrace: mail=S15_3_2 t=8017815 thread=main layer=WV event=WV_PROGRESS loadKey=-562869232_false_false_-460289_-15131616_-15043608 progress=10 milestone=0
08-25 19:24:01.466 25998 25998 D MailRenderTrace: mail=S15_3_2 t=8017818 thread=main layer=WV event=WV_UPDATE action=skip loadKey=-562869232_false_false_-460289_-15131616_-15043608 reason=already_loaded
08-25 19:24:01.618 25998 25998 D MailRenderTrace: mail=S15_3_2 t=8017970 thread=main layer=WV event=WV_PAGE_STARTED loadKey=-562869232_false_false_-460289_-15131616_-15043608
08-25 19:24:01.620 25998 25998 D MailRenderTrace: mail=S15_3_2 t=8017972 thread=main layer=WV event=WV_PROGRESS loadKey=-562869232_false_false_-460289_-15131616_-15043608 progress=70 milestone=50
08-25 19:24:01.718 25998 25998 D MailRenderTrace: mail=S15_3_2 t=8018070 thread=main layer=WV event=WV_PROGRESS loadKey=-562869232_false_false_-460289_-15131616_-15043608 progress=100 milestone=100
08-25 19:24:01.719 25998 25998 D MailRenderTrace: mail=S15_3_2 t=8018071 thread=main layer=WV event=WV_PAGE_FINISHED loadKey=-562869232_false_false_-460289_-15131616_-15043608
08-25 19:24:01.719 25998 25998 D MailRenderTrace: mail=S15_3_2 t=8018071 thread=main layer=WV event=WV_VISUAL_REQUESTED loadKey=-562869232_false_false_-460289_-15131616_-15043608
08-25 19:24:01.724 25998 25998 D MailRenderTrace: mail=S15_3_2 t=8018076 thread=main layer=WV event=WV_COMMIT_VISIBLE loadKey=-562869232_false_false_-460289_-15131616_-15043608
08-25 19:24:01.725 25998 25998 D MailRenderTrace: mail=S15_3_2 t=8018077 thread=main layer=WV event=WV_VISUAL_CALLBACK loadKey=-562869232_false_false_-460289_-15131616_-15043608 requestId=0
08-25 19:24:01.725 25998 25998 D MailRenderTrace: mail=S15_3_2 t=8018078 thread=main layer=WV event=WV_SCROLL_RESTORE_POSTED loadKey=-562869232_false_false_-460289_-15131616_-15043608 scrollY=0
08-25 19:24:01.726 25998 25998 D MailRenderTrace: mail=S15_3_2 t=8018078 thread=main layer=WV event=WV_SCROLL_RESTORE_APPLIED loadKey=-562869232_false_false_-460289_-15131616_-15043608 scrollY=0
08-25 19:24:01.726 25998 25998 D MailRenderTrace: mail=S15_3_2 t=8018078 thread=main layer=WV event=WV_PAGE_RENDERED_DISPATCH loadKey=-562869232_false_false_-460289_-15131616_-15043608
