08-25 22:32:24.822 20625 20625 D MailRenderTrace: mail=S15_3_2 t=61741291 thread=main layer=WV event=WV_FACTORY instance=196bfd0 loadKey=-562869232_false_false_-460289_-15131616_-15043608
08-25 22:32:24.826 20625 20625 D MailRenderTrace: mail=S15_3_2 t=61741294 thread=main layer=WV event=WV_COMPOSABLE_ENTER loadKey=-562869232_false_false_-460289_-15131616_-15043608 bodyLen=179
08-25 22:32:24.826 20625 20625 D MailRenderTrace: mail=S15_3_2 t=61741295 thread=main layer=WV event=WV_ON_RESUME hasWebView=true savedScrollY=0
08-25 22:32:24.826 20625 20625 D MailRenderTrace: mail=S15_3_2 t=61741295 thread=main layer=WV event=WV_RESUME_VISUAL_SKIPPED reason=no_active_document
08-25 22:32:24.827 20625 20625 D MailRenderTrace: mail=S15_3_2 t=61741295 thread=main layer=WV event=WV_UPDATE action=wait reason=html_pending:-562869232_false_false_-460289_-15131616_-15043608
08-25 22:32:24.827 20625 20625 D MailRenderTrace: mail=S15_3_2 t=61741296 thread=main layer=WV event=WV_ATTACHED instance=196bfd0 width=0 height=0
08-25 22:32:24.838 20625 20641 D MailRenderTrace: mail=S15_3_2 t=61741306 thread=DefaultDispatcher-worker-1 layer=WV event=HTML_BUILD_START loadKey=-562869232_false_false_-460289_-15131616_-15043608 bodyLen=179
08-25 22:32:24.843 20625 20641 D MailRenderTrace: mail=S15_3_2 t=61741312 thread=DefaultDispatcher-worker-1 layer=WV event=HTML_BUILD_END loadKey=-562869232_false_false_-460289_-15131616_-15043608 htmlLen=1264 durationMs=6
08-25 22:32:24.854 20625 20625 D MailRenderTrace: mail=S15_3_2 t=61741323 thread=main layer=WV event=HTML_BUILD_READY loadKey=-562869232_false_false_-460289_-15131616_-15043608 htmlLen=1264
08-25 22:32:24.854 20625 20625 D MailRenderTrace: mail=S15_3_2 t=61741323 thread=main layer=WV event=WV_UPDATE action=load previousKey=none loadKey=-562869232_false_false_-460289_-15131616_-15043608 htmlLen=1264
08-25 22:32:24.858 20625 20625 D MailRenderTrace: mail=S15_3_2 t=61741326 thread=main layer=WV event=WV_LOAD_DATA loadKey=-562869232_false_false_-460289_-15131616_-15043608 htmlLen=1264
08-25 22:32:24.862 20625 20625 D MailRenderTrace: mail=S15_3_2 t=61741331 thread=main layer=WV event=WV_PROGRESS loadKey=-562869232_false_false_-460289_-15131616_-15043608 progress=10 milestone=0
08-25 22:32:24.862 20625 20625 D MailRenderTrace: mail=S15_3_2 t=61741331 thread=main layer=WV event=WV_UPDATE action=skip loadKey=-562869232_false_false_-460289_-15131616_-15043608 reason=already_loaded
08-25 22:32:24.872 20625 20625 D MailRenderTrace: mail=S15_3_2 t=61741341 thread=main layer=WV event=WV_PAGE_STARTED loadKey=-562869232_false_false_-460289_-15131616_-15043608
08-25 22:32:24.872 20625 20625 D MailRenderTrace: mail=S15_3_2 t=61741341 thread=main layer=WV event=WV_PROGRESS loadKey=-562869232_false_false_-460289_-15131616_-15043608 progress=100 milestone=100
08-25 22:32:24.872 20625 20625 D MailRenderTrace: mail=S15_3_2 t=61741341 thread=main layer=WV event=WV_PAGE_FINISHED loadKey=-562869232_false_false_-460289_-15131616_-15043608
08-25 22:32:24.872 20625 20625 D MailRenderTrace: mail=S15_3_2 t=61741341 thread=main layer=WV event=WV_VISUAL_REQUESTED loadKey=-562869232_false_false_-460289_-15131616_-15043608
08-25 22:32:24.875 20625 20625 D MailRenderTrace: mail=S15_3_2 t=61741344 thread=main layer=WV event=WV_COMMIT_VISIBLE loadKey=-562869232_false_false_-460289_-15131616_-15043608
08-25 22:32:24.875 20625 20625 D MailRenderTrace: mail=S15_3_2 t=61741344 thread=main layer=WV event=WV_VISUAL_CALLBACK loadKey=-562869232_false_false_-460289_-15131616_-15043608 requestId=0
08-25 22:32:24.875 20625 20625 D MailRenderTrace: mail=S15_3_2 t=61741344 thread=main layer=WV event=WV_SCROLL_RESTORE_POSTED loadKey=-562869232_false_false_-460289_-15131616_-15043608 scrollY=0
08-25 22:32:24.875 20625 20625 D MailRenderTrace: mail=S15_3_2 t=61741344 thread=main layer=WV event=WV_SCROLL_RESTORE_APPLIED loadKey=-562869232_false_false_-460289_-15131616_-15043608 scrollY=0
08-25 22:32:24.875 20625 20625 D MailRenderTrace: mail=S15_3_2 t=61741344 thread=main layer=WV event=WV_PAGE_RENDERED_DISPATCH loadKey=-562869232_false_false_-460289_-15131616_-15043608
