08-25 19:23:25.487 25998 25998 D MailRenderTrace: mail=S16_3_2 t=7981839 thread=main layer=WV event=WV_FACTORY instance=844483d loadKey=-263468103_true_false_-460289_-15131616_-15043608
08-25 19:23:25.505 25998 25998 D MailRenderTrace: mail=S16_3_2 t=7981857 thread=main layer=WV event=WV_COMPOSABLE_ENTER loadKey=-263468103_true_false_-460289_-15131616_-15043608 bodyLen=113
08-25 19:23:25.509 25998 25998 D MailRenderTrace: mail=S16_3_2 t=7981861 thread=main layer=WV event=WV_ON_RESUME hasWebView=true savedScrollY=0
08-25 19:23:25.509 25998 25998 D MailRenderTrace: mail=S16_3_2 t=7981861 thread=main layer=WV event=WV_RESUME_VISUAL_SKIPPED reason=no_active_document
08-25 19:23:25.513 25998 25998 D MailRenderTrace: mail=S16_3_2 t=7981865 thread=main layer=WV event=WV_UPDATE action=wait reason=html_pending:-263468103_true_false_-460289_-15131616_-15043608
08-25 19:23:25.514 25998 25998 D MailRenderTrace: mail=S16_3_2 t=7981866 thread=main layer=WV event=WV_ATTACHED instance=844483d width=0 height=0
08-25 19:23:25.574 25998 26016 D MailRenderTrace: mail=S16_3_2 t=7981926 thread=DefaultDispatcher-worker-1 layer=WV event=HTML_BUILD_START loadKey=-263468103_true_false_-460289_-15131616_-15043608 bodyLen=113
08-25 19:23:25.615 25998 26016 D MailRenderTrace: mail=S16_3_2 t=7981967 thread=DefaultDispatcher-worker-1 layer=WV event=HTML_BUILD_END loadKey=-263468103_true_false_-460289_-15131616_-15043608 htmlLen=1152 durationMs=41
08-25 19:23:25.622 25998 25998 D MailRenderTrace: mail=S16_3_2 t=7981974 thread=main layer=WV event=HTML_BUILD_READY loadKey=-263468103_true_false_-460289_-15131616_-15043608 htmlLen=1152
08-25 19:23:25.624 25998 25998 D MailRenderTrace: mail=S16_3_2 t=7981976 thread=main layer=WV event=WV_UPDATE action=load previousKey=none loadKey=-263468103_true_false_-460289_-15131616_-15043608 htmlLen=1152
08-25 19:23:25.636 25998 25998 D MailRenderTrace: mail=S16_3_2 t=7981989 thread=main layer=WV event=WV_LOAD_DATA loadKey=-263468103_true_false_-460289_-15131616_-15043608 htmlLen=1152
08-25 19:23:25.654 25998 25998 D MailRenderTrace: mail=S16_3_2 t=7982006 thread=main layer=WV event=WV_PROGRESS loadKey=-263468103_true_false_-460289_-15131616_-15043608 progress=10 milestone=0
08-25 19:23:25.665 25998 25998 D MailRenderTrace: mail=S16_3_2 t=7982017 thread=main layer=WV event=WV_UPDATE action=skip loadKey=-263468103_true_false_-460289_-15131616_-15043608 reason=already_loaded
08-25 19:23:25.938 25998 25998 D MailRenderTrace: mail=S16_3_2 t=7982291 thread=main layer=WV event=WV_PAGE_STARTED loadKey=-263468103_true_false_-460289_-15131616_-15043608
08-25 19:23:25.939 25998 25998 D MailRenderTrace: mail=S16_3_2 t=7982291 thread=main layer=WV event=WV_PROGRESS loadKey=-263468103_true_false_-460289_-15131616_-15043608 progress=70 milestone=50
08-25 19:23:26.047 25998 25998 D MailRenderTrace: mail=S16_3_2 t=7982399 thread=main layer=WV event=WV_PROGRESS loadKey=-263468103_true_false_-460289_-15131616_-15043608 progress=100 milestone=100
08-25 19:23:26.048 25998 25998 D MailRenderTrace: mail=S16_3_2 t=7982400 thread=main layer=WV event=WV_PAGE_FINISHED loadKey=-263468103_true_false_-460289_-15131616_-15043608
08-25 19:23:26.048 25998 25998 D MailRenderTrace: mail=S16_3_2 t=7982400 thread=main layer=WV event=WV_VISUAL_REQUESTED loadKey=-263468103_true_false_-460289_-15131616_-15043608
08-25 19:23:26.055 25998 25998 D MailRenderTrace: mail=S16_3_2 t=7982407 thread=main layer=WV event=WV_COMMIT_VISIBLE loadKey=-263468103_true_false_-460289_-15131616_-15043608
08-25 19:23:26.055 25998 25998 D MailRenderTrace: mail=S16_3_2 t=7982407 thread=main layer=WV event=WV_VISUAL_CALLBACK loadKey=-263468103_true_false_-460289_-15131616_-15043608 requestId=0
08-25 19:23:26.055 25998 25998 D MailRenderTrace: mail=S16_3_2 t=7982407 thread=main layer=WV event=WV_SCROLL_RESTORE_POSTED loadKey=-263468103_true_false_-460289_-15131616_-15043608 scrollY=0
08-25 19:23:26.056 25998 25998 D MailRenderTrace: mail=S16_3_2 t=7982408 thread=main layer=WV event=WV_SCROLL_RESTORE_APPLIED loadKey=-263468103_true_false_-460289_-15131616_-15043608 scrollY=0
08-25 19:23:26.056 25998 25998 D MailRenderTrace: mail=S16_3_2 t=7982408 thread=main layer=WV event=WV_PAGE_RENDERED_DISPATCH loadKey=-263468103_true_false_-460289_-15131616_-15043608
08-25 19:23:26.601 25998 25998 D MailRenderTrace: mail=S16_3_2 t=7982953 thread=main layer=WV event=WV_DETACHED instance=844483d width=1080 height=2400
08-25 19:23:26.602 25998 25998 D MailRenderTrace: mail=S16_3_2 t=7982954 thread=main layer=WV event=WV_RELEASE loadKey=-263468103_true_false_-460289_-15131616_-15043608 scrollY=0
08-25 19:23:26.603 25998 25998 D MailRenderTrace: mail=S16_3_2 t=7982956 thread=main layer=WV event=WV_LIFECYCLE_OBSERVER_DISPOSE
08-25 19:23:26.604 25998 25998 D MailRenderTrace: mail=S16_3_2 t=7982956 thread=main layer=WV event=WV_COMPOSABLE_DISPOSE loadKey=-263468103_true_false_-460289_-15131616_-15043608
08-25 19:23:27.204 25998 25998 D MailRenderTrace: mail=S16_3_2 t=7983556 thread=main layer=WV event=WV_FACTORY instance=3b97911 loadKey=-263468103_true_false_-460289_-15131616_-15043608
08-25 19:23:27.208 25998 25998 D MailRenderTrace: mail=S16_3_2 t=7983560 thread=main layer=WV event=WV_UPDATE action=wait reason=html_pending:-263468103_true_false_-460289_-15131616_-15043608
08-25 19:23:27.209 25998 25998 D MailRenderTrace: mail=S16_3_2 t=7983561 thread=main layer=WV event=WV_ATTACHED instance=3b97911 width=0 height=0
08-25 19:23:27.213 25998 25998 D MailRenderTrace: mail=S16_3_2 t=7983565 thread=main layer=WV event=WV_COMPOSABLE_ENTER loadKey=-263468103_true_false_-460289_-15131616_-15043608 bodyLen=113
08-25 19:23:27.213 25998 25998 D MailRenderTrace: mail=S16_3_2 t=7983565 thread=main layer=WV event=WV_ON_RESUME hasWebView=true savedScrollY=0
08-25 19:23:27.213 25998 25998 D MailRenderTrace: mail=S16_3_2 t=7983565 thread=main layer=WV event=WV_RESUME_VISUAL_SKIPPED reason=no_active_document
08-25 19:23:27.219 25998 26016 D MailRenderTrace: mail=S16_3_2 t=7983571 thread=DefaultDispatcher-worker-1 layer=WV event=HTML_BUILD_START loadKey=-263468103_true_false_-460289_-15131616_-15043608 bodyLen=113
08-25 19:23:27.222 25998 26016 D MailRenderTrace: mail=S16_3_2 t=7983575 thread=DefaultDispatcher-worker-1 layer=WV event=HTML_BUILD_END loadKey=-263468103_true_false_-460289_-15131616_-15043608 htmlLen=1152 durationMs=4
08-25 19:23:27.259 25998 25998 D MailRenderTrace: mail=S16_3_2 t=7983611 thread=main layer=WV event=HTML_BUILD_READY loadKey=-263468103_true_false_-460289_-15131616_-15043608 htmlLen=1152
08-25 19:23:27.262 25998 25998 D MailRenderTrace: mail=S16_3_2 t=7983614 thread=main layer=WV event=WV_UPDATE action=load previousKey=none loadKey=-263468103_true_false_-460289_-15131616_-15043608 htmlLen=1152
08-25 19:23:27.265 25998 25998 D MailRenderTrace: mail=S16_3_2 t=7983617 thread=main layer=WV event=WV_LOAD_DATA loadKey=-263468103_true_false_-460289_-15131616_-15043608 htmlLen=1152
08-25 19:23:27.294 25998 25998 D MailRenderTrace: mail=S16_3_2 t=7983646 thread=main layer=WV event=WV_PROGRESS loadKey=-263468103_true_false_-460289_-15131616_-15043608 progress=10 milestone=0
08-25 19:23:27.301 25998 25998 D MailRenderTrace: mail=S16_3_2 t=7983653 thread=main layer=WV event=WV_UPDATE action=skip loadKey=-263468103_true_false_-460289_-15131616_-15043608 reason=already_loaded
08-25 19:23:27.475 25998 25998 D MailRenderTrace: mail=S16_3_2 t=7983828 thread=main layer=WV event=WV_PAGE_STARTED loadKey=-263468103_true_false_-460289_-15131616_-15043608
08-25 19:23:27.480 25998 25998 D MailRenderTrace: mail=S16_3_2 t=7983832 thread=main layer=WV event=WV_PROGRESS loadKey=-263468103_true_false_-460289_-15131616_-15043608 progress=70 milestone=50
08-25 19:23:27.578 25998 25998 D MailRenderTrace: mail=S16_3_2 t=7983930 thread=main layer=WV event=WV_PROGRESS loadKey=-263468103_true_false_-460289_-15131616_-15043608 progress=100 milestone=100
08-25 19:23:27.578 25998 25998 D MailRenderTrace: mail=S16_3_2 t=7983931 thread=main layer=WV event=WV_PAGE_FINISHED loadKey=-263468103_true_false_-460289_-15131616_-15043608
08-25 19:23:27.579 25998 25998 D MailRenderTrace: mail=S16_3_2 t=7983931 thread=main layer=WV event=WV_VISUAL_REQUESTED loadKey=-263468103_true_false_-460289_-15131616_-15043608
08-25 19:23:27.583 25998 25998 D MailRenderTrace: mail=S16_3_2 t=7983936 thread=main layer=WV event=WV_COMMIT_VISIBLE loadKey=-263468103_true_false_-460289_-15131616_-15043608
08-25 19:23:27.584 25998 25998 D MailRenderTrace: mail=S16_3_2 t=7983936 thread=main layer=WV event=WV_VISUAL_CALLBACK loadKey=-263468103_true_false_-460289_-15131616_-15043608 requestId=0
08-25 19:23:27.584 25998 25998 D MailRenderTrace: mail=S16_3_2 t=7983936 thread=main layer=WV event=WV_SCROLL_RESTORE_POSTED loadKey=-263468103_true_false_-460289_-15131616_-15043608 scrollY=0
08-25 19:23:27.585 25998 25998 D MailRenderTrace: mail=S16_3_2 t=7983937 thread=main layer=WV event=WV_SCROLL_RESTORE_APPLIED loadKey=-263468103_true_false_-460289_-15131616_-15043608 scrollY=0
08-25 19:23:27.585 25998 25998 D MailRenderTrace: mail=S16_3_2 t=7983937 thread=main layer=WV event=WV_PAGE_RENDERED_DISPATCH loadKey=-263468103_true_false_-460289_-15131616_-15043608
