08-25 22:32:00.571 20625 20625 D MailRenderTrace: mail=S16_3_2 t=61717039 thread=main layer=WV event=WV_FACTORY instance=463f95e loadKey=-263468103_true_false_-460289_-15131616_-15043608
08-25 22:32:00.574 20625 20625 D MailRenderTrace: mail=S16_3_2 t=61717043 thread=main layer=WV event=WV_COMPOSABLE_ENTER loadKey=-263468103_true_false_-460289_-15131616_-15043608 bodyLen=113
08-25 22:32:00.574 20625 20625 D MailRenderTrace: mail=S16_3_2 t=61717043 thread=main layer=WV event=WV_ON_RESUME hasWebView=true savedScrollY=0
08-25 22:32:00.574 20625 20625 D MailRenderTrace: mail=S16_3_2 t=61717043 thread=main layer=WV event=WV_RESUME_VISUAL_SKIPPED reason=no_active_document
08-25 22:32:00.575 20625 20625 D MailRenderTrace: mail=S16_3_2 t=61717043 thread=main layer=WV event=WV_UPDATE action=wait reason=html_pending:-263468103_true_false_-460289_-15131616_-15043608
08-25 22:32:00.575 20625 20625 D MailRenderTrace: mail=S16_3_2 t=61717044 thread=main layer=WV event=WV_ATTACHED instance=463f95e width=0 height=0
08-25 22:32:00.583 20625 20641 D MailRenderTrace: mail=S16_3_2 t=61717052 thread=DefaultDispatcher-worker-1 layer=WV event=HTML_BUILD_START loadKey=-263468103_true_false_-460289_-15131616_-15043608 bodyLen=113
08-25 22:32:00.587 20625 20641 D MailRenderTrace: mail=S16_3_2 t=61717055 thread=DefaultDispatcher-worker-1 layer=WV event=HTML_BUILD_END loadKey=-263468103_true_false_-460289_-15131616_-15043608 htmlLen=1152 durationMs=3
08-25 22:32:00.596 20625 20625 D MailRenderTrace: mail=S16_3_2 t=61717064 thread=main layer=WV event=HTML_BUILD_READY loadKey=-263468103_true_false_-460289_-15131616_-15043608 htmlLen=1152
08-25 22:32:00.596 20625 20625 D MailRenderTrace: mail=S16_3_2 t=61717065 thread=main layer=WV event=WV_UPDATE action=load previousKey=none loadKey=-263468103_true_false_-460289_-15131616_-15043608 htmlLen=1152
08-25 22:32:00.600 20625 20625 D MailRenderTrace: mail=S16_3_2 t=61717069 thread=main layer=WV event=WV_LOAD_DATA loadKey=-263468103_true_false_-460289_-15131616_-15043608 htmlLen=1152
08-25 22:32:00.608 20625 20625 D MailRenderTrace: mail=S16_3_2 t=61717077 thread=main layer=WV event=WV_PROGRESS loadKey=-263468103_true_false_-460289_-15131616_-15043608 progress=10 milestone=0
08-25 22:32:00.609 20625 20625 D MailRenderTrace: mail=S16_3_2 t=61717078 thread=main layer=WV event=WV_UPDATE action=skip loadKey=-263468103_true_false_-460289_-15131616_-15043608 reason=already_loaded
08-25 22:32:00.617 20625 20625 D MailRenderTrace: mail=S16_3_2 t=61717086 thread=main layer=WV event=WV_PAGE_STARTED loadKey=-263468103_true_false_-460289_-15131616_-15043608
08-25 22:32:00.618 20625 20625 D MailRenderTrace: mail=S16_3_2 t=61717087 thread=main layer=WV event=WV_PROGRESS loadKey=-263468103_true_false_-460289_-15131616_-15043608 progress=100 milestone=100
08-25 22:32:00.619 20625 20625 D MailRenderTrace: mail=S16_3_2 t=61717087 thread=main layer=WV event=WV_PAGE_FINISHED loadKey=-263468103_true_false_-460289_-15131616_-15043608
08-25 22:32:00.619 20625 20625 D MailRenderTrace: mail=S16_3_2 t=61717087 thread=main layer=WV event=WV_VISUAL_REQUESTED loadKey=-263468103_true_false_-460289_-15131616_-15043608
08-25 22:32:00.627 20625 20625 D MailRenderTrace: mail=S16_3_2 t=61717096 thread=main layer=WV event=WV_COMMIT_VISIBLE loadKey=-263468103_true_false_-460289_-15131616_-15043608
08-25 22:32:00.627 20625 20625 D MailRenderTrace: mail=S16_3_2 t=61717096 thread=main layer=WV event=WV_VISUAL_CALLBACK loadKey=-263468103_true_false_-460289_-15131616_-15043608 requestId=0
08-25 22:32:00.627 20625 20625 D MailRenderTrace: mail=S16_3_2 t=61717096 thread=main layer=WV event=WV_SCROLL_RESTORE_POSTED loadKey=-263468103_true_false_-460289_-15131616_-15043608 scrollY=0
08-25 22:32:00.628 20625 20625 D MailRenderTrace: mail=S16_3_2 t=61717096 thread=main layer=WV event=WV_SCROLL_RESTORE_APPLIED loadKey=-263468103_true_false_-460289_-15131616_-15043608 scrollY=0
08-25 22:32:00.628 20625 20625 D MailRenderTrace: mail=S16_3_2 t=61717096 thread=main layer=WV event=WV_PAGE_RENDERED_DISPATCH loadKey=-263468103_true_false_-460289_-15131616_-15043608
08-25 22:32:01.228 20625 20625 D MailRenderTrace: mail=S16_3_2 t=61717697 thread=main layer=WV event=WV_DETACHED instance=463f95e width=1080 height=2424
08-25 22:32:01.229 20625 20625 D MailRenderTrace: mail=S16_3_2 t=61717698 thread=main layer=WV event=WV_RELEASE loadKey=-263468103_true_false_-460289_-15131616_-15043608 scrollY=0
08-25 22:32:01.233 20625 20625 D MailRenderTrace: mail=S16_3_2 t=61717701 thread=main layer=WV event=WV_LIFECYCLE_OBSERVER_DISPOSE
08-25 22:32:01.233 20625 20625 D MailRenderTrace: mail=S16_3_2 t=61717702 thread=main layer=WV event=WV_COMPOSABLE_DISPOSE loadKey=-263468103_true_false_-460289_-15131616_-15043608
08-25 22:32:01.681 20625 20625 D MailRenderTrace: mail=S16_3_2 t=61718149 thread=main layer=WV event=WV_FACTORY instance=a9c6edf loadKey=-263468103_true_false_-460289_-15131616_-15043608
08-25 22:32:01.683 20625 20625 D MailRenderTrace: mail=S16_3_2 t=61718151 thread=main layer=WV event=WV_UPDATE action=wait reason=html_pending:-263468103_true_false_-460289_-15131616_-15043608
08-25 22:32:01.683 20625 20625 D MailRenderTrace: mail=S16_3_2 t=61718152 thread=main layer=WV event=WV_ATTACHED instance=a9c6edf width=0 height=0
08-25 22:32:01.684 20625 20625 D MailRenderTrace: mail=S16_3_2 t=61718153 thread=main layer=WV event=WV_COMPOSABLE_ENTER loadKey=-263468103_true_false_-460289_-15131616_-15043608 bodyLen=113
08-25 22:32:01.684 20625 20625 D MailRenderTrace: mail=S16_3_2 t=61718153 thread=main layer=WV event=WV_ON_RESUME hasWebView=true savedScrollY=0
08-25 22:32:01.684 20625 20625 D MailRenderTrace: mail=S16_3_2 t=61718153 thread=main layer=WV event=WV_RESUME_VISUAL_SKIPPED reason=no_active_document
08-25 22:32:01.687 20625 20641 D MailRenderTrace: mail=S16_3_2 t=61718155 thread=DefaultDispatcher-worker-1 layer=WV event=HTML_BUILD_START loadKey=-263468103_true_false_-460289_-15131616_-15043608 bodyLen=113
08-25 22:32:01.691 20625 20641 D MailRenderTrace: mail=S16_3_2 t=61718159 thread=DefaultDispatcher-worker-1 layer=WV event=HTML_BUILD_END loadKey=-263468103_true_false_-460289_-15131616_-15043608 htmlLen=1152 durationMs=4
08-25 22:32:01.710 20625 20625 D MailRenderTrace: mail=S16_3_2 t=61718179 thread=main layer=WV event=HTML_BUILD_READY loadKey=-263468103_true_false_-460289_-15131616_-15043608 htmlLen=1152
08-25 22:32:01.711 20625 20625 D MailRenderTrace: mail=S16_3_2 t=61718179 thread=main layer=WV event=WV_UPDATE action=load previousKey=none loadKey=-263468103_true_false_-460289_-15131616_-15043608 htmlLen=1152
08-25 22:32:01.715 20625 20625 D MailRenderTrace: mail=S16_3_2 t=61718183 thread=main layer=WV event=WV_LOAD_DATA loadKey=-263468103_true_false_-460289_-15131616_-15043608 htmlLen=1152
08-25 22:32:01.726 20625 20625 D MailRenderTrace: mail=S16_3_2 t=61718194 thread=main layer=WV event=WV_PROGRESS loadKey=-263468103_true_false_-460289_-15131616_-15043608 progress=10 milestone=0
08-25 22:32:01.726 20625 20625 D MailRenderTrace: mail=S16_3_2 t=61718195 thread=main layer=WV event=WV_UPDATE action=skip loadKey=-263468103_true_false_-460289_-15131616_-15043608 reason=already_loaded
08-25 22:32:01.734 20625 20625 D MailRenderTrace: mail=S16_3_2 t=61718203 thread=main layer=WV event=WV_PAGE_STARTED loadKey=-263468103_true_false_-460289_-15131616_-15043608
08-25 22:32:01.743 20625 20625 D MailRenderTrace: mail=S16_3_2 t=61718212 thread=main layer=WV event=WV_PROGRESS loadKey=-263468103_true_false_-460289_-15131616_-15043608 progress=100 milestone=100
08-25 22:32:01.743 20625 20625 D MailRenderTrace: mail=S16_3_2 t=61718212 thread=main layer=WV event=WV_PAGE_FINISHED loadKey=-263468103_true_false_-460289_-15131616_-15043608
08-25 22:32:01.743 20625 20625 D MailRenderTrace: mail=S16_3_2 t=61718212 thread=main layer=WV event=WV_VISUAL_REQUESTED loadKey=-263468103_true_false_-460289_-15131616_-15043608
08-25 22:32:01.747 20625 20625 D MailRenderTrace: mail=S16_3_2 t=61718216 thread=main layer=WV event=WV_COMMIT_VISIBLE loadKey=-263468103_true_false_-460289_-15131616_-15043608
08-25 22:32:01.762 20625 20625 D MailRenderTrace: mail=S16_3_2 t=61718231 thread=main layer=WV event=WV_VISUAL_CALLBACK loadKey=-263468103_true_false_-460289_-15131616_-15043608 requestId=0
08-25 22:32:01.763 20625 20625 D MailRenderTrace: mail=S16_3_2 t=61718231 thread=main layer=WV event=WV_SCROLL_RESTORE_POSTED loadKey=-263468103_true_false_-460289_-15131616_-15043608 scrollY=0
08-25 22:32:01.763 20625 20625 D MailRenderTrace: mail=S16_3_2 t=61718232 thread=main layer=WV event=WV_SCROLL_RESTORE_APPLIED loadKey=-263468103_true_false_-460289_-15131616_-15043608 scrollY=0
08-25 22:32:01.763 20625 20625 D MailRenderTrace: mail=S16_3_2 t=61718232 thread=main layer=WV event=WV_PAGE_RENDERED_DISPATCH loadKey=-263468103_true_false_-460289_-15131616_-15043608
